Component: ARM Compiler 5.06 update 7 (build 960) Tool: armlink [4d3601]

==============================================================================

Section Cross References

    startup_stm32f407xx.o(STACK) refers (Special) to heapauxi.o(.text) for __use_two_region_memory
    startup_stm32f407xx.o(HEAP) refers (Special) to heapauxi.o(.text) for __use_two_region_memory
    startup_stm32f407xx.o(RESET) refers (Special) to heapauxi.o(.text) for __use_two_region_memory
    startup_stm32f407xx.o(RESET) refers to startup_stm32f407xx.o(STACK) for __initial_sp
    startup_stm32f407xx.o(RESET) refers to startup_stm32f407xx.o(.text) for Reset_Handler
    startup_stm32f407xx.o(RESET) refers to stm32f4xx_it.o(i.NMI_Handler) for NMI_Handler
    startup_stm32f407xx.o(RESET) refers to stm32f4xx_it.o(i.HardFault_Handler) for HardFault_Handler
    startup_stm32f407xx.o(RESET) refers to stm32f4xx_it.o(i.MemManage_Handler) for MemManage_Handler
    startup_stm32f407xx.o(RESET) refers to stm32f4xx_it.o(i.BusFault_Handler) for BusFault_Handler
    startup_stm32f407xx.o(RESET) refers to stm32f4xx_it.o(i.UsageFault_Handler) for UsageFault_Handler
    startup_stm32f407xx.o(RESET) refers to port.o(.emb_text) for SVC_Handler
    startup_stm32f407xx.o(RESET) refers to stm32f4xx_it.o(i.DebugMon_Handler) for DebugMon_Handler
    startup_stm32f407xx.o(RESET) refers to port.o(i.SysTick_Handler) for SysTick_Handler
    startup_stm32f407xx.o(RESET) refers to stm32f4xx_it.o(i.DMA1_Stream2_IRQHandler) for DMA1_Stream2_IRQHandler
    startup_stm32f407xx.o(RESET) refers to stm32f4xx_it.o(i.DMA1_Stream4_IRQHandler) for DMA1_Stream4_IRQHandler
    startup_stm32f407xx.o(RESET) refers to stm32f4xx_it.o(i.UART4_IRQHandler) for UART4_IRQHandler
    startup_stm32f407xx.o(RESET) refers to stm32f4xx_it.o(i.TIM6_DAC_IRQHandler) for TIM6_DAC_IRQHandler
    startup_stm32f407xx.o(RESET) refers to stm32f4xx_it.o(i.DMA2_Stream0_IRQHandler) for DMA2_Stream0_IRQHandler
    startup_stm32f407xx.o(.text) refers (Special) to heapauxi.o(.text) for __use_two_region_memory
    startup_stm32f407xx.o(.text) refers to system_stm32f4xx.o(i.SystemInit) for SystemInit
    startup_stm32f407xx.o(.text) refers to __main.o(!!!main) for __main
    startup_stm32f407xx.o(.text) refers to startup_stm32f407xx.o(HEAP) for Heap_Mem
    startup_stm32f407xx.o(.text) refers to startup_stm32f407xx.o(STACK) for Stack_Mem
    main.o(i.HAL_TIM_PeriodElapsedCallback) refers to stm32f4xx_hal.o(i.HAL_IncTick) for HAL_IncTick
    main.o(i.SystemClock_Config) refers to rt_memclr_w.o(.text) for __aeabi_memclr4
    main.o(i.SystemClock_Config) refers to stm32f4xx_hal_rcc.o(i.HAL_RCC_OscConfig) for HAL_RCC_OscConfig
    main.o(i.SystemClock_Config) refers to stm32f4xx_hal_rcc.o(i.HAL_RCC_ClockConfig) for HAL_RCC_ClockConfig
    main.o(i.SystemClock_Config) refers to main.o(i.Error_Handler) for Error_Handler
    main.o(i.main) refers to stm32f4xx_hal.o(i.HAL_Init) for HAL_Init
    main.o(i.main) refers to main.o(i.SystemClock_Config) for SystemClock_Config
    main.o(i.main) refers to gpio.o(i.MX_GPIO_Init) for MX_GPIO_Init
    main.o(i.main) refers to dma.o(i.MX_DMA_Init) for MX_DMA_Init
    main.o(i.main) refers to i2c.o(i.MX_I2C1_Init) for MX_I2C1_Init
    main.o(i.main) refers to usart.o(i.MX_UART4_Init) for MX_UART4_Init
    main.o(i.main) refers to rtc.o(i.MX_RTC_Init) for MX_RTC_Init
    main.o(i.main) refers to adc.o(i.MX_ADC1_Init) for MX_ADC1_Init
    main.o(i.main) refers to freertos.o(i.MX_FREERTOS_Init) for MX_FREERTOS_Init
    main.o(i.main) refers to cmsis_os.o(i.osKernelStart) for osKernelStart
    gpio.o(i.MX_GPIO_Init) refers to rt_memclr_w.o(.text) for __aeabi_memclr4
    gpio.o(i.MX_GPIO_Init) refers to stm32f4xx_hal_gpio.o(i.HAL_GPIO_WritePin) for HAL_GPIO_WritePin
    gpio.o(i.MX_GPIO_Init) refers to stm32f4xx_hal_gpio.o(i.HAL_GPIO_Init) for HAL_GPIO_Init
    freertos.o(i.MX_FREERTOS_Init) refers to cmsis_os.o(i.osMutexCreate) for osMutexCreate
    freertos.o(i.MX_FREERTOS_Init) refers to bsp_i2c_mutex.o(i.BSP_I2C1_MutexInit) for BSP_I2C1_MutexInit
    freertos.o(i.MX_FREERTOS_Init) refers to bsp_relay.o(i.BSP_Relay_Init) for BSP_Relay_Init
    freertos.o(i.MX_FREERTOS_Init) refers to sys_state.o(i.SysState_Init) for SysState_Init
    freertos.o(i.MX_FREERTOS_Init) refers to rt_memcpy_w.o(.text) for __aeabi_memcpy4
    freertos.o(i.MX_FREERTOS_Init) refers to cmsis_os.o(i.osThreadCreate) for osThreadCreate
    freertos.o(i.MX_FREERTOS_Init) refers to freertos.o(.data) for .data
    freertos.o(i.MX_FREERTOS_Init) refers to freertos.o(.constdata) for .constdata
    freertos.o(i.StartTask03) refers to task_panel.o(i.Task_Panel_Process) for Task_Panel_Process
    freertos.o(i.StartTask03) refers to cmsis_os.o(i.osDelay) for osDelay
    freertos.o(i.StartTask_ADC) refers to task_adc.o(i.Task_ADC_Process) for Task_ADC_Process
    freertos.o(i.StartTask_ADC) refers to cmsis_os.o(i.osDelay) for osDelay
[...]
    __rt_errno_addr$intlibspace              0x08001159   Thumb Code     0  rt_errno_addr_intlibspace.o(.text)
    _ll_udiv10                               0x08001161   Thumb Code   138  lludiv10.o(.text)
    isspace                                  0x080011eb   Thumb Code    18  isspace.o(.text)
    _printf_fp_infnan                        0x080011fd   Thumb Code   112  _printf_fp_infnan.o(.text)
    __vfscanf                                0x0800127d   Thumb Code   880  _scanf.o(.text)
    _btod_etento                             0x080015f1   Thumb Code   224  bigflt0.o(.text)
    __user_libspace                          0x080016d5   Thumb Code     8  libspace.o(.text)
    __user_perproc_libspace                  0x080016d5   Thumb Code     0  libspace.o(.text)
    __user_perthread_libspace                0x080016d5   Thumb Code     0  libspace.o(.text)
    __user_setup_stackheap                   0x080016dd   Thumb Code    74  sys_stackheap_outer.o(.text)
    __rt_ctype_table                         0x08001729   Thumb Code    16  rt_ctype_table.o(.text)
    exit                                     0x08001739   Thumb Code    18  exit.o(.text)
    strcmp                                   0x0800174d   Thumb Code   128  strcmpv7m.o(.text)
    _sys_exit                                0x080017cd   Thumb Code     8  sys_exit.o(.text)
    __I$use$semihosting                      0x080017d9   Thumb Code     0  use_no_semi.o(.text)
    __use_no_semihosting_swi                 0x080017d9   Thumb Code     2  use_no_semi.o(.text)
    __semihosting_library_function           0x080017db   Thumb Code     0  indicate_semi.o(.text)
    _btod_d2e                                0x080017db   Thumb Code    62  btod.o(CL$$btod_d2e)
    _d2e_denorm_low                          0x08001819   Thumb Code    70  btod.o(CL$$btod_d2e_denorm_low)
    _d2e_norm_op1                            0x0800185f   Thumb Code    96  btod.o(CL$$btod_d2e_norm_op1)
    __btod_div_common                        0x080018bf   Thumb Code   696  btod.o(CL$$btod_div_common)
    _e2e                                     0x08001bf7   Thumb Code   220  btod.o(CL$$btod_e2e)
    _btod_ediv                               0x08001cd3   Thumb Code    42  btod.o(CL$$btod_ediv)
    _btod_emul                               0x08001cfd   Thumb Code    42  btod.o(CL$$btod_emul)
    __btod_mult_common                       0x08001d27   Thumb Code   580  btod.o(CL$$btod_mult_common)
    BSP_EEPROM_Read                          0x08002121   Thumb Code    84  bsp_eeprom.o(i.BSP_EEPROM_Read)
    BSP_EEPROM_Write                         0x08002179   Thumb Code    92  bsp_eeprom.o(i.BSP_EEPROM_Write)
    BSP_I2C1_Lock                            0x080021d9   Thumb Code    18  bsp_i2c_mutex.o(i.BSP_I2C1_Lock)
    BSP_I2C1_MutexInit                       0x080021f1   Thumb Code    20  bsp_i2c_mutex.o(i.BSP_I2C1_MutexInit)
    BSP_I2C1_Unlock                          0x08002209   Thumb Code    20  bsp_i2c_mutex.o(i.BSP_I2C1_Unlock)
    BSP_LED0_Toggle                          0x08002221   Thumb Code     8  bsp_led.o(i.BSP_LED0_Toggle)
    BSP_LED1_Toggle                          0x0800222d   Thumb Code    10  bsp_led.o(i.BSP_LED1_Toggle)
    BSP_Log_Add                              0x0800223d   Thumb Code    54  bsp_eeprom.o(i.BSP_Log_Add)
    BSP_Log_Get_Current_Index                0x08002279   Thumb Code     6  bsp_eeprom.o(i.BSP_Log_Get_Current_Index)
    BSP_Log_Init                             0x08002285   Thumb Code    40  bsp_eeprom.o(i.BSP_Log_Init)
    BSP_Log_Read_By_Index                    0x080022b1   Thumb Code    22  bsp_eeprom.o(i.BSP_Log_Read_By_Index)
    BSP_RS485_Init                           0x080022c9   Thumb Code    12  bsp_rs485.o(i.BSP_RS485_Init)
    BSP_RS485_SendString                     0x080022d9   Thumb Code    52  bsp_rs485.o(i.BSP_RS485_SendString)
    BSP_Relay_AllOff                         0x08002315   Thumb Code    18  bsp_relay.o(i.BSP_Relay_AllOff)
    BSP_Relay_GetState                       0x08002329   Thumb Code    36  bsp_relay.o(i.BSP_Relay_GetState)
    BSP_Relay_Init                           0x08002351   Thumb Code   118  bsp_relay.o(i.BSP_Relay_Init)
    BSP_Relay_Name                           0x080023d9   Thumb Code    22  bsp_relay.o(i.BSP_Relay_Name)
    BSP_Relay_Off                            0x080023f9   Thumb Code    28  bsp_relay.o(i.BSP_Relay_Off)
    BSP_Relay_On                             0x08002419   Thumb Code    28  bsp_relay.o(i.BSP_Relay_On)
    BSP_SHT30_CRC                            0x08002439   Thumb Code    50  bsp_sht30.o(i.BSP_SHT30_CRC)
    BSP_SHT30_Init                           0x0800246b   Thumb Code    24  bsp_sht30.o(i.BSP_SHT30_Init)
    BSP_SHT30_Read                           0x08002485   Thumb Code   214  bsp_sht30.o(i.BSP_SHT30_Read)
    BSP_SHT30_SoftReset                      0x0800257d   Thumb Code    50  bsp_sht30.o(i.BSP_SHT30_SoftReset)
    BusFault_Handler                         0x080025b9   Thumb Code     2  stm32f4xx_it.o(i.BusFault_Handler)
    DMA1_Stream2_IRQHandler                  0x080025bd   Thumb Code     6  stm32f4xx_it.o(i.DMA1_Stream2_IRQHandler)
    DMA1_Stream4_IRQHandler                  0x080025c9   Thumb Code     6  stm32f4xx_it.o(i.DMA1_Stream4_IRQHandler)
    DMA2_Stream0_IRQHandler                  0x080025d5   Thumb Code     6  stm32f4xx_it.o(i.DMA2_Stream0_IRQHandler)
    DebugMon_Handler                         0x08002685   Thumb Code     2  stm32f4xx_it.o(i.DebugMon_Handler)
    Error_Handler                            0x08002689   Thumb Code    28  main.o(i.Error_Handler)
    HAL_ADC_ConfigChannel                    0x080026ad   Thumb Code   316  stm32f4xx_hal_adc.o(i.HAL_ADC_ConfigChannel)
    HAL_ADC_ConvCpltCallback                 0x080027f9   Thumb Code     2  stm32f4xx_hal_adc.o(i.HAL_ADC_ConvCpltCallback)
    HAL_ADC_ConvHalfCpltCallback             0x080027fb   Thumb Code     2  stm32f4xx_hal_adc.o(i.HAL_ADC_ConvHalfCpltCallback)
    HAL_ADC_ErrorCallback                    0x080027fd   Thumb Code     2  stm32f4xx_hal_adc.o(i.HAL_ADC_ErrorCallback)
    HAL_ADC_Init                             0x080027ff   Thumb Code    84  stm32f4xx_hal_adc.o(i.HAL_ADC_Init)
    HAL_ADC_MspInit                          0x08002855   Thumb Code   160  adc.o(i.HAL_ADC_MspInit)
    HAL_ADC_Start_DMA                        0x0800290d   Thumb Code   302  stm32f4xx_hal_adc.o(i.HAL_ADC_Start_DMA)
    HAL_DMA_Abort                            0x08002a61   Thumb Code   146  stm32f4xx_hal_dma.o(i.HAL_DMA_Abort)
    HAL_DMA_Abort_IT                         0x08002af3   Thumb Code    36  stm32f4xx_hal_dma.o(i.HAL_DMA_Abort_IT)
    HAL_DMA_IRQHandler                       0x08002b19   Thumb Code   412  stm32f4xx_hal_dma.o(i.HAL_DMA_IRQHandler)
    HAL_DMA_Init                             0x08002cb9   Thumb Code   206  stm32f4xx_hal_dma.o(i.HAL_DMA_Init)
    HAL_DMA_Start_IT                         0x08002d8d   Thumb Code   110  stm32f4xx_hal_dma.o(i.HAL_DMA_Start_IT)
    HAL_GPIO_Init                            0x08002dfd   Thumb Code   450  stm32f4xx_hal_gpio.o(i.HAL_GPIO_Init)
    HAL_GPIO_ReadPin                         0x08002fed   Thumb Code    10  stm32f4xx_hal_gpio.o(i.HAL_GPIO_ReadPin)
    HAL_GPIO_TogglePin                       0x08002ff7   Thumb Code    16  stm32f4xx_hal_gpio.o(i.HAL_GPIO_TogglePin)
    HAL_GPIO_WritePin                        0x08003007   Thumb Code    10  stm32f4xx_hal_gpio.o(i.HAL_GPIO_WritePin)
    HAL_GetTick                              0x08003011   Thumb Code     6  stm32f4xx_hal.o(i.HAL_GetTick)
    HAL_I2C_Init                             0x0800301d   Thumb Code   376  stm32f4xx_hal_i2c.o(i.HAL_I2C_Init)
    HAL_I2C_Master_Receive                   0x080031a5   Thumb Code   468  stm32f4xx_hal_i2c.o(i.HAL_I2C_Master_Receive)
    HAL_I2C_Master_Transmit                  0x08003385   Thumb Code   290  stm32f4xx_hal_i2c.o(i.HAL_I2C_Master_Transmit)
    HAL_I2C_Mem_Read                         0x080034b1   Thumb Code   490  stm32f4xx_hal_i2c.o(i.HAL_I2C_Mem_Read)
    HAL_I2C_Mem_Write                        0x080036a9   Thumb Code   294  stm32f4xx_hal_i2c.o(i.HAL_I2C_Mem_Write)
    HAL_I2C_MspInit                          0x080037d9   Thumb Code    94  i2c.o(i.HAL_I2C_MspInit)
    HAL_IncTick                              0x08003845   Thumb Code    12  stm32f4xx_hal.o(i.HAL_IncTick)
    HAL_Init                                 0x08003855   Thumb Code    48  stm32f4xx_hal.o(i.HAL_Init)
    HAL_InitTick                             0x08003889   Thumb Code   100  stm32f4xx_hal_timebase_tim.o(i.HAL_InitTick)
    HAL_MspInit                              0x080038fd   Thumb Code    52  stm32f4xx_hal_msp.o(i.HAL_MspInit)
    HAL_NVIC_EnableIRQ                       0x08003935   Thumb Code    26  stm32f4xx_hal_cortex.o(i.HAL_NVIC_EnableIRQ)
    HAL_NVIC_SetPriority                     0x08003951   Thumb Code    60  stm32f4xx_hal_cortex.o(i.HAL_NVIC_SetPriority)
    HAL_NVIC_SetPriorityGrouping             0x08003991   Thumb Code    26  stm32f4xx_hal_cortex.o(i.HAL_NVIC_SetPriorityGrouping)
    HAL_RCCEx_PeriphCLKConfig                0x080039b5   Thumb Code   296  stm32f4xx_hal_rcc_ex.o(i.HAL_RCCEx_PeriphCLKConfig)
    HAL_RCC_ClockConfig                      0x08003af1   Thumb Code   288  stm32f4xx_hal_rcc.o(i.HAL_RCC_ClockConfig)
    HAL_RCC_GetClockConfig                   0x08003c25   Thumb Code    54  stm32f4xx_hal_rcc.o(i.HAL_RCC_GetClockConfig)
    HAL_RCC_GetPCLK1Freq                     0x08003c65   Thumb Code    20  stm32f4xx_hal_rcc.o(i.HAL_RCC_GetPCLK1Freq)
    HAL_RCC_GetPCLK2Freq                     0x08003c85   Thumb Code    20  stm32f4xx_hal_rcc.o(i.HAL_RCC_GetPCLK2Freq)
    HAL_RCC_GetSysClockFreq                  0x08003ca5   Thumb Code    88  stm32f4xx_hal_rcc.o(i.HAL_RCC_GetSysClockFreq)
    HAL_RCC_OscConfig                        0x08003d05   Thumb Code   856  stm32f4xx_hal_rcc.o(i.HAL_RCC_OscConfig)
    HAL_RTCEx_BKUPRead                       0x08004071   Thumb Code    10  stm32f4xx_hal_rtc_ex.o(i.HAL_RTCEx_BKUPRead)
    HAL_RTCEx_BKUPWrite                      0x0800407b   Thumb Code    10  stm32f4xx_hal_rtc_ex.o(i.HAL_RTCEx_BKUPWrite)
    HAL_RTC_GetDate                          0x08004085   Thumb Code    62  stm32f4xx_hal_rtc.o(i.HAL_RTC_GetDate)
    HAL_RTC_GetTime                          0x080040c9   Thumb Code    82  stm32f4xx_hal_rtc.o(i.HAL_RTC_GetTime)
    HAL_RTC_Init                             0x08004121   Thumb Code   166  stm32f4xx_hal_rtc.o(i.HAL_RTC_Init)
    HAL_RTC_MspInit                          0x080041cd   Thumb Code    48  rtc.o(i.HAL_RTC_MspInit)
    HAL_RTC_SetDate                          0x08004205   Thumb Code   194  stm32f4xx_hal_rtc.o(i.HAL_RTC_SetDate)
    HAL_RTC_SetTime                          0x080042cd   Thumb Code   230  stm32f4xx_hal_rtc.o(i.HAL_RTC_SetTime)
    HAL_RTC_WaitForSynchro                   0x080043b9   Thumb Code    54  stm32f4xx_hal_rtc.o(i.HAL_RTC_WaitForSynchro)
    HAL_TIMEx_BreakCallback                  0x080043ef   Thumb Code     2  stm32f4xx_hal_tim_ex.o(i.HAL_TIMEx_BreakCallback)
    HAL_TIMEx_CommutCallback                 0x080043f1   Thumb Code     2  stm32f4xx_hal_tim_ex.o(i.HAL_TIMEx_CommutCallback)
    HAL_TIM_Base_Init                        0x080043f3   Thumb Code    90  stm32f4xx_hal_tim.o(i.HAL_TIM_Base_Init)
    HAL_TIM_Base_MspInit                     0x0800444d   Thumb Code     2  stm32f4xx_hal_tim.o(i.HAL_TIM_Base_MspInit)
    HAL_TIM_Base_Start_IT                    0x08004451   Thumb Code   100  stm32f4xx_hal_tim.o(i.HAL_TIM_Base_Start_IT)
    HAL_TIM_IC_CaptureCallback               0x080044d1   Thumb Code     2  stm32f4xx_hal_tim.o(i.HAL_TIM_IC_CaptureCallback)
    HAL_TIM_IRQHandler                       0x080044d3   Thumb Code   358  stm32f4xx_hal_tim.o(i.HAL_TIM_IRQHandler)
    HAL_TIM_OC_DelayElapsedCallback          0x08004639   Thumb Code     2  stm32f4xx_hal_tim.o(i.HAL_TIM_OC_DelayElapsedCallback)
    HAL_TIM_PWM_PulseFinishedCallback        0x0800463b   Thumb Code     2  stm32f4xx_hal_tim.o(i.HAL_TIM_PWM_PulseFinishedCallback)
    HAL_TIM_PeriodElapsedCallback            0x0800463d   Thumb Code    14  main.o(i.HAL_TIM_PeriodElapsedCallback)
    HAL_TIM_TriggerCallback                  0x08004651   Thumb Code     2  stm32f4xx_hal_tim.o(i.HAL_TIM_TriggerCallback)
    HAL_UARTEx_RxEventCallback               0x08004653   Thumb Code     2  stm32f4xx_hal_uart.o(i.HAL_UARTEx_RxEventCallback)
    HAL_UART_ErrorCallback                   0x08004655   Thumb Code     2  stm32f4xx_hal_uart.o(i.HAL_UART_ErrorCallback)
    HAL_UART_IRQHandler                      0x08004659   Thumb Code   610  stm32f4xx_hal_uart.o(i.HAL_UART_IRQHandler)
    HAL_UART_Init                            0x080048c1   Thumb Code    98  stm32f4xx_hal_uart.o(i.HAL_UART_Init)
    HAL_UART_MspInit                         0x08004925   Thumb Code   208  usart.o(i.HAL_UART_MspInit)
    HAL_UART_Receive_IT                      0x08004a09   Thumb Code    42  stm32f4xx_hal_uart.o(i.HAL_UART_Receive_IT)
    HAL_UART_RxCpltCallback                  0x08004a35   Thumb Code    58  task_rs485_log.o(i.HAL_UART_RxCpltCallback)
    HAL_UART_Transmit                        0x08004a81   Thumb Code   178  stm32f4xx_hal_uart.o(i.HAL_UART_Transmit)
    HAL_UART_TxCpltCallback                  0x08004b33   Thumb Code     2  stm32f4xx_hal_uart.o(i.HAL_UART_TxCpltCallback)
    HTC2K_Init                               0x08004b35   Thumb Code    80  bsp_htc_2k.o(i.HTC2K_Init)
    HTC2K_Init1                              0x08004b8d   Thumb Code    80  bsp_htc_2k.o(i.HTC2K_Init1)
    HTC2K_ReadKeys                           0x08004be5   Thumb Code   100  bsp_htc_2k.o(i.HTC2K_ReadKeys)
    HTC2K_ReadKeys1                          0x08004c4d   Thumb Code   100  bsp_htc_2k.o(i.HTC2K_ReadKeys1)
    HTC2K_ShowTemp                           0x08004cb5   Thumb Code   128  bsp_htc_2k.o(i.HTC2K_ShowTemp)
    HTC2K_ShowTemp1                          0x08004d39   Thumb Code   128  bsp_htc_2k.o(i.HTC2K_ShowTemp1)
    HardFault_Handler                        0x08004dbd   Thumb Code     2  stm32f4xx_it.o(i.HardFault_Handler)
    MX_ADC1_Init                             0x08005315   Thumb Code   216  adc.o(i.MX_ADC1_Init)
    MX_DMA_Init                              0x080053f9   Thumb Code    88  dma.o(i.MX_DMA_Init)
    MX_FREERTOS_Init                         0x08005455   Thumb Code   144  freertos.o(i.MX_FREERTOS_Init)
    MX_GPIO_Init                             0x080054ed   Thumb Code   186  gpio.o(i.MX_GPIO_Init)
    MX_I2C1_Init                             0x080055b5   Thumb Code    50  i2c.o(i.MX_I2C1_Init)
    MX_RTC_Init                              0x080055f5   Thumb Code   154  rtc.o(i.MX_RTC_Init)
    MX_UART4_Init                            0x08005699   Thumb Code    48  usart.o(i.MX_UART4_Init)
    MemManage_Handler                        0x080056d1   Thumb Code     2  stm32f4xx_it.o(i.MemManage_Handler)
    NMI_Handler                              0x080056d3   Thumb Code     2  stm32f4xx_it.o(i.NMI_Handler)
    RTC_Bcd2ToByte                           0x080056d5   Thumb Code    18  stm32f4xx_hal_rtc.o(i.RTC_Bcd2ToByte)
    RTC_ByteToBcd2                           0x080056e7   Thumb Code    22  stm32f4xx_hal_rtc.o(i.RTC_ByteToBcd2)
    RTC_EnterInitMode                        0x080056fd   Thumb Code    58  stm32f4xx_hal_rtc.o(i.RTC_EnterInitMode)
    StartTask03                              0x08005737   Thumb Code    12  freertos.o(i.StartTask03)
    StartTask_ADC                            0x08005743   Thumb Code    12  freertos.o(i.StartTask_ADC)
    StartTask_LED                            0x0800574f   Thumb Code    12  freertos.o(i.StartTask_LED)
    StartTask_RS485                          0x0800575b   Thumb Code    12  freertos.o(i.StartTask_RS485)
    StartTask_SHT30                          0x08005767   Thumb Code    12  freertos.o(i.StartTask_SHT30)
    SysState_GetRawPtr                       0x08005775   Thumb Code     4  sys_state.o(i.SysState_GetRawPtr)
    SysState_GetSensor                       0x0800577d   Thumb Code    56  sys_state.o(i.SysState_GetSensor)
    SysState_Init                            0x080057bd   Thumb Code    52  sys_state.o(i.SysState_Init)
    SysState_Lock                            0x080057f9   Thumb Code    18  sys_state.o(i.SysState_Lock)
    SysState_Unlock                          0x08005811   Thumb Code    20  sys_state.o(i.SysState_Unlock)
    SysTick_Handler                          0x08005829   Thumb Code    38  port.o(i.SysTick_Handler)
    SystemClock_Config                       0x08005855   Thumb Code   138  main.o(i.SystemClock_Config)
    SystemInit                               0x080058e9   Thumb Code    12  system_stm32f4xx.o(i.SystemInit)
    System_Record_Fault                      0x080058f9   Thumb Code   140  task_rs485_log.o(i.System_Record_Fault)
    TIM6_DAC_IRQHandler                      0x0800598d   Thumb Code     6  stm32f4xx_it.o(i.TIM6_DAC_IRQHandler)
    TIM_Base_SetConfig                       0x08005999   Thumb Code   156  stm32f4xx_hal_tim.o(i.TIM_Base_SetConfig)
    Task_ADC_Process                         0x08005ca5   Thumb Code   330  task_adc.o(i.Task_ADC_Process)
    Task_LED_Process                         0x08005e09   Thumb Code    44  task_led.o(i.Task_LED_Process)
    Task_Panel_Process                       0x08005e35   Thumb Code   506  task_panel.o(i.Task_Panel_Process)
    Task_RS485Log_Process                    0x08006051   Thumb Code  2188  task_rs485_log.o(i.Task_RS485Log_Process)
    Task_SHT30_Process                       0x080069b9   Thumb Code    94  task_sht30.o(i.Task_SHT30_Process)
    UART4_IRQHandler                         0x08006abd   Thumb Code     6  stm32f4xx_it.o(i.UART4_IRQHandler)
    UART_Start_Receive_IT                    0x08006cf5   Thumb Code    54  stm32f4xx_hal_uart.o(i.UART_Start_Receive_IT)
    UsageFault_Handler                       0x08006da3   Thumb Code     2  stm32f4xx_it.o(i.UsageFault_Handler)
    __ARM_fpclassify                         0x08006da5   Thumb Code    48  fpclassify.o(i.__ARM_fpclassify)
    __hardfp_log                             0x08006df9   Thumb Code   872  log.o(i.__hardfp_log)
    __kernel_poly                            0x080071bd   Thumb Code   248  poly.o(i.__kernel_poly)
    __mathlib_dbl_divzero                    0x080072b9   Thumb Code    28  dunder.o(i.__mathlib_dbl_divzero)
    __mathlib_dbl_infnan                     0x080072e9   Thumb Code    20  dunder.o(i.__mathlib_dbl_infnan)
    __mathlib_dbl_invalid                    0x08007301   Thumb Code    24  dunder.o(i.__mathlib_dbl_invalid)
    _is_digit                                0x08007321   Thumb Code    14  __printf_wp.o(i._is_digit)
    adc_to_temperature_10k                   0x080073a1   Thumb Code   180  task_adc.o(i.adc_to_temperature_10k)
    adc_to_temperature_50k                   0x0800747d   Thumb Code   180  task_adc.o(i.adc_to_temperature_50k)
    main                                     0x080075e5   Thumb Code    42  main.o(i.main)
    osDelay                                  0x0800761b   Thumb Code    14  cmsis_os.o(i.osDelay)
    osKernelStart                            0x08007629   Thumb Code    10  cmsis_os.o(i.osKernelStart)
    osMutexCreate                            0x08007633   Thumb Code    16  cmsis_os.o(i.osMutexCreate)
    osMutexRelease                           0x08007645   Thumb Code    74  cmsis_os.o(i.osMutexRelease)
    osMutexWait                              0x08007695   Thumb Code    96  cmsis_os.o(i.osMutexWait)
    osThreadCreate                           0x080076f9   Thumb Code    84  cmsis_os.o(i.osThreadCreate)
    pvPortMalloc                             0x08007be1   Thumb Code   216  heap_4.o(i.pvPortMalloc)
    pvTaskIncrementMutexHeldCount            0x08007cbd   Thumb Code    18  tasks.o(i.pvTaskIncrementMutexHeldCount)
    pxPortInitialiseStack                    0x08007cd5   Thumb Code    40  port.o(i.pxPortInitialiseStack)
    uxListRemove                             0x08007d01   Thumb Code    38  list.o(i.uxListRemove)
    vApplicationGetIdleTaskMemory            0x08007d29   Thumb Code    16  freertos.o(i.vApplicationGetIdleTaskMemory)
    vListInitialise                          0x08007d3d   Thumb Code    22  list.o(i.vListInitialise)
    vListInitialiseItem                      0x08007d53   Thumb Code     6  list.o(i.vListInitialiseItem)
    vListInsert                              0x08007d59   Thumb Code    48  list.o(i.vListInsert)
    vListInsertEnd                           0x08007d89   Thumb Code    24  list.o(i.vListInsertEnd)
    vPortEnterCritical                       0x08007da1   Thumb Code    54  port.o(i.vPortEnterCritical)
    vPortExitCritical                        0x08007de1   Thumb Code    34  port.o(i.vPortExitCritical)
    vPortFree                                0x08007e09   Thumb Code    94  heap_4.o(i.vPortFree)
    vPortSetupTimerInterrupt                 0x08007e6d   Thumb Code    32  port.o(i.vPortSetupTimerInterrupt)
    vPortValidateInterruptPriority           0x08007e91   Thumb Code    74  port.o(i.vPortValidateInterruptPriority)
    vTaskDelay                               0x08007ee5   Thumb Code    66  tasks.o(i.vTaskDelay)
    vTaskInternalSetTimeOutState             0x08007f31   Thumb Code    12  tasks.o(i.vTaskInternalSetTimeOutState)
    vTaskMissedYield                         0x08007f41   Thumb Code     8  tasks.o(i.vTaskMissedYield)
    vTaskPlaceOnEventList                    0x08007f4d   Thumb Code    44  tasks.o(i.vTaskPlaceOnEventList)
    vTaskPriorityDisinheritAfterTimeout      0x08007f7d   Thumb Code   152  tasks.o(i.vTaskPriorityDisinheritAfterTimeout)
    vTaskRemoveFromUnorderedEventList        0x0800801d   Thumb Code   104  tasks.o(i.vTaskRemoveFromUnorderedEventList)
    vTaskStartScheduler                      0x0800808d   Thumb Code    90  tasks.o(i.vTaskStartScheduler)
    vTaskSuspendAll                          0x080080f9   Thumb Code    10  tasks.o(i.vTaskSuspendAll)
    vTaskSwitchContext                       0x08008109   Thumb Code    82  tasks.o(i.vTaskSwitchContext)
    xEventGroupClearBits                     0x08008165   Thumb Code    64  event_groups.o(i.xEventGroupClearBits)
    xEventGroupCreate                        0x080081a5   Thumb Code    28  event_groups.o(i.xEventGroupCreate)
    xEventGroupSetBits                       0x080081c1   Thumb Code   140  event_groups.o(i.xEventGroupSetBits)
    xPortStartScheduler                      0x0800824d   Thumb Code   222  port.o(i.xPortStartScheduler)
    xQueueCreateMutex                        0x08008341   Thumb Code    22  queue.o(i.xQueueCreateMutex)
    xQueueCreateMutexStatic                  0x08008357   Thumb Code    26  queue.o(i.xQueueCreateMutexStatic)
    xQueueGenericCreate                      0x08008371   Thumb Code    66  queue.o(i.xQueueGenericCreate)
    xQueueGenericCreateStatic                0x080083b3   Thumb Code   102  queue.o(i.xQueueGenericCreateStatic)
    xQueueGenericReset                       0x08008419   Thumb Code   132  queue.o(i.xQueueGenericReset)
    xQueueGenericSend                        0x080084a1   Thumb Code   346  queue.o(i.xQueueGenericSend)
    xQueueGiveFromISR                        0x08008601   Thumb Code   156  queue.o(i.xQueueGiveFromISR)
    xQueueReceiveFromISR                     0x0800869d   Thumb Code   154  queue.o(i.xQueueReceiveFromISR)
    xQueueSemaphoreTake                      0x08008739   Thumb Code   372  queue.o(i.xQueueSemaphoreTake)
    xTaskCheckForTimeOut                     0x080088b1   Thumb Code   112  tasks.o(i.xTaskCheckForTimeOut)
    xTaskCreate                              0x08008925   Thumb Code    90  tasks.o(i.xTaskCreate)
    xTaskCreateStatic                        0x0800897f   Thumb Code    86  tasks.o(i.xTaskCreateStatic)
    xTaskGetSchedulerState                   0x080089d5   Thumb Code    22  tasks.o(i.xTaskGetSchedulerState)
    xTaskGetTickCount                        0x080089f1   Thumb Code     6  tasks.o(i.xTaskGetTickCount)
    xTaskIncrementTick                       0x080089fd   Thumb Code   194  tasks.o(i.xTaskIncrementTick)
    xTaskPriorityDisinherit                  0x08008ac9   Thumb Code   144  tasks.o(i.xTaskPriorityDisinherit)
    xTaskPriorityInherit                     0x08008b61   Thumb Code   130  tasks.o(i.xTaskPriorityInherit)
    xTaskRemoveFromEventList                 0x08008bed   Thumb Code   108  tasks.o(i.xTaskRemoveFromEventList)
    xTaskResumeAll                           0x08008c61   Thumb Code   182  tasks.o(i.xTaskResumeAll)
    _get_lc_numeric                          0x08008d25   Thumb Code    44  lc_numeric_c.o(locale$$code)
    _get_lc_ctype                            0x08008d51   Thumb Code    44  lc_ctype_c.o(locale$$code)
    __aeabi_dneg                             0x08008d7d   Thumb Code     0  basic.o(x$fpl$basic)
    _dneg                                    0x08008d7d   Thumb Code     6  basic.o(x$fpl$basic)
    __aeabi_fneg                             0x08008d83   Thumb Code     0  basic.o(x$fpl$basic)
    _fneg                                    0x08008d83   Thumb Code     6  basic.o(x$fpl$basic)
    _dabs                                    0x08008d89   Thumb Code     6  basic.o(x$fpl$basic)
    _fabs                                    0x08008d8f   Thumb Code     6  basic.o(x$fpl$basic)
    __aeabi_d2f                              0x08008d95   Thumb Code     0  d2f.o(x$fpl$d2f)
    _d2f                                     0x08008d95   Thumb Code    98  d2f.o(x$fpl$d2f)
    __aeabi_dadd                             0x08008df9   Thumb Code     0  daddsub_clz.o(x$fpl$dadd)
    _dadd                                    0x08008df9   Thumb Code   332  daddsub_clz.o(x$fpl$dadd)
    __fpl_dcmp_Inf                           0x08008f49   Thumb Code    24  dcmpi.o(x$fpl$dcmpinf)
    __aeabi_ddiv                             0x08008f61   Thumb Code     0  ddiv.o(x$fpl$ddiv)
    _ddiv                                    0x08008f61   Thumb Code   552  ddiv.o(x$fpl$ddiv)
    __aeabi_cdcmpeq                          0x08009211   Thumb Code     0  deqf.o(x$fpl$deqf)
    _dcmpeq                                  0x08009211   Thumb Code   120  deqf.o(x$fpl$deqf)
    __aeabi_i2d                              0x08009289   Thumb Code     0  dflt_clz.o(x$fpl$dflt)
    _dflt                                    0x08009289   Thumb Code    46  dflt_clz.o(x$fpl$dflt)
    __aeabi_dmul                             0x080092b9   Thumb Code     0  dmul.o(x$fpl$dmul)
    _dmul                                    0x080092b9   Thumb Code   332  dmul.o(x$fpl$dmul)
    __fpl_dnaninf                            0x0800940d   Thumb Code   156  dnaninf.o(x$fpl$dnaninf)
    __fpl_dretinf                            0x080094a9   Thumb Code    12  dretinf.o(x$fpl$dretinf)
    __aeabi_drsub                            0x080094b5   Thumb Code     0  daddsub_clz.o(x$fpl$drsb)
    _drsb                                    0x080094b5   Thumb Code    22  daddsub_clz.o(x$fpl$drsb)
    __aeabi_dsub                             0x080094cd   Thumb Code     0  daddsub_clz.o(x$fpl$dsub)
    _dsub                                    0x080094cd   Thumb Code   464  daddsub_clz.o(x$fpl$dsub)
    __aeabi_f2d                              0x080096a1   Thumb Code     0  f2d.o(x$fpl$f2d)
    _f2d                                     0x080096a1   Thumb Code    86  f2d.o(x$fpl$f2d)
    __fpl_fnaninf                            0x080096f7   Thumb Code   140  fnaninf.o(x$fpl$fnaninf)
    _fp_init                                 0x08009783   Thumb Code    10  fpinit.o(x$fpl$fpinit)
    __fplib_config_fpu_vfp                   0x0800978b   Thumb Code     0  fpinit.o(x$fpl$fpinit)
    __fplib_config_pureend_doubles           0x0800978b   Thumb Code     0  fpinit.o(x$fpl$fpinit)
    __fpl_fretinf                            0x0800978d   Thumb Code    10  fretinf.o(x$fpl$fretinf)
    _printf_fp_dec                           0x08009797   Thumb Code     4  printf1.o(x$fpl$printf1)
    __I$use$fp                               0x0800979a   Number         0  usenofp.o(x$fpl$usenofp)
    AHBPrescTable                            0x08009830   Data          16  system_stm32f4xx.o(.constdata)
    APBPrescTable                            0x08009840   Data           8  system_stm32f4xx.o(.constdata)
    SmgTab                                   0x08009848   Data          25  bsp_htc_2k.o(.constdata)
    __mathlib_zero                           0x08009920   Data           8  qnan.o(.constdata)
    Region$$Table$$Base                      0x08009a78   Number         0  anon$$obj.o(Region$$Table)
    Region$$Table$$Limit                     0x08009a98   Number         0  anon$$obj.o(Region$$Table)
    __ctype                                  0x08009ac1   Data           0  lc_ctype_c.o(locale$$data)
    Task_LEDHandle                           0x20000000   Data           4  freertos.o(.data)
    Task_RS485Handle                         0x20000004   Data           4  freertos.o(.data)
    TaskPanelHandle                          0x20000008   Data           4  freertos.o(.data)
    Task_ADCHandle                           0x2000000c   Data           4  freertos.o(.data)
    Task_SHT30Handle                         0x20000010   Data           4  freertos.o(.data)
    EEPROM_MutexHandle                       0x20000014   Data           4  freertos.o(.data)
    uwTickFreq                               0x20000018   Data           1  stm32f4xx_hal.o(.data)
    uwTickPrio                               0x2000001c   Data           4  stm32f4xx_hal.o(.data)
    uwTick                                   0x20000020   Data           4  stm32f4xx_hal.o(.data)
    SystemCoreClock                          0x20000024   Data           4  system_stm32f4xx.o(.data)
    pxCurrentTCB                             0x20000028   Data           4  tasks.o(.data)
    g_panel_mode                             0x20000090   Data           1  task_panel.o(.data)
    g_light_on                               0x20000091   Data           1  task_panel.o(.data)
    g_system_on                              0x20000092   Data           1  task_panel.o(.data)
    g_set_temp                               0x20000094   Data           4  task_panel.o(.data)
    rx_complete                              0x2000009d   Data           1  task_rs485_log.o(.data)
    rx_byte                                  0x2000009e   Data           1  task_rs485_log.o(.data)
    rx_index                                 0x200000a0   Data           2  task_rs485_log.o(.data)
    g_temp_inui4_10k                         0x200000a4   Data           4  task_adc.o(.data)
    g_temp_inui5_50k                         0x200000a8   Data           4  task_adc.o(.data)
    g_temp_inui0_10k                         0x200000ac   Data           4  task_adc.o(.data)
    g_temp_inui1_10k                         0x200000b0   Data           4  task_adc.o(.data)
    g_temp_inui6_50k                         0x200000b4   Data           4  task_adc.o(.data)
    g_pres_low                               0x200000b8   Data           4  task_adc.o(.data)
    g_pres_high                              0x200000bc   Data           4  task_adc.o(.data)
    g_IconSet                                0x200000c0   Data           1  bsp_htc_2k.o(.data)
    g_IconSet1                               0x200000c1   Data           1  bsp_htc_2k.o(.data)
    SysEventGroup                            0x200000c8   Data           4  sys_state.o(.data)
    SysTimerEventGroup                       0x200000cc   Data           4  sys_state.o(.data)
    SensorDataMutex                          0x200000d0   Data           4  sys_state.o(.data)
    g_AlarmFlags                             0x200000d4   Data           4  sys_state.o(.data)
    hadc1                                    0x2000032c   Data          72  adc.o(.bss)
    hdma_adc1                                0x20000374   Data          96  adc.o(.bss)
    hi2c1                                    0x200003d4   Data          84  i2c.o(.bss)
    hrtc                                     0x20000428   Data          32  rtc.o(.bss)
    huart4                                   0x20000448   Data          68  usart.o(.bss)
    hdma_uart4_rx                            0x2000048c   Data          96  usart.o(.bss)
    hdma_uart4_tx                            0x200004ec   Data          96  usart.o(.bss)
    htim6                                    0x2000054c   Data          72  stm32f4xx_hal_timebase_tim.o(.bss)
    rx_buffer                                0x20004284   Data         128  task_rs485_log.o(.bss)
    adc_buffer                               0x20004304   Data          14  task_adc.o(.bss)
    g_TimerData                              0x20004358   Data          56  sys_state.o(.bss)
    __libspace_start                         0x20004390   Data          96  libspace.o(.bss)
    __temporary_stack_top$libspace           0x200043f0   Data           0  libspace.o(.bss)



==============================================================================

Memory Map of the image

  Image Entry point : 0x08000189

  Load Region LR_IROM1 (Base: 0x08000000, Size: 0x00009c9c, Max: 0x00080000, ABSOLUTE)

    Execution Region ER_IROM1 (Exec base: 0x08000000, Load base: 0x08000000, Size: 0x00009bc4, Max: 0x00080000, ABSOLUTE)

    Exec Addr    Load Addr    Size         Type   Attr      Idx    E Section Name        Object

    0x08000000   0x08000000   0x00000188   Data   RO            3    RESET               startup_stm32f407xx.o
    0x08000188   0x08000188   0x00000008   Code   RO         6835  * !!!main             c_w.l(__main.o)
    0x08000190   0x08000190   0x00000034   Code   RO         7152    !!!scatter          c_w.l(__scatter.o)
    0x080001c4   0x080001c4   0x0000001a   Code   RO         7154    !!handler_copy      c_w.l(__scatter_copy.o)
    0x080001de   0x080001de   0x00000002   PAD
    0x080001e0   0x080001e0   0x0000001c   Code   RO         7156    !!handler_zi        c_w.l(__scatter_zi.o)
    0x080001fc   0x080001fc   0x00000000   Code   RO         6812    .ARM.Collect$$_printf_percent$$00000000  c_w.l(_printf_percent.o)
    0x080001fc   0x080001fc   0x00000006   Code   RO         6811    .ARM.Collect$$_printf_percent$$00000003  c_w.l(_printf_f.o)
    0x08000202   0x08000202   0x00000006   Code   RO         6809    .ARM.Collect$$_printf_percent$$00000009  c_w.l(_printf_d.o)
    0x08000208   0x08000208   0x00000006   Code   RO         6810    .ARM.Collect$$_printf_percent$$0000000A  c_w.l(_printf_u.o)
    0x0800020e   0x0800020e   0x00000006   Code   RO         6808    .ARM.Collect$$_printf_percent$$0000000C  c_w.l(_printf_x.o)
    0x08000214   0x08000214   0x00000006   Code   RO         6807    .ARM.Collect$$_printf_percent$$00000014  c_w.l(_printf_s.o)
    0x0800021a   0x0800021a   0x00000004   Code   RO         6884    .ARM.Collect$$_printf_percent$$00000017  c_w.l(_printf_percent_end.o)
    0x0800021e   0x0800021e   0x00000002   Code   RO         7020    .ARM.Collect$$libinit$$00000000  c_w.l(libinit.o)
    0x08000220   0x08000220   0x00000004   Code   RO         7021    .ARM.Collect$$libinit$$00000001  c_w.l(libinit2.o)
    0x08000224   0x08000224   0x00000000   Code   RO         7024    .ARM.Collect$$libinit$$00000004  c_w.l(libinit2.o)
    0x08000224   0x08000224   0x00000000   Code   RO         7027    .ARM.Collect$$libinit$$0000000A  c_w.l(libinit2.o)
    0x08000224   0x08000224   0x00000000   Code   RO         7029    .ARM.Collect$$libinit$$0000000C  c_w.l(libinit2.o)
    0x08000224   0x08000224   0x00000000   Code   RO         7031    .ARM.Collect$$libinit$$0000000E  c_w.l(libinit2.o)
    0x08000224   0x08000224   0x00000006   Code   RO         7032    .ARM.Collect$$libinit$$0000000F  c_w.l(libinit2.o)
    0x0800022a   0x0800022a   0x00000000   Code   RO         7034    .ARM.Collect$$libinit$$00000011  c_w.l(libinit2.o)
    0x0800022a   0x0800022a   0x0000000c   Code   RO         7035    .ARM.Collect$$libinit$$00000012  c_w.l(libinit2.o)
    0x08000236   0x08000236   0x00000000   Code   RO         7036    .ARM.Collect$$libinit$$00000013  c_w.l(libinit2.o)
    0x08000236   0x08000236   0x00000000   Code   RO         7038    .ARM.Collect$$libinit$$00000015  c_w.l(libinit2.o)
    0x08000236   0x08000236   0x0000000a   Code   RO         7039    .ARM.Collect$$libinit$$00000016  c_w.l(libinit2.o)
    0x08000240   0x08000240   0x00000000   Code   RO         7040    .ARM.Collect$$libinit$$00000017  c_w.l(libinit2.o)
    0x08000240   0x08000240   0x00000000   Code   RO         7042    .ARM.Collect$$libinit$$00000019  c_w.l(libinit2.o)
    0x08000240   0x08000240   0x00000000   Code   RO         7044    .ARM.Collect$$libinit$$0000001B  c_w.l(libinit2.o)
    0x08000240   0x08000240   0x00000000   Code   RO         7046    .ARM.Collect$$libinit$$0000001D  c_w.l(libinit2.o)
    0x08000240   0x08000240   0x00000000   Code   RO         7048    .ARM.Collect$$libinit$$0000001F  c_w.l(libinit2.o)
    0x08000240   0x08000240   0x00000000   Code   RO         7050    .ARM.Collect$$libinit$$00000021  c_w.l(libinit2.o)
    0x08000240   0x08000240   0x00000000   Code   RO         7052    .ARM.Collect$$libinit$$00000023  c_w.l(libinit2.o)
    0x08000240   0x08000240   0x00000000   Code   RO         7054    .ARM.Collect$$libinit$$00000025  c_w.l(libinit2.o)
    0x08000240   0x08000240   0x00000000   Code   RO         7058    .ARM.Collect$$libinit$$0000002C  c_w.l(libinit2.o)
    0x08000240   0x08000240   0x00000000   Code   RO         7060    .ARM.Collect$$libinit$$0000002E  c_w.l(libinit2.o)
    0x08000240   0x08000240   0x00000000   Code   RO         7062    .ARM.Collect$$libinit$$00000030  c_w.l(libinit2.o)
    0x08000240   0x08000240   0x00000000   Code   RO         7064    .ARM.Collect$$libinit$$00000032  c_w.l(libinit2.o)
    0x08000240   0x08000240   0x00000002   Code   RO         7065    .ARM.Collect$$libinit$$00000033  c_w.l(libinit2.o)
    0x08000242   0x08000242   0x00000002   Code   RO         7115    .ARM.Collect$$libshutdown$$00000000  c_w.l(libshutdown.o)
    0x08000244   0x08000244   0x00000000   Code   RO         7133    .ARM.Collect$$libshutdown$$00000002  c_w.l(libshutdown2.o)
    0x08000244   0x08000244   0x00000000   Code   RO         7135    .ARM.Collect$$libshutdown$$00000004  c_w.l(libshutdown2.o)
    0x08000244   0x08000244   0x00000000   Code   RO         7137    .ARM.Collect$$libshutdown$$00000006  c_w.l(libshutdown2.o)
    0x08000244   0x08000244   0x00000000   Code   RO         7140    .ARM.Collect$$libshutdown$$00000009  c_w.l(libshutdown2.o)
    0x08000244   0x08000244   0x00000000   Code   RO         7143    .ARM.Collect$$libshutdown$$0000000C  c_w.l(libshutdown2.o)
    0x08000244   0x08000244   0x00000000   Code   RO         7145    .ARM.Collect$$libshutdown$$0000000E  c_w.l(libshutdown2.o)
    0x08000244   0x08000244   0x00000000   Code   RO         7148    .ARM.Collect$$libshutdown$$00000011  c_w.l(libshutdown2.o)
    0x08000244   0x08000244   0x00000002   Code   RO         7149    .ARM.Collect$$libshutdown$$00000012  c_w.l(libshutdown2.o)
    0x08000246   0x08000246   0x00000000   Code   RO         6867    .ARM.Collect$$rtentry$$00000000  c_w.l(__rtentry.o)
    0x08000246   0x08000246   0x00000000   Code   RO         6930    .ARM.Collect$$rtentry$$00000002  c_w.l(__rtentry2.o)
    0x08000246   0x08000246   0x00000006   Code   RO         6942    .ARM.Collect$$rtentry$$00000004  c_w.l(__rtentry4.o)
    0x0800024c   0x0800024c   0x00000000   Code   RO         6932    .ARM.Collect$$rtentry$$00000009  c_w.l(__rtentry2.o)
    0x0800024c   0x0800024c   0x00000004   Code   RO         6933    .ARM.Collect$$rtentry$$0000000A  c_w.l(__rtentry2.o)
    0x08000250   0x08000250   0x00000000   Code   RO         6935    .ARM.Collect$$rtentry$$0000000C  c_w.l(__rtentry2.o)
    0x08000250   0x08000250   0x00000008   Code   RO         6936    .ARM.Collect$$rtentry$$0000000D  c_w.l(__rtentry2.o)
    0x08000258   0x08000258   0x00000002   Code   RO         7066    .ARM.Collect$$rtexit$$00000000  c_w.l(rtexit.o)
    0x0800025a   0x0800025a   0x00000000   Code   RO         7084    .ARM.Collect$$rtexit$$00000002  c_w.l(rtexit2.o)
    0x0800025a   0x0800025a   0x00000004   Code   RO         7085    .ARM.Collect$$rtexit$$00000003  c_w.l(rtexit2.o)
    0x0800025e   0x0800025e   0x00000006   Code   RO         7086    .ARM.Collect$$rtexit$$00000004  c_w.l(rtexit2.o)
    0x08000264   0x08000264   0x000000be   Code   RO         5633    .emb_text           port.o
    0x08000322   0x08000322   0x00000002   PAD
    0x08000324   0x08000324   0x00000040   Code   RO            4    .text               startup_stm32f407xx.o
    0x08000364   0x08000364   0x000000ee   Code   RO         6752    .text               c_w.l(lludivv7m.o)
    0x08000452   0x08000452   0x00000002   PAD
    0x08000454   0x08000454   0x00000028   Code   RO         6756    .text               c_w.l(noretval__2sprintf.o)
    0x0800047c   0x0800047c   0x0000004e   Code   RO         6760    .text               c_w.l(_printf_pad.o)
    0x080004ca   0x080004ca   0x00000052   Code   RO         6762    .text               c_w.l(_printf_str.o)
    0x0800051c   0x0800051c   0x00000078   Code   RO         6764    .text               c_w.l(_printf_dec.o)
    0x08000594   0x08000594   0x00000058   Code   RO         6769    .text               c_w.l(_printf_hex_int.o)
    0x080005ec   0x080005ec   0x00000188   Code   RO         6804    .text               c_w.l(__printf_flags_ss_wp.o)
    0x08000774   0x08000774   0x0000003c   Code   RO         6813    .text               c_w.l(__0sscanf.o)
    0x080007b0   0x080007b0   0x0000014c   Code   RO         6815    .text               c_w.l(_scanf_int.o)
    0x080008fc   0x080008fc   0x00000024   Code   RO         6817    .text               c_w.l(strstr.o)
    0x08000920   0x08000920   0x0000003e   Code   RO         6819    .text               c_w.l(strlen.o)
    0x0800095e   0x0800095e   0x00000096   Code   RO         6821    .text               c_w.l(strncmp.o)
    0x080009f4   0x080009f4   0x0000008a   Code   RO         6823    .text               c_w.l(rt_memcpy_v6.o)
    0x08000a7e   0x08000a7e   0x00000064   Code   RO         6825    .text               c_w.l(rt_memcpy_w.o)
    0x08000ae2   0x08000ae2   0x00000044   Code   RO         6829    .text               c_w.l(rt_memclr.o)
    0x08000b26   0x08000b26   0x0000004e   Code   RO         6831    .text               c_w.l(rt_memclr_w.o)
    0x08000b74   0x08000b74   0x00000006   Code   RO         6833    .text               c_w.l(heapauxi.o)
    0x08000b7a   0x08000b7a   0x00000016   Code   RO         6872    .text               c_w.l(_rserrno.o)
    0x08000b90   0x08000b90   0x000000b2   Code   RO         6874    .text               c_w.l(_printf_intcommon.o)
    0x08000c42   0x08000c42   0x0000041e   Code   RO         6876    .text               c_w.l(_printf_fp_dec.o)
    0x08001060   0x08001060   0x00000030   Code   RO         6878    .text               c_w.l(_printf_char_common.o)
    0x08001090   0x08001090   0x0000000a   Code   RO         6880    .text               c_w.l(_sputc.o)
    0x0800109a   0x0800109a   0x0000002c   Code   RO         6882    .text               c_w.l(_printf_char.o)
    0x080010c6   0x080010c6   0x0000001c   Code   RO         6885    .text               c_w.l(_chval.o)
    0x080010e2   0x080010e2   0x00000002   PAD
    0x080010e4   0x080010e4   0x0000002c   Code   RO         6887    .text               c_w.l(scanf_char.o)
    0x08001110   0x08001110   0x00000040   Code   RO         6889    .text               c_w.l(_sgetc.o)
    0x08001150   0x08001150   0x00000008   Code   RO         6949    .text               c_w.l(rt_locale_intlibspace.o)
    0x08001158   0x08001158   0x00000008   Code   RO         6954    .text               c_w.l(rt_errno_addr_intlibspace.o)
    0x08001160   0x08001160   0x0000008a   Code   RO         6956    .text               c_w.l(lludiv10.o)
    0x080011ea   0x080011ea   0x00000012   Code   RO         6958    .text               c_w.l(isspace.o)
    0x080011fc   0x080011fc   0x00000080   Code   RO         6960    .text               c_w.l(_printf_fp_infnan.o)
    0x0800127c   0x0800127c   0x00000374   Code   RO         6964    .text               c_w.l(_scanf.o)
    0x080015f0   0x080015f0   0x000000e4   Code   RO         6966    .text               c_w.l(bigflt0.o)
    0x080016d4   0x080016d4   0x00000008   Code   RO         7000    .text               c_w.l(libspace.o)
    0x080016dc   0x080016dc   0x0000004a   Code   RO         7003    .text               c_w.l(sys_stackheap_outer.o)
    0x08001726   0x08001726   0x00000002   PAD
    0x08001728   0x08001728   0x00000010   Code   RO         7005    .text               c_w.l(rt_ctype_table.o)
    0x08001738   0x08001738   0x00000012   Code   RO         7007    .text               c_w.l(exit.o)
    0x0800174a   0x0800174a   0x00000002   PAD
    0x0800174c   0x0800174c   0x00000080   Code   RO         7013    .text               c_w.l(strcmpv7m.o)
    0x080017cc   0x080017cc   0x0000000c   Code   RO         7081    .text               c_w.l(sys_exit.o)
    0x080017d8   0x080017d8   0x00000002   Code   RO         7102    .text               c_w.l(use_no_semi.o)
    0x080017da   0x080017da   0x00000000   Code   RO         7104    .text               c_w.l(indicate_semi.o)
    0x080017da   0x080017da   0x0000003e   Code   RO         6969    CL$$btod_d2e        c_w.l(btod.o)
    0x08001818   0x08001818   0x00000046   Code   RO         6971    CL$$btod_d2e_denorm_low  c_w.l(btod.o)
    0x0800185e   0x0800185e   0x00000060   Code   RO         6970    CL$$btod_d2e_norm_op1  c_w.l(btod.o)
    0x080018be   0x080018be   0x00000338   Code   RO         6979    CL$$btod_div_common  c_w.l(btod.o)
    0x08001bf6   0x08001bf6   0x000000dc   Code   RO         6976    CL$$btod_e2e        c_w.l(btod.o)
    0x08001cd2   0x08001cd2   0x0000002a   Code   RO         6973    CL$$btod_ediv       c_w.l(btod.o)
    0x08001cfc   0x08001cfc   0x0000002a   Code   RO         6972    CL$$btod_emul       c_w.l(btod.o)
    0x08001d26   0x08001d26   0x00000244   Code   RO         6978    CL$$btod_mult_common  c_w.l(btod.o)
    0x08001f6a   0x08001f6a   0x0000006e   Code   RO          787    i.ADC_DMAConvCplt   stm32f4xx_hal_adc.o
    0x08001fd8   0x08001fd8   0x00000016   Code   RO          788    i.ADC_DMAError      stm32f4xx_hal_adc.o
    0x08001fee   0x08001fee   0x0000000a   Code   RO          789    i.ADC_DMAHalfConvCplt  stm32f4xx_hal_adc.o
    0x08001ff8   0x08001ff8   0x00000128   Code   RO          790    i.ADC_Init          stm32f4xx_hal_adc.o
    0x08002120   0x08002120   0x00000058   Code   RO         6423    i.BSP_EEPROM_Read   bsp_eeprom.o
    0x08002178   0x08002178   0x00000060   Code   RO         6424    i.BSP_EEPROM_Write  bsp_eeprom.o
    0x080021d8   0x080021d8   0x00000018   Code   RO         6551    i.BSP_I2C1_Lock     bsp_i2c_mutex.o
    0x080021f0   0x080021f0   0x00000018   Code   RO         6552    i.BSP_I2C1_MutexInit  bsp_i2c_mutex.o
    0x08002208   0x08002208   0x00000018   Code   RO         6553    i.BSP_I2C1_Unlock   bsp_i2c_mutex.o
    0x08002220   0x08002220   0x0000000c   Code   RO         6276    i.BSP_LED0_Toggle   bsp_led.o
    0x0800222c   0x0800222c   0x00000010   Code   RO         6277    i.BSP_LED1_Toggle   bsp_led.o
    0x0800223c   0x0800223c   0x0000003c   Code   RO         6425    i.BSP_Log_Add       bsp_eeprom.o
    0x08002278   0x08002278   0x0000000c   Code   RO         6426    i.BSP_Log_Get_Current_Index  bsp_eeprom.o
    0x08002284   0x08002284   0x0000002c   Code   RO         6427    i.BSP_Log_Init      bsp_eeprom.o
    0x080022b0   0x080022b0   0x00000016   Code   RO         6428    i.BSP_Log_Read_By_Index  bsp_eeprom.o
    0x080022c6   0x080022c6   0x00000002   PAD
    0x080022c8   0x080022c8   0x00000010   Code   RO         6480    i.BSP_RS485_Init    bsp_rs485.o
    0x080022d8   0x080022d8   0x0000003c   Code   RO         6481    i.BSP_RS485_SendString  bsp_rs485.o
    0x08002314   0x08002314   0x00000012   Code   RO         6642    i.BSP_Relay_AllOff  bsp_relay.o
    0x08002326   0x08002326   0x00000002   PAD
    0x08002328   0x08002328   0x00000028   Code   RO         6643    i.BSP_Relay_GetState  bsp_relay.o
    0x08002350   0x08002350   0x00000088   Code   RO         6644    i.BSP_Relay_Init    bsp_relay.o
    0x080023d8   0x080023d8   0x00000020   Code   RO         6645    i.BSP_Relay_Name    bsp_relay.o
    0x080023f8   0x080023f8   0x00000020   Code   RO         6646    i.BSP_Relay_Off     bsp_relay.o
    0x08002418   0x08002418   0x00000020   Code   RO         6647    i.BSP_Relay_On      bsp_relay.o
    0x08002438   0x08002438   0x00000032   Code   RO         6511    i.BSP_SHT30_CRC     bsp_sht30.o
    0x0800246a   0x0800246a   0x00000018   Code   RO         6512    i.BSP_SHT30_Init    bsp_sht30.o
    0x08002482   0x08002482   0x00000002   PAD
    0x08002484   0x08002484   0x000000f8   Code   RO         6513    i.BSP_SHT30_Read    bsp_sht30.o
    0x0800257c   0x0800257c   0x0000003c   Code   RO         6514    i.BSP_SHT30_SoftReset  bsp_sht30.o
    0x080025b8   0x080025b8   0x00000002   Code   RO          636    i.BusFault_Handler  stm32f4xx_it.o
    0x080025ba   0x080025ba   0x00000002   PAD
    0x080025bc   0x080025bc   0x0000000c   Code   RO          637    i.DMA1_Stream2_IRQHandler  stm32f4xx_it.o
    0x080025c8   0x080025c8   0x0000000c   Code   RO          638    i.DMA1_Stream4_IRQHandler  stm32f4xx_it.o
    0x080025d4   0x080025d4   0x0000000c   Code   RO          639    i.DMA2_Stream0_IRQHandler  stm32f4xx_it.o
    0x080025e0   0x080025e0   0x00000028   Code   RO         1524    i.DMA_CalcBaseAndBitshift  stm32f4xx_hal_dma.o
    0x08002608   0x08002608   0x00000054   Code   RO         1525    i.DMA_CheckFifoParam  stm32f4xx_hal_dma.o
    0x0800265c   0x0800265c   0x00000028   Code   RO         1526    i.DMA_SetConfig     stm32f4xx_hal_dma.o
    0x08002684   0x08002684   0x00000002   Code   RO          640    i.DebugMon_Handler  stm32f4xx_it.o
    0x08002686   0x08002686   0x00000002   PAD
    0x08002688   0x08002688   0x00000024   Code   RO           13    i.Error_Handler     main.o
    0x080026ac   0x080026ac   0x0000014c   Code   RO          792    i.HAL_ADC_ConfigChannel  stm32f4xx_hal_adc.o
    0x080027f8   0x080027f8   0x00000002   Code   RO          793    i.HAL_ADC_ConvCpltCallback  stm32f4xx_hal_adc.o
    0x080027fa   0x080027fa   0x00000002   Code   RO          794    i.HAL_ADC_ConvHalfCpltCallback  stm32f4xx_hal_adc.o
    0x080027fc   0x080027fc   0x00000002   Code   RO          796    i.HAL_ADC_ErrorCallback  stm32f4xx_hal_adc.o
    0x080027fe   0x080027fe   0x00000054   Code   RO          801    i.HAL_ADC_Init      stm32f4xx_hal_adc.o
    0x08002852   0x08002852   0x00000002   PAD
    0x08002854   0x08002854   0x000000b8   Code   RO          445    i.HAL_ADC_MspInit   adc.o
    0x0800290c   0x0800290c   0x00000154   Code   RO          808    i.HAL_ADC_Start_DMA  stm32f4xx_hal_adc.o
    0x08002a60   0x08002a60   0x00000092   Code   RO         1527    i.HAL_DMA_Abort     stm32f4xx_hal_dma.o
    0x08002af2   0x08002af2   0x00000024   Code   RO         1528    i.HAL_DMA_Abort_IT  stm32f4xx_hal_dma.o
    0x08002b16   0x08002b16   0x00000002   PAD
    0x08002b18   0x08002b18   0x000001a0   Code   RO         1532    i.HAL_DMA_IRQHandler  stm32f4xx_hal_dma.o
    0x08002cb8   0x08002cb8   0x000000d4   Code   RO         1533    i.HAL_DMA_Init      stm32f4xx_hal_dma.o
    0x08002d8c   0x08002d8c   0x0000006e   Code   RO         1537    i.HAL_DMA_Start_IT  stm32f4xx_hal_dma.o
    0x08002dfa   0x08002dfa   0x00000002   PAD
    0x08002dfc   0x08002dfc   0x000001f0   Code   RO         1420    i.HAL_GPIO_Init     stm32f4xx_hal_gpio.o
    0x08002fec   0x08002fec   0x0000000a   Code   RO         1422    i.HAL_GPIO_ReadPin  stm32f4xx_hal_gpio.o
    0x08002ff6   0x08002ff6   0x00000010   Code   RO         1423    i.HAL_GPIO_TogglePin  stm32f4xx_hal_gpio.o
    0x08003006   0x08003006   0x0000000a   Code   RO         1424    i.HAL_GPIO_WritePin  stm32f4xx_hal_gpio.o
    0x08003010   0x08003010   0x0000000c   Code   RO         1952    i.HAL_GetTick       stm32f4xx_hal.o
    0x0800301c   0x0800301c   0x00000188   Code   RO         2208    i.HAL_I2C_Init      stm32f4xx_hal_i2c.o
    0x080031a4   0x080031a4   0x000001e0   Code   RO         2214    i.HAL_I2C_Master_Receive  stm32f4xx_hal_i2c.o
    0x08003384   0x08003384   0x0000012c   Code   RO         2221    i.HAL_I2C_Master_Transmit  stm32f4xx_hal_i2c.o
    0x080034b0   0x080034b0   0x000001f8   Code   RO         2226    i.HAL_I2C_Mem_Read  stm32f4xx_hal_i2c.o
    0x080036a8   0x080036a8   0x00000130   Code   RO         2229    i.HAL_I2C_Mem_Write  stm32f4xx_hal_i2c.o
    0x080037d8   0x080037d8   0x0000006c   Code   RO          511    i.HAL_I2C_MspInit   i2c.o
    0x08003844   0x08003844   0x00000010   Code   RO         1958    i.HAL_IncTick       stm32f4xx_hal.o
    0x08003854   0x08003854   0x00000034   Code   RO         1959    i.HAL_Init          stm32f4xx_hal.o
    0x08003888   0x08003888   0x00000074   Code   RO          748    i.HAL_InitTick      stm32f4xx_hal_timebase_tim.o
    0x080038fc   0x080038fc   0x00000038   Code   RO          724    i.HAL_MspInit       stm32f4xx_hal_msp.o
    0x08003934   0x08003934   0x0000001a   Code   RO         1809    i.HAL_NVIC_EnableIRQ  stm32f4xx_hal_cortex.o
    0x0800394e   0x0800394e   0x00000002   PAD
    0x08003950   0x08003950   0x00000040   Code   RO         1815    i.HAL_NVIC_SetPriority  stm32f4xx_hal_cortex.o
    0x08003990   0x08003990   0x00000024   Code   RO         1816    i.HAL_NVIC_SetPriorityGrouping  stm32f4xx_hal_cortex.o
    0x080039b4   0x080039b4   0x0000013c   Code   RO         1171    i.HAL_RCCEx_PeriphCLKConfig  stm32f4xx_hal_rcc_ex.o
    0x08003af0   0x08003af0   0x00000134   Code   RO         1066    i.HAL_RCC_ClockConfig  stm32f4xx_hal_rcc.o
    0x08003c24   0x08003c24   0x00000040   Code   RO         1070    i.HAL_RCC_GetClockConfig  stm32f4xx_hal_rcc.o
    0x08003c64   0x08003c64   0x00000020   Code   RO         1073    i.HAL_RCC_GetPCLK1Freq  stm32f4xx_hal_rcc.o
    0x08003c84   0x08003c84   0x00000020   Code   RO         1074    i.HAL_RCC_GetPCLK2Freq  stm32f4xx_hal_rcc.o
    0x08003ca4   0x08003ca4   0x00000060   Code   RO         1075    i.HAL_RCC_GetSysClockFreq  stm32f4xx_hal_rcc.o
    0x08003d04   0x08003d04   0x0000036c   Code   RO         1078    i.HAL_RCC_OscConfig  stm32f4xx_hal_rcc.o
    0x08004070   0x08004070   0x0000000a   Code   RO         2815    i.HAL_RTCEx_BKUPRead  stm32f4xx_hal_rtc_ex.o
    0x0800407a   0x0800407a   0x0000000a   Code   RO         2816    i.HAL_RTCEx_BKUPWrite  stm32f4xx_hal_rtc_ex.o
    0x08004084   0x08004084   0x00000044   Code   RO         2657    i.HAL_RTC_GetDate   stm32f4xx_hal_rtc.o
    0x080040c8   0x080040c8   0x00000058   Code   RO         2659    i.HAL_RTC_GetTime   stm32f4xx_hal_rtc.o
    0x08004120   0x08004120   0x000000ac   Code   RO         2660    i.HAL_RTC_Init      stm32f4xx_hal_rtc.o
    0x080041cc   0x080041cc   0x00000038   Code   RO          553    i.HAL_RTC_MspInit   rtc.o
    0x08004204   0x08004204   0x000000c8   Code   RO         2666    i.HAL_RTC_SetDate   stm32f4xx_hal_rtc.o
    0x080042cc   0x080042cc   0x000000ec   Code   RO         2667    i.HAL_RTC_SetTime   stm32f4xx_hal_rtc.o
    0x080043b8   0x080043b8   0x00000036   Code   RO         2668    i.HAL_RTC_WaitForSynchro  stm32f4xx_hal_rtc.o
    0x080043ee   0x080043ee   0x00000002   Code   RO         3748    i.HAL_TIMEx_BreakCallback  stm32f4xx_hal_tim_ex.o
    0x080043f0   0x080043f0   0x00000002   Code   RO         3749    i.HAL_TIMEx_CommutCallback  stm32f4xx_hal_tim_ex.o
    0x080043f2   0x080043f2   0x0000005a   Code   RO         3044    i.HAL_TIM_Base_Init  stm32f4xx_hal_tim.o
    0x0800444c   0x0800444c   0x00000002   Code   RO         3046    i.HAL_TIM_Base_MspInit  stm32f4xx_hal_tim.o
    0x0800444e   0x0800444e   0x00000002   PAD
    0x08004450   0x08004450   0x00000080   Code   RO         3049    i.HAL_TIM_Base_Start_IT  stm32f4xx_hal_tim.o
    0x080044d0   0x080044d0   0x00000002   Code   RO         3078    i.HAL_TIM_IC_CaptureCallback  stm32f4xx_hal_tim.o
    0x080044d2   0x080044d2   0x00000166   Code   RO         3092    i.HAL_TIM_IRQHandler  stm32f4xx_hal_tim.o
    0x08004638   0x08004638   0x00000002   Code   RO         3095    i.HAL_TIM_OC_DelayElapsedCallback  stm32f4xx_hal_tim.o
    0x0800463a   0x0800463a   0x00000002   Code   RO         3122    i.HAL_TIM_PWM_PulseFinishedCallback  stm32f4xx_hal_tim.o
    0x0800463c   0x0800463c   0x00000014   Code   RO           14    i.HAL_TIM_PeriodElapsedCallback  main.o
    0x08004650   0x08004650   0x00000002   Code   RO         3135    i.HAL_TIM_TriggerCallback  stm32f4xx_hal_tim.o
    0x08004652   0x08004652   0x00000002   Code   RO         4026    i.HAL_UARTEx_RxEventCallback  stm32f4xx_hal_uart.o
    0x08004654   0x08004654   0x00000002   Code   RO         4040    i.HAL_UART_ErrorCallback  stm32f4xx_hal_uart.o
    0x08004656   0x08004656   0x00000002   PAD
    0x08004658   0x08004658   0x00000268   Code   RO         4043    i.HAL_UART_IRQHandler  stm32f4xx_hal_uart.o
    0x080048c0   0x080048c0   0x00000062   Code   RO         4044    i.HAL_UART_Init     stm32f4xx_hal_uart.o
    0x08004922   0x08004922   0x00000002   PAD
    0x08004924   0x08004924   0x000000e4   Code   RO          595    i.HAL_UART_MspInit  usart.o
    0x08004a08   0x08004a08   0x0000002a   Code   RO         4049    i.HAL_UART_Receive_IT  stm32f4xx_hal_uart.o
    0x08004a32   0x08004a32   0x00000002   PAD
    0x08004a34   0x08004a34   0x0000004c   Code   RO         5774    i.HAL_UART_RxCpltCallback  task_rs485_log.o
    0x08004a80   0x08004a80   0x000000b2   Code   RO         4052    i.HAL_UART_Transmit  stm32f4xx_hal_uart.o
    0x08004b32   0x08004b32   0x00000002   Code   RO         4055    i.HAL_UART_TxCpltCallback  stm32f4xx_hal_uart.o
    0x08004b34   0x08004b34   0x00000058   Code   RO         6312    i.HTC2K_Init        bsp_htc_2k.o
    0x08004b8c   0x08004b8c   0x00000058   Code   RO         6313    i.HTC2K_Init1       bsp_htc_2k.o
    0x08004be4   0x08004be4   0x00000068   Code   RO         6314    i.HTC2K_ReadKeys    bsp_htc_2k.o
    0x08004c4c   0x08004c4c   0x00000068   Code   RO         6315    i.HTC2K_ReadKeys1   bsp_htc_2k.o
    0x08004cb4   0x08004cb4   0x00000084   Code   RO         6316    i.HTC2K_ShowTemp    bsp_htc_2k.o
    0x08004d38   0x08004d38   0x00000084   Code   RO         6317    i.HTC2K_ShowTemp1   bsp_htc_2k.o
    0x08004dbc   0x08004dbc   0x00000002   Code   RO          641    i.HardFault_Handler  stm32f4xx_it.o
    0x08004dbe   0x08004dbe   0x0000002e   Code   RO         2250    i.I2C_IsAcknowledgeFailed  stm32f4xx_hal_i2c.o
    0x08004dec   0x08004dec   0x000000ec   Code   RO         2253    i.I2C_MasterRequestRead  stm32f4xx_hal_i2c.o
    0x08004ed8   0x08004ed8   0x0000009c   Code   RO         2254    i.I2C_MasterRequestWrite  stm32f4xx_hal_i2c.o
    0x08004f74   0x08004f74   0x000000fc   Code   RO         2260    i.I2C_RequestMemoryRead  stm32f4xx_hal_i2c.o
    0x08005070   0x08005070   0x000000a8   Code   RO         2261    i.I2C_RequestMemoryWrite  stm32f4xx_hal_i2c.o
    0x08005118   0x08005118   0x0000004c   Code   RO         2265    i.I2C_WaitOnBTFFlagUntilTimeout  stm32f4xx_hal_i2c.o
    0x08005164   0x08005164   0x00000068   Code   RO         2266    i.I2C_WaitOnFlagUntilTimeout  stm32f4xx_hal_i2c.o
    0x080051cc   0x080051cc   0x00000096   Code   RO         2267    i.I2C_WaitOnMasterAddressFlagUntilTimeout  stm32f4xx_hal_i2c.o
    0x08005262   0x08005262   0x00000066   Code   RO         2268    i.I2C_WaitOnRXNEFlagUntilTimeout  stm32f4xx_hal_i2c.o
    0x080052c8   0x080052c8   0x0000004c   Code   RO         2269    i.I2C_WaitOnTXEFlagUntilTimeout  stm32f4xx_hal_i2c.o
    0x08005314   0x08005314   0x000000e4   Code   RO          446    i.MX_ADC1_Init      adc.o
    0x080053f8   0x080053f8   0x0000005c   Code   RO          486    i.MX_DMA_Init       dma.o
    0x08005454   0x08005454   0x00000098   Code   RO          265    i.MX_FREERTOS_Init  freertos.o
    0x080054ec   0x080054ec   0x000000c8   Code   RO          237    i.MX_GPIO_Init      gpio.o
    0x080055b4   0x080055b4   0x00000040   Code   RO          512    i.MX_I2C1_Init      i2c.o
    0x080055f4   0x080055f4   0x000000a4   Code   RO          554    i.MX_RTC_Init       rtc.o
    0x08005698   0x08005698   0x00000038   Code   RO          596    i.MX_UART4_Init     usart.o
    0x080056d0   0x080056d0   0x00000002   Code   RO          642    i.MemManage_Handler  stm32f4xx_it.o
    0x080056d2   0x080056d2   0x00000002   Code   RO          643    i.NMI_Handler       stm32f4xx_it.o
    0x080056d4   0x080056d4   0x00000012   Code   RO         2669    i.RTC_Bcd2ToByte    stm32f4xx_hal_rtc.o
    0x080056e6   0x080056e6   0x00000016   Code   RO         2670    i.RTC_ByteToBcd2    stm32f4xx_hal_rtc.o
    0x080056fc   0x080056fc   0x0000003a   Code   RO         2671    i.RTC_EnterInitMode  stm32f4xx_hal_rtc.o
    0x08005736   0x08005736   0x0000000c   Code   RO          266    i.StartTask03       freertos.o
    0x08005742   0x08005742   0x0000000c   Code   RO          267    i.StartTask_ADC     freertos.o
    0x0800574e   0x0800574e   0x0000000c   Code   RO          273    i.StartTask_LED     freertos.o
    0x0800575a   0x0800575a   0x0000000c   Code   RO          274    i.StartTask_RS485   freertos.o
    0x08005766   0x08005766   0x0000000c   Code   RO          275    i.StartTask_SHT30   freertos.o
    0x08005772   0x08005772   0x00000002   PAD
    0x08005774   0x08005774   0x00000008   Code   RO         6701    i.SysState_GetRawPtr  sys_state.o
    0x0800577c   0x0800577c   0x00000040   Code   RO         6702    i.SysState_GetSensor  sys_state.o
    0x080057bc   0x080057bc   0x0000003c   Code   RO         6703    i.SysState_Init     sys_state.o
    0x080057f8   0x080057f8   0x00000018   Code   RO         6704    i.SysState_Lock     sys_state.o
    0x08005810   0x08005810   0x00000018   Code   RO         6705    i.SysState_Unlock   sys_state.o
    0x08005828   0x08005828   0x0000002c   Code   RO         5634    i.SysTick_Handler   port.o
    0x08005854   0x08005854   0x00000094   Code   RO           15    i.SystemClock_Config  main.o
    0x080058e8   0x080058e8   0x00000010   Code   RO         4373    i.SystemInit        system_stm32f4xx.o
    0x080058f8   0x080058f8   0x00000094   Code   RO         5775    i.System_Record_Fault  task_rs485_log.o
    0x0800598c   0x0800598c   0x0000000c   Code   RO          644    i.TIM6_DAC_IRQHandler  stm32f4xx_it.o
    0x08005998   0x08005998   0x000000c8   Code   RO         3137    i.TIM_Base_SetConfig  stm32f4xx_hal_tim.o
    0x08005a60   0x08005a60   0x00000038   Code   RO         6318    i.TM0_Ask           bsp_htc_2k.o
    0x08005a98   0x08005a98   0x00000040   Code   RO         6319    i.TM0_Start         bsp_htc_2k.o
    0x08005ad8   0x08005ad8   0x00000048   Code   RO         6320    i.TM0_Stop          bsp_htc_2k.o
    0x08005b20   0x08005b20   0x0000004c   Code   RO         6321    i.TM0_WriteByte     bsp_htc_2k.o
    0x08005b6c   0x08005b6c   0x0000002c   Code   RO         6322    i.TM1637_DelayUs    bsp_htc_2k.o
    0x08005b98   0x08005b98   0x00000038   Code   RO         6323    i.TM1_Ask           bsp_htc_2k.o
    0x08005bd0   0x08005bd0   0x00000040   Code   RO         6324    i.TM1_Start         bsp_htc_2k.o
    0x08005c10   0x08005c10   0x00000048   Code   RO         6325    i.TM1_Stop          bsp_htc_2k.o
    0x08005c58   0x08005c58   0x0000004c   Code   RO         6326    i.TM1_WriteByte     bsp_htc_2k.o
    0x08005ca4   0x08005ca4   0x00000164   Code   RO         5833    i.Task_ADC_Process  task_adc.o
    0x08005e08   0x08005e08   0x0000002c   Code   RO         5747    i.Task_LED_Process  task_led.o
    0x08005e34   0x08005e34   0x0000021c   Code   RO         5713    i.Task_Panel_Process  task_panel.o
    0x08006050   0x08006050   0x00000968   Code   RO         5776    i.Task_RS485Log_Process  task_rs485_log.o
    0x080069b8   0x080069b8   0x0000005e   Code   RO         5896    i.Task_SHT30_Process  task_sht30.o
    0x08006a16   0x08006a16   0x00000002   PAD
    0x08006a18   0x08006a18   0x000000a4   Code   RO         6327    i.TempToSegments    bsp_htc_2k.o
    0x08006abc   0x08006abc   0x0000000c   Code   RO          645    i.UART4_IRQHandler  stm32f4xx_it.o
    0x08006ac8   0x08006ac8   0x00000010   Code   RO         4057    i.UART_DMAAbortOnError  stm32f4xx_hal_uart.o
    0x08006ad8   0x08006ad8   0x0000004e   Code   RO         4067    i.UART_EndRxTransfer  stm32f4xx_hal_uart.o
    0x08006b26   0x08006b26   0x000000c0   Code   RO         4069    i.UART_Receive_IT   stm32f4xx_hal_uart.o
    0x08006be6   0x08006be6   0x00000002   PAD
    0x08006be8   0x08006be8   0x0000010c   Code   RO         4070    i.UART_SetConfig    stm32f4xx_hal_uart.o
    0x08006cf4   0x08006cf4   0x00000036   Code   RO         4072    i.UART_Start_Receive_IT  stm32f4xx_hal_uart.o
    0x08006d2a   0x08006d2a   0x00000078   Code   RO         4073    i.UART_WaitOnFlagUntilTimeout  stm32f4xx_hal_uart.o
    0x08006da2   0x08006da2   0x00000002   Code   RO          646    i.UsageFault_Handler  stm32f4xx_it.o
    0x08006da4   0x08006da4   0x00000030   Code   RO         6998    i.__ARM_fpclassify  m_wm.l(fpclassify.o)
    0x08006dd4   0x08006dd4   0x00000020   Code   RO         1822    i.__NVIC_SetPriority  stm32f4xx_hal_cortex.o
    0x08006df4   0x08006df4   0x00000004   PAD
    0x08006df8   0x08006df8   0x000003c4   Code   RO         6853    i.__hardfp_log      m_wm.l(log.o)
    0x080071bc   0x080071bc   0x000000f8   Code   RO         6926    i.__kernel_poly     m_wm.l(poly.o)
    0x080072b4   0x080072b4   0x00000004   PAD
    0x080072b8   0x080072b8   0x00000030   Code   RO         6912    i.__mathlib_dbl_divzero  m_wm.l(dunder.o)
    0x080072e8   0x080072e8   0x00000014   Code   RO         6913    i.__mathlib_dbl_infnan  m_wm.l(dunder.o)
    0x080072fc   0x080072fc   0x00000004   PAD
    0x08007300   0x08007300   0x00000020   Code   RO         6915    i.__mathlib_dbl_invalid  m_wm.l(dunder.o)
    0x08007320   0x08007320   0x0000000e   Code   RO         6797    i._is_digit         c_w.l(__printf_wp.o)
    0x0800732e   0x0800732e   0x00000002   PAD
    0x08007330   0x08007330   0x00000070   Code   RO         5834    i.adc_to_pressure   task_adc.o
    0x080073a0   0x080073a0   0x000000dc   Code   RO         5835    i.adc_to_temperature_10k  task_adc.o
    0x0800747c   0x0800747c   0x000000dc   Code   RO         5836    i.adc_to_temperature_50k  task_adc.o
    0x08007558   0x08007558   0x00000080   Code   RO         5837    i.co2_pressure_to_sat_temp  task_adc.o
    0x080075d8   0x080075d8   0x0000000c   Code   RO         5197    i.inHandlerMode     cmsis_os.o
    0x080075e4   0x080075e4   0x0000002a   Code   RO           16    i.main              main.o
    0x0800760e   0x0800760e   0x0000000c   Code   RO         5199    i.makeFreeRtosPriority  cmsis_os.o
    0x0800761a   0x0800761a   0x0000000e   Code   RO         5201    i.osDelay           cmsis_os.o
    0x08007628   0x08007628   0x0000000a   Code   RO         5204    i.osKernelStart     cmsis_os.o
    0x08007632   0x08007632   0x00000010   Code   RO         5219    i.osMutexCreate     cmsis_os.o
    0x08007642   0x08007642   0x00000002   PAD
    0x08007644   0x08007644   0x00000050   Code   RO         5221    i.osMutexRelease    cmsis_os.o
    0x08007694   0x08007694   0x00000064   Code   RO         5222    i.osMutexWait       cmsis_os.o
    0x080076f8   0x080076f8   0x00000054   Code   RO         5238    i.osThreadCreate    cmsis_os.o
    0x0800774c   0x0800774c   0x00000070   Code   RO         4875    i.prvAddCurrentTaskToDelayedList  tasks.o
    0x080077bc   0x080077bc   0x000000d0   Code   RO         4876    i.prvAddNewTaskToReadyList  tasks.o
    0x0800788c   0x0800788c   0x00000026   Code   RO         4551    i.prvCopyDataFromQueue  queue.o
    0x080078b2   0x080078b2   0x0000006c   Code   RO         4552    i.prvCopyDataToQueue  queue.o
    0x0800791e   0x0800791e   0x00000034   Code   RO         4877    i.prvDeleteTCB      tasks.o
    0x08007952   0x08007952   0x00000002   PAD
    0x08007954   0x08007954   0x0000004c   Code   RO         5566    i.prvHeapInit       heap_4.o
    0x080079a0   0x080079a0   0x00000060   Code   RO         4878    i.prvIdleTask       tasks.o
    0x08007a00   0x08007a00   0x00000016   Code   RO         4553    i.prvInitialiseMutex  queue.o
    0x08007a16   0x08007a16   0x00000016   Code   RO         4554    i.prvInitialiseNewQueue  queue.o
    0x08007a2c   0x08007a2c   0x00000098   Code   RO         4879    i.prvInitialiseNewTask  tasks.o
    0x08007ac4   0x08007ac4   0x0000004c   Code   RO         5567    i.prvInsertBlockIntoFreeList  heap_4.o
    0x08007b10   0x08007b10   0x0000001c   Code   RO         4555    i.prvIsQueueEmpty   queue.o
    0x08007b2c   0x08007b2c   0x00000020   Code   RO         4880    i.prvResetNextTaskUnblockTime  tasks.o
    0x08007b4c   0x08007b4c   0x00000028   Code   RO         5635    i.prvTaskExitError  port.o
    0x08007b74   0x08007b74   0x0000006a   Code   RO         4556    i.prvUnlockQueue    queue.o
    0x08007bde   0x08007bde   0x00000002   PAD
    0x08007be0   0x08007be0   0x000000dc   Code   RO         5568    i.pvPortMalloc      heap_4.o
    0x08007cbc   0x08007cbc   0x00000018   Code   RO         4882    i.pvTaskIncrementMutexHeldCount  tasks.o
    0x08007cd4   0x08007cd4   0x0000002c   Code   RO         5636    i.pxPortInitialiseStack  port.o
    0x08007d00   0x08007d00   0x00000026   Code   RO         4511    i.uxListRemove      list.o
    0x08007d26   0x08007d26   0x00000002   PAD
    0x08007d28   0x08007d28   0x00000014   Code   RO          278    i.vApplicationGetIdleTaskMemory  freertos.o
    0x08007d3c   0x08007d3c   0x00000016   Code   RO         4512    i.vListInitialise   list.o
    0x08007d52   0x08007d52   0x00000006   Code   RO         4513    i.vListInitialiseItem  list.o
    0x08007d58   0x08007d58   0x00000030   Code   RO         4514    i.vListInsert       list.o
    0x08007d88   0x08007d88   0x00000018   Code   RO         4515    i.vListInsertEnd    list.o
    0x08007da0   0x08007da0   0x00000040   Code   RO         5638    i.vPortEnterCritical  port.o
    0x08007de0   0x08007de0   0x00000028   Code   RO         5639    i.vPortExitCritical  port.o
    0x08007e08   0x08007e08   0x00000064   Code   RO         5569    i.vPortFree         heap_4.o
    0x08007e6c   0x08007e6c   0x00000024   Code   RO         5640    i.vPortSetupTimerInterrupt  port.o
    0x08007e90   0x08007e90   0x00000054   Code   RO         5641    i.vPortValidateInterruptPriority  port.o
    0x08007ee4   0x08007ee4   0x0000004c   Code   RO         4889    i.vTaskDelay        tasks.o
    0x08007f30   0x08007f30   0x00000010   Code   RO         4893    i.vTaskInternalSetTimeOutState  tasks.o
    0x08007f40   0x08007f40   0x0000000c   Code   RO         4894    i.vTaskMissedYield  tasks.o
    0x08007f4c   0x08007f4c   0x00000030   Code   RO         4896    i.vTaskPlaceOnEventList  tasks.o
    0x08007f7c   0x08007f7c   0x000000a0   Code   RO         4898    i.vTaskPriorityDisinheritAfterTimeout  tasks.o
    0x0800801c   0x0800801c   0x00000070   Code   RO         4900    i.vTaskRemoveFromUnorderedEventList  tasks.o
    0x0800808c   0x0800808c   0x0000006c   Code   RO         4903    i.vTaskStartScheduler  tasks.o
    0x080080f8   0x080080f8   0x00000010   Code   RO         4905    i.vTaskSuspendAll   tasks.o
    0x08008108   0x08008108   0x0000005c   Code   RO         4906    i.vTaskSwitchContext  tasks.o
    0x08008164   0x08008164   0x00000040   Code   RO         4420    i.xEventGroupClearBits  event_groups.o
    0x080081a4   0x080081a4   0x0000001c   Code   RO         4421    i.xEventGroupCreate  event_groups.o
    0x080081c0   0x080081c0   0x0000008c   Code   RO         4424    i.xEventGroupSetBits  event_groups.o
    0x0800824c   0x0800824c   0x000000f4   Code   RO         5642    i.xPortStartScheduler  port.o
    0x08008340   0x08008340   0x00000016   Code   RO         4563    i.xQueueCreateMutex  queue.o
    0x08008356   0x08008356   0x0000001a   Code   RO         4564    i.xQueueCreateMutexStatic  queue.o
    0x08008370   0x08008370   0x00000042   Code   RO         4565    i.xQueueGenericCreate  queue.o
    0x080083b2   0x080083b2   0x00000066   Code   RO         4566    i.xQueueGenericCreateStatic  queue.o
    0x08008418   0x08008418   0x00000088   Code   RO         4567    i.xQueueGenericReset  queue.o
    0x080084a0   0x080084a0   0x00000160   Code   RO         4568    i.xQueueGenericSend  queue.o
    0x08008600   0x08008600   0x0000009c   Code   RO         4570    i.xQueueGiveFromISR  queue.o
    0x0800869c   0x0800869c   0x0000009a   Code   RO         4576    i.xQueueReceiveFromISR  queue.o
    0x08008736   0x08008736   0x00000002   PAD
    0x08008738   0x08008738   0x00000178   Code   RO         4577    i.xQueueSemaphoreTake  queue.o
    0x080088b0   0x080088b0   0x00000074   Code   RO         4908    i.xTaskCheckForTimeOut  tasks.o
    0x08008924   0x08008924   0x0000005a   Code   RO         4909    i.xTaskCreate       tasks.o
    0x0800897e   0x0800897e   0x00000056   Code   RO         4910    i.xTaskCreateStatic  tasks.o
    0x080089d4   0x080089d4   0x0000001c   Code   RO         4914    i.xTaskGetSchedulerState  tasks.o
    0x080089f0   0x080089f0   0x0000000c   Code   RO         4915    i.xTaskGetTickCount  tasks.o
    0x080089fc   0x080089fc   0x000000cc   Code   RO         4917    i.xTaskIncrementTick  tasks.o
    0x08008ac8   0x08008ac8   0x00000098   Code   RO         4920    i.xTaskPriorityDisinherit  tasks.o
    0x08008b60   0x08008b60   0x0000008c   Code   RO         4921    i.xTaskPriorityInherit  tasks.o
    0x08008bec   0x08008bec   0x00000074   Code   RO         4922    i.xTaskRemoveFromEventList  tasks.o
    0x08008c60   0x08008c60   0x000000c4   Code   RO         4923    i.xTaskResumeAll    tasks.o
    0x08008d24   0x08008d24   0x0000002c   Code   RO         6992    locale$$code        c_w.l(lc_numeric_c.o)
    0x08008d50   0x08008d50   0x0000002c   Code   RO         7071    locale$$code        c_w.l(lc_ctype_c.o)
    0x08008d7c   0x08008d7c   0x00000018   Code   RO         6891    x$fpl$basic         fz_wm.l(basic.o)
    0x08008d94   0x08008d94   0x00000062   Code   RO         6837    x$fpl$d2f           fz_wm.l(d2f.o)
    0x08008df6   0x08008df6   0x00000002   PAD
    0x08008df8   0x08008df8   0x00000150   Code   RO         6839    x$fpl$dadd          fz_wm.l(daddsub_clz.o)
    0x08008f48   0x08008f48   0x00000018   Code   RO         6994    x$fpl$dcmpinf       fz_wm.l(dcmpi.o)
    0x08008f60   0x08008f60   0x000002b0   Code   RO         6846    x$fpl$ddiv          fz_wm.l(ddiv.o)
    0x08009210   0x08009210   0x00000078   Code   RO         6893    x$fpl$deqf          fz_wm.l(deqf.o)
    0x08009288   0x08009288   0x0000002e   Code   RO         6896    x$fpl$dflt          fz_wm.l(dflt_clz.o)
    0x080092b6   0x080092b6   0x00000002   PAD
    0x080092b8   0x080092b8   0x00000154   Code   RO         6901    x$fpl$dmul          fz_wm.l(dmul.o)
    0x0800940c   0x0800940c   0x0000009c   Code   RO         6903    x$fpl$dnaninf       fz_wm.l(dnaninf.o)
    0x080094a8   0x080094a8   0x0000000c   Code   RO         6905    x$fpl$dretinf       fz_wm.l(dretinf.o)
    0x080094b4   0x080094b4   0x00000016   Code   RO         6840    x$fpl$drsb          fz_wm.l(daddsub_clz.o)
    0x080094ca   0x080094ca   0x00000002   PAD
    0x080094cc   0x080094cc   0x000001d4   Code   RO         6841    x$fpl$dsub          fz_wm.l(daddsub_clz.o)
    0x080096a0   0x080096a0   0x00000056   Code   RO         6849    x$fpl$f2d           fz_wm.l(f2d.o)
    0x080096f6   0x080096f6   0x0000008c   Code   RO         6907    x$fpl$fnaninf       fz_wm.l(fnaninf.o)
    0x08009782   0x08009782   0x0000000a   Code   RO         7079    x$fpl$fpinit        fz_wm.l(fpinit.o)
    0x0800978c   0x0800978c   0x0000000a   Code   RO         6909    x$fpl$fretinf       fz_wm.l(fretinf.o)
    0x08009796   0x08009796   0x00000004   Code   RO         6851    x$fpl$printf1       fz_wm.l(printf1.o)
    0x0800979a   0x0800979a   0x00000000   Code   RO         6911    x$fpl$usenofp       fz_wm.l(usenofp.o)
    0x0800979a   0x0800979a   0x00000002   PAD
    0x0800979c   0x0800979c   0x0000008c   Data   RO          280    .constdata          freertos.o
    0x08009828   0x08009828   0x00000008   Data   RO         1539    .constdata          stm32f4xx_hal_dma.o
    0x08009830   0x08009830   0x00000010   Data   RO         4374    .constdata          system_stm32f4xx.o
    0x08009840   0x08009840   0x00000008   Data   RO         4375    .constdata          system_stm32f4xx.o
    0x08009848   0x08009848   0x00000019   Data   RO         6328    .constdata          bsp_htc_2k.o
    0x08009861   0x08009861   0x00000003   PAD
    0x08009864   0x08009864   0x00000048   Data   RO         6649    .constdata          bsp_relay.o
    0x080098ac   0x080098ac   0x00000028   Data   RO         6770    .constdata          c_w.l(_printf_hex_int.o)
    0x080098d4   0x080098d4   0x00000011   Data   RO         6805    .constdata          c_w.l(__printf_flags_ss_wp.o)
    0x080098e5   0x080098e5   0x00000003   PAD
    0x080098e8   0x080098e8   0x00000038   Data   RO         6856    .constdata          m_wm.l(log.o)
    0x08009920   0x08009920   0x00000008   Data   RO         6928    .constdata          m_wm.l(qnan.o)
    0x08009928   0x08009928   0x00000094   Data   RO         6967    .constdata          c_w.l(bigflt0.o)
    0x080099bc   0x080099bc   0x0000003a   Data   RO          281    .conststring        freertos.o
    0x080099f6   0x080099f6   0x00000002   PAD
    0x080099f8   0x080099f8   0x00000050   Data   RO         5778    .conststring        task_rs485_log.o
    0x08009a48   0x08009a48   0x0000002e   Data   RO         6650    .conststring        bsp_relay.o
    0x08009a76   0x08009a76   0x00000002   PAD
    0x08009a78   0x08009a78   0x00000020   Data   RO         7150    Region$$Table       anon$$obj.o
    0x08009a98   0x08009a98   0x0000001c   Data   RO         6991    locale$$data        c_w.l(lc_numeric_c.o)
    0x08009ab4   0x08009ab4   0x00000110   Data   RO         7070    locale$$data        c_w.l(lc_ctype_c.o)


    Execution Region RW_IRAM2 (Exec base: 0x10000000, Load base: 0x08009c9c, Size: 0x00000000, Max: 0x00010000, ABSOLUTE)

    **** No section assigned to this execution region ****


    Execution Region RW_IRAM1 (Exec base: 0x20000000, Load base: 0x08009bc4, Size: 0x000049f0, Max: 0x00020000, ABSOLUTE)

    Exec Addr    Load Addr    Size         Type   Attr      Idx    E Section Name        Object

    0x20000000   0x08009bc4   0x00000018   Data   RW          282    .data               freertos.o
    0x20000018   0x08009bdc   0x0000000c   Data   RW         1966    .data               stm32f4xx_hal.o
    0x20000024   0x08009be8   0x00000004   Data   RW         4376    .data               system_stm32f4xx.o
    0x20000028   0x08009bec   0x0000003c   Data   RW         4926    .data               tasks.o
    0x20000064   0x08009c28   0x00000020   Data   RW         5575    .data               heap_4.o
    0x20000084   0x08009c48   0x0000000c   Data   RW         5643    .data               port.o
    0x20000090   0x08009c54   0x0000000c   Data   RW         5714    .data               task_panel.o
    0x2000009c   0x08009c60   0x00000006   Data   RW         5779    .data               task_rs485_log.o
    0x200000a2   0x08009c66   0x00000002   PAD
    0x200000a4   0x08009c68   0x0000001c   Data   RW         5839    .data               task_adc.o
    0x200000c0   0x08009c84   0x00000002   Data   RW         6329    .data               bsp_htc_2k.o
    0x200000c2   0x08009c86   0x00000001   Data   RW         6429    .data               bsp_eeprom.o
    0x200000c3   0x08009c87   0x00000001   PAD
    0x200000c4   0x08009c88   0x00000004   Data   RW         6554    .data               bsp_i2c_mutex.o
    0x200000c8   0x08009c8c   0x00000010   Data   RW         6708    .data               sys_state.o
    0x200000d8        -       0x00000254   Zero   RW          279    .bss                freertos.o
    0x2000032c        -       0x000000a8   Zero   RW          447    .bss                adc.o
    0x200003d4        -       0x00000054   Zero   RW          513    .bss                i2c.o
    0x20000428        -       0x00000020   Zero   RW          555    .bss                rtc.o
    0x20000448        -       0x00000104   Zero   RW          597    .bss                usart.o
    0x2000054c        -       0x00000048   Zero   RW          751    .bss                stm32f4xx_hal_timebase_tim.o
    0x20000594        -       0x000000f0   Zero   RW         4925    .bss                tasks.o
    0x20000684        -       0x00003c00   Zero   RW         5574    .bss                heap_4.o
    0x20004284        -       0x00000080   Zero   RW         5777    .bss                task_rs485_log.o
    0x20004304        -       0x0000000e   Zero   RW         5838    .bss                task_adc.o
    0x20004312   0x08009c9c   0x00000002   PAD
    0x20004314        -       0x0000007c   Zero   RW         6707    .bss                sys_state.o
    0x20004390        -       0x00000060   Zero   RW         7001    .bss                c_w.l(libspace.o)
    0x200043f0        -       0x00000200   Zero   RW            2    HEAP                startup_stm32f407xx.o
    0x200045f0        -       0x00000400   Zero   RW            1    STACK               startup_stm32f407xx.o


==============================================================================

Image component sizes


      Code (inc. data)   RO Data    RW Data    ZI Data      Debug   Object Name

       412         36          0          0        168       1831   adc.o
       322         24          0          1          0       4474   bsp_eeprom.o
      1392        106         25          2          0      11267   bsp_htc_2k.o
        72         14          0          4          0       1519   bsp_i2c_mutex.o
        28         10          0          0          0        844   bsp_led.o
       290         40        118          0          0       3755   bsp_relay.o
        76         12          0          0          0        972   bsp_rs485.o
       382         44          0          0          0       3044   bsp_sht30.o
       328         10          0          0          0      30880   cmsis_os.o
        92          4          0          0          0        778   dma.o
       232          0          0          0          0      24576   event_groups.o
       232         12        198         24        596      13629   freertos.o
       200         14          0          0          0       1003   gpio.o
       472         24          0         32      15360       7243   heap_4.o
       172         28          0          0         84       1581   i2c.o
       138          0          0          0          0       3402   list.o
       246         24          0          0          0     771208   main.o
       786         82          0         12          0      11565   port.o
      1714         14          0          0          0      19582   queue.o
       220         18          0          0         32       1563   rtc.o
        64         26        392          0       1536        820   startup_stm32f407xx.o
        80         14          0         12          0       7938   stm32f4xx_hal.o
      1200         66          0          0          0       7185   stm32f4xx_hal_adc.o
       158         14          0          0          0      33038   stm32f4xx_hal_cortex.o
      1084         16          8          0          0       7130   stm32f4xx_hal_dma.o
       532         46          0          0          0       3376   stm32f4xx_hal_gpio.o
      3346         86          0          0          0      17217   stm32f4xx_hal_i2c.o
        56          4          0          0          0        818   stm32f4xx_hal_msp.o
      1408         82          0          0          0       5729   stm32f4xx_hal_rcc.o
       316         20          0          0          0       1344   stm32f4xx_hal_rcc_ex.o
       916         30          0          0          0       7264   stm32f4xx_hal_rtc.o
        20          0          0          0          0       1651   stm32f4xx_hal_rtc_ex.o
       786         72          0          0          0       7108   stm32f4xx_hal_tim.o
         4          0          0          0          0       1525   stm32f4xx_hal_tim_ex.o
       116         16          0          0         72       1347   stm32f4xx_hal_timebase_tim.o
      1668         16          0          0          0      11024   stm32f4xx_hal_uart.o
        72         30          0          0          0       4896   stm32f4xx_it.o
         0          0          0          0          0        388   stream_buffer.o
       180         30          0         16        124       5524   sys_state.o
        16          4         24          4          0       1055   system_stm32f4xx.o
      1036        168          0         28         14       5510   task_adc.o
        44          0          0          0          0        543   task_led.o
       540         34          0         12          0       3138   task_panel.o
      2632       1076         80          6        128       4677   task_rs485_log.o
        94          0          0          0          0        569   task_sht30.o
      2456        188          0         60        240      28551   tasks.o
       284         28          0          0        260       1792   usart.o

    ----------------------------------------------------------------------
     26962       2582        884        216      18616    1085873   Object Totals
         0          0         32          0          0          0   (incl. Generated)
        48          0          7          3          2          0   (incl. Padding)

    ----------------------------------------------------------------------

      Code (inc. data)   RO Data    RW Data    ZI Data      Debug   Library Member Name

        60          8          0          0          0         84   __0sscanf.o
         8          0          0          0          0         68   __main.o
       392          4         17          0          0         92   __printf_flags_ss_wp.o
        14          0          0          0          0         68   __printf_wp.o
         0          0          0          0          0          0   __rtentry.o
        12          0          0          0          0          0   __rtentry2.o
         6          0          0          0          0          0   __rtentry4.o
        52          8          0          0          0          0   __scatter.o
        26          0          0          0          0          0   __scatter_copy.o
        28          0          0          0          0          0   __scatter_zi.o
        28          0          0          0          0         68   _chval.o
        44          0          0          0          0        108   _printf_char.o
        48          6          0          0          0         96   _printf_char_common.o
         6          0          0          0          0          0   _printf_d.o
       120         16          0          0          0         92   _printf_dec.o
         6          0          0          0          0          0   _printf_f.o
      1054          0          0          0          0        216   _printf_fp_dec.o
       128         16          0          0          0         84   _printf_fp_infnan.o
        88          4         40          0          0         88   _printf_hex_int.o
       178          0          0          0          0         88   _printf_intcommon.o
        78          0          0          0          0        108   _printf_pad.o
         0          0          0          0          0          0   _printf_percent.o
         4          0          0          0          0          0   _printf_percent_end.o
         6          0          0          0          0          0   _printf_s.o
        82          0          0          0          0         80   _printf_str.o
         6          0          0          0          0          0   _printf_u.o
         6          0          0          0          0          0   _printf_x.o
        22          0          0          0          0        100   _rserrno.o
       884          4          0          0          0        100   _scanf.o
       332          0          0          0          0         96   _scanf_int.o
        64          0          0          0          0         84   _sgetc.o
        10          0          0          0          0         68   _sputc.o
       228          4        148          0          0         96   bigflt0.o
      1936        128          0          0          0        672   btod.o
        18          0          0          0          0         80   exit.o
         6          0          0          0          0        152   heapauxi.o
         0          0          0          0          0          0   indicate_semi.o
        18          0          0          0          0         76   isspace.o
        44         10        272          0          0         76   lc_ctype_c.o
        44         10         28          0          0         76   lc_numeric_c.o
         2          0          0          0          0          0   libinit.o
        34          0          0          0          0          0   libinit2.o
         2          0          0          0          0          0   libshutdown.o
         2          0          0          0          0          0   libshutdown2.o
         8          4          0          0         96         68   libspace.o
       138          0          0          0          0         80   lludiv10.o
       238          0          0          0          0        100   lludivv7m.o
        40          6          0          0          0         84   noretval__2sprintf.o
        16          4          0          0          0         76   rt_ctype_table.o
         8          4          0          0          0         68   rt_errno_addr_intlibspace.o
         8          4          0          0          0         68   rt_locale_intlibspace.o
        68          0          0          0          0         68   rt_memclr.o
        78          0          0          0          0         80   rt_memclr_w.o
       138          0          0          0          0         68   rt_memcpy_v6.o
       100          0          0          0          0         80   rt_memcpy_w.o
         2          0          0          0          0          0   rtexit.o
        10          0          0          0          0          0   rtexit2.o
        44          8          0          0          0         84   scanf_char.o
       128          0          0          0          0         68   strcmpv7m.o
        62          0          0          0          0         76   strlen.o
       150          0          0          0          0         80   strncmp.o
        36          0          0          0          0         80   strstr.o
        12          4          0          0          0         68   sys_exit.o
        74          0          0          0          0         80   sys_stackheap_outer.o
         2          0          0          0          0         68   use_no_semi.o
        24          0          0          0          0        164   basic.o
        98          4          0          0          0        140   d2f.o
       826         16          0          0          0        492   daddsub_clz.o
        24          0          0          0          0        116   dcmpi.o
       688        140          0          0          0        256   ddiv.o
       120          4          0          0          0        140   deqf.o
        46          0          0          0          0        116   dflt_clz.o
       340         12          0          0          0        152   dmul.o
       156          4          0          0          0        140   dnaninf.o
        12          0          0          0          0        116   dretinf.o
        86          4          0          0          0        132   f2d.o
       140          4          0          0          0        132   fnaninf.o
        10          0          0          0          0        116   fpinit.o
        10          0          0          0          0        116   fretinf.o
         4          0          0          0          0        116   printf1.o
         0          0          0          0          0          0   usenofp.o
       100         28          0          0          0        372   dunder.o
        48          0          0          0          0        124   fpclassify.o
       964         92         56          0          0        316   log.o
       248          0          0          0          0        152   poly.o
         0          0          8          0          0          0   qnan.o

    ----------------------------------------------------------------------
     11458        560        572          0         96       7868   Library Totals
        28          0          3          0          0          0   (incl. Padding)

    ----------------------------------------------------------------------

      Code (inc. data)   RO Data    RW Data    ZI Data      Debug   Library Name

      7486        252        505          0         96       4460   c_w.l
      2584        188          0          0          0       2444   fz_wm.l
      1360        120         64          0          0        964   m_wm.l

    ----------------------------------------------------------------------
     11458        560        572          0         96       7868   Library Totals

    ----------------------------------------------------------------------

==============================================================================


      Code (inc. data)   RO Data    RW Data    ZI Data      Debug   

     38420       3142       1456        216      18712    1065093   Grand Totals
     38420       3142       1456        216      18712    1065093   ELF Image Totals
     38420       3142       1456        216          0          0   ROM Totals

==============================================================================

    Total RO  Size (Code + RO Data)                39876 (  38.94kB)
    Total RW  Size (RW Data + ZI Data)             18928 (  18.48kB)
    Total ROM Size (Code + RO Data + RW Data)      40092 (  39.15kB)

==============================================================================

