Component: ARM Compiler 5.06 update 7 (build 960) Tool: armlink [4d3601]

==============================================================================

Section Cross References

    startup_stm32f407xx.o(STACK) refers (Special) to heapauxi.o(.text) for __use_two_region_memory
    startup_stm32f407xx.o(HEAP) refers (Special) to heapauxi.o(.text) for __use_two_region_memory
    startup_stm32f407xx.o(RESET) refers (Special) to heapauxi.o(.text) for __use_two_region_memory
    startup_stm32f407xx.o(RESET) refers to startup_stm32f407xx.o(STACK) for __initial_sp
    startup_stm32f407xx.o(RESET) refers to startup_stm32f407xx.o(.text) for Reset_Handler
    startup_stm32f407xx.o(RESET) refers to stm32f4xx_it.o(i.NMI_Handler) for NMI_Handler
    startup_stm32f407xx.o(RESET) refers to stm32f4xx_it.o(i.HardFault_Handler) for HardFault_Handler
    startup_stm32f407xx.o(RESET) refers to stm32f4xx_it.o(i.MemManage_Handler) for MemManage_Handler
    startup_stm32f407xx.o(RESET) refers to stm32f4xx_it.o(i.BusFault_Handler) for BusFault_Handler
    startup_stm32f407xx.o(RESET) refers to stm32f4xx_it.o(i.UsageFault_Handler) for UsageFault_Handler
    startup_stm32f407xx.o(RESET) refers to port.o(.emb_text) for SVC_Handler
    startup_stm32f407xx.o(RESET) refers to stm32f4xx_it.o(i.DebugMon_Handler) for DebugMon_Handler
    startup_stm32f407xx.o(RESET) refers to port.o(i.SysTick_Handler) for SysTick_Handler
    startup_stm32f407xx.o(RESET) refers to stm32f4xx_it.o(i.DMA1_Stream2_IRQHandler) for DMA1_Stream2_IRQHandler
    startup_stm32f407xx.o(RESET) refers to stm32f4xx_it.o(i.DMA1_Stream4_IRQHandler) for DMA1_Stream4_IRQHandler
    startup_stm32f407xx.o(RESET) refers to stm32f4xx_it.o(i.UART4_IRQHandler) for UART4_IRQHandler
    startup_stm32f407xx.o(RESET) refers to stm32f4xx_it.o(i.TIM6_DAC_IRQHandler) for TIM6_DAC_IRQHandler
    startup_stm32f407xx.o(RESET) refers to stm32f4xx_it.o(i.DMA2_Stream0_IRQHandler) for DMA2_Stream0_IRQHandler
    startup_stm32f407xx.o(.text) refers (Special) to heapauxi.o(.text) for __use_two_region_memory
    startup_stm32f407xx.o(.text) refers to system_stm32f4xx.o(i.SystemInit) for SystemInit
    startup_stm32f407xx.o(.text) refers to __main.o(!!!main) for __main
    startup_stm32f407xx.o(.text) refers to startup_stm32f407xx.o(HEAP) for Heap_Mem
    startup_stm32f407xx.o(.text) refers to startup_stm32f407xx.o(STACK) for Stack_Mem
    main.o(i.HAL_TIM_PeriodElapsedCallback) refers to stm32f4xx_hal.o(i.HAL_IncTick) for HAL_IncTick
    main.o(i.SystemClock_Config) refers to rt_memclr_w.o(.text) for __aeabi_memclr4
    main.o(i.SystemClock_Config) refers to stm32f4xx_hal_rcc.o(i.HAL_RCC_OscConfig) for HAL_RCC_OscConfig
    main.o(i.SystemClock_Config) refers to stm32f4xx_hal_rcc.o(i.HAL_RCC_ClockConfig) for HAL_RCC_ClockConfig
    main.o(i.SystemClock_Config) refers to main.o(i.Error_Handler) for Error_Handler
    main.o(i.main) refers to stm32f4xx_hal.o(i.HAL_Init) for HAL_Init
    main.o(i.main) refers to main.o(i.SystemClock_Config) for SystemClock_Config
    main.o(i.main) refers to gpio.o(i.MX_GPIO_Init) for MX_GPIO_Init
    main.o(i.main) refers to dma.o(i.MX_DMA_Init) for MX_DMA_Init
    main.o(i.main) refers to i2c.o(i.MX_I2C1_Init) for MX_I2C1_Init
    main.o(i.main) refers to usart.o(i.MX_UART4_Init) for MX_UART4_Init
    main.o(i.main) refers to rtc.o(i.MX_RTC_Init) for MX_RTC_Init
    main.o(i.main) refers to adc.o(i.MX_ADC1_Init) for MX_ADC1_Init
    main.o(i.main) refers to freertos.o(i.MX_FREERTOS_Init) for MX_FREERTOS_Init
    main.o(i.main) refers to cmsis_os.o(i.osKernelStart) for osKernelStart
    gpio.o(i.MX_GPIO_Init) refers to rt_memclr_w.o(.text) for __aeabi_memclr4
    gpio.o(i.MX_GPIO_Init) refers to stm32f4xx_hal_gpio.o(i.HAL_GPIO_WritePin) for HAL_GPIO_WritePin
    gpio.o(i.MX_GPIO_Init) refers to stm32f4xx_hal_gpio.o(i.HAL_GPIO_Init) for HAL_GPIO_Init
    freertos.o(i.MX_FREERTOS_Init) refers to cmsis_os.o(i.osMutexCreate) for osMutexCreate
    freertos.o(i.MX_FREERTOS_Init) refers to bsp_i2c_mutex.o(i.BSP_I2C1_MutexInit) for BSP_I2C1_MutexInit
    freertos.o(i.MX_FREERTOS_Init) refers to sys_state.o(i.SysState_Init) for SysState_Init
    freertos.o(i.MX_FREERTOS_Init) refers to rt_memcpy_w.o(.text) for __aeabi_memcpy4
    freertos.o(i.MX_FREERTOS_Init) refers to cmsis_os.o(i.osThreadCreate) for osThreadCreate
    freertos.o(i.MX_FREERTOS_Init) refers to freertos.o(.data) for .data
    freertos.o(i.MX_FREERTOS_Init) refers to freertos.o(.constdata) for .constdata
    freertos.o(i.StartTask03) refers to task_panel.o(i.Task_Panel_Process) for Task_Panel_Process
    freertos.o(i.StartTask03) refers to cmsis_os.o(i.osDelay) for osDelay
    freertos.o(i.StartTask_ADC) refers to task_adc.o(i.Task_ADC_Process) for Task_ADC_Process
    freertos.o(i.StartTask_ADC) refers to cmsis_os.o(i.osDelay) for osDelay
    freertos.o(i.StartTask_EXV) refers to task_exv.o(i.Task_EXV_Process) for Task_EXV_Process
    freertos.o(i.StartTask_EXV) refers to cmsis_os.o(i.osDelay) for osDelay
[...]
    _printf_int_dec                          0x080004c1   Thumb Code   104  _printf_dec.o(.text)
    _printf_int_hex                          0x08000539   Thumb Code    84  _printf_hex_int.o(.text)
    _printf_longlong_hex                     0x08000539   Thumb Code     0  _printf_hex_int.o(.text)
    __printf                                 0x08000591   Thumb Code   308  __printf_flags_wp.o(.text)
    __0sscanf                                0x080006c9   Thumb Code    52  __0sscanf.o(.text)
    _scanf_int                               0x08000705   Thumb Code   332  _scanf_int.o(.text)
    strstr                                   0x08000851   Thumb Code    36  strstr.o(.text)
    strlen                                   0x08000875   Thumb Code    62  strlen.o(.text)
    __aeabi_memcpy                           0x080008b3   Thumb Code     0  rt_memcpy_v6.o(.text)
    __rt_memcpy                              0x080008b3   Thumb Code   138  rt_memcpy_v6.o(.text)
    _memcpy_lastbytes                        0x08000919   Thumb Code     0  rt_memcpy_v6.o(.text)
    __aeabi_memcpy4                          0x0800093d   Thumb Code     0  rt_memcpy_w.o(.text)
    __aeabi_memcpy8                          0x0800093d   Thumb Code     0  rt_memcpy_w.o(.text)
    __rt_memcpy_w                            0x0800093d   Thumb Code   100  rt_memcpy_w.o(.text)
    _memcpy_lastbytes_aligned                0x08000985   Thumb Code     0  rt_memcpy_w.o(.text)
    __aeabi_memclr                           0x080009a1   Thumb Code     0  rt_memclr.o(.text)
    __rt_memclr                              0x080009a1   Thumb Code    68  rt_memclr.o(.text)
    _memset                                  0x080009a5   Thumb Code     0  rt_memclr.o(.text)
    __aeabi_memclr4                          0x080009e5   Thumb Code     0  rt_memclr_w.o(.text)
    __aeabi_memclr8                          0x080009e5   Thumb Code     0  rt_memclr_w.o(.text)
    __rt_memclr_w                            0x080009e5   Thumb Code    78  rt_memclr_w.o(.text)
    _memset_w                                0x080009e9   Thumb Code     0  rt_memclr_w.o(.text)
    __use_two_region_memory                  0x08000a33   Thumb Code     2  heapauxi.o(.text)
    __rt_heap_escrow$2region                 0x08000a35   Thumb Code     2  heapauxi.o(.text)
    __rt_heap_expand$2region                 0x08000a37   Thumb Code     2  heapauxi.o(.text)
    __read_errno                             0x08000a39   Thumb Code    10  _rserrno.o(.text)
    __set_errno                              0x08000a43   Thumb Code    12  _rserrno.o(.text)
    _printf_int_common                       0x08000a4f   Thumb Code   178  _printf_intcommon.o(.text)
    __lib_sel_fp_printf                      0x08000b01   Thumb Code     2  _printf_fp_dec.o(.text)
    _printf_fp_dec_real                      0x08000cb3   Thumb Code   620  _printf_fp_dec.o(.text)
    _printf_char_common                      0x08000f2b   Thumb Code    32  _printf_char_common.o(.text)
    _sputc                                   0x08000f51   Thumb Code    10  _sputc.o(.text)
    _chval                                   0x08000f5b   Thumb Code    28  _chval.o(.text)
    __vfscanf_char                           0x08000f85   Thumb Code    24  scanf_char.o(.text)
    _sgetc                                   0x08000fa5   Thumb Code    30  _sgetc.o(.text)
    _sbackspace                              0x08000fc3   Thumb Code    34  _sgetc.o(.text)
    __rt_locale                              0x08000fe5   Thumb Code     8  rt_locale_intlibspace.o(.text)
    __aeabi_errno_addr                       0x08000fed   Thumb Code     8  rt_errno_addr_intlibspace.o(.text)
    __errno$intlibspace                      0x08000fed   Thumb Code     0  rt_errno_addr_intlibspace.o(.text)
    __rt_errno_addr$intlibspace              0x08000fed   Thumb Code     0  rt_errno_addr_intlibspace.o(.text)
    _ll_udiv10                               0x08000ff5   Thumb Code   138  lludiv10.o(.text)
    isspace                                  0x0800107f   Thumb Code    18  isspace.o(.text)
    _printf_fp_infnan                        0x08001091   Thumb Code   112  _printf_fp_infnan.o(.text)
    __vfscanf                                0x08001111   Thumb Code   880  _scanf.o(.text)
    _btod_etento                             0x08001485   Thumb Code   224  bigflt0.o(.text)
    __user_libspace                          0x08001569   Thumb Code     8  libspace.o(.text)
    __user_perproc_libspace                  0x08001569   Thumb Code     0  libspace.o(.text)
    __user_perthread_libspace                0x08001569   Thumb Code     0  libspace.o(.text)
    __user_setup_stackheap                   0x08001571   Thumb Code    74  sys_stackheap_outer.o(.text)
    __rt_ctype_table                         0x080015bd   Thumb Code    16  rt_ctype_table.o(.text)
    exit                                     0x080015cd   Thumb Code    18  exit.o(.text)
    strcmp                                   0x080015e1   Thumb Code   128  strcmpv7m.o(.text)
    _sys_exit                                0x08001661   Thumb Code     8  sys_exit.o(.text)
    __I$use$semihosting                      0x0800166d   Thumb Code     0  use_no_semi.o(.text)
    __use_no_semihosting_swi                 0x0800166d   Thumb Code     2  use_no_semi.o(.text)
    __semihosting_library_function           0x0800166f   Thumb Code     0  indicate_semi.o(.text)
    _btod_d2e                                0x0800166f   Thumb Code    62  btod.o(CL$$btod_d2e)
    _d2e_denorm_low                          0x080016ad   Thumb Code    70  btod.o(CL$$btod_d2e_denorm_low)
    _d2e_norm_op1                            0x080016f3   Thumb Code    96  btod.o(CL$$btod_d2e_norm_op1)
    __btod_div_common                        0x08001753   Thumb Code   696  btod.o(CL$$btod_div_common)
    _e2e                                     0x08001a8b   Thumb Code   220  btod.o(CL$$btod_e2e)
    _btod_ediv                               0x08001b67   Thumb Code    42  btod.o(CL$$btod_ediv)
    _btod_emul                               0x08001b91   Thumb Code    42  btod.o(CL$$btod_emul)
    __btod_mult_common                       0x08001bbb   Thumb Code   580  btod.o(CL$$btod_mult_common)
    BSP_EEPROM_Read                          0x08001fb5   Thumb Code    84  bsp_eeprom.o(i.BSP_EEPROM_Read)
    BSP_EEPROM_Write                         0x0800200d   Thumb Code    92  bsp_eeprom.o(i.BSP_EEPROM_Write)
    BSP_EXV_DeEnergize                       0x0800206d   Thumb Code    12  bsp_exv.o(i.BSP_EXV_DeEnergize)
    BSP_EXV_Init                             0x0800207d   Thumb Code    76  bsp_exv.o(i.BSP_EXV_Init)
    BSP_EXV_ResetToZero                      0x080020d5   Thumb Code    52  bsp_exv.o(i.BSP_EXV_ResetToZero)
    BSP_EXV_SetPosition                      0x0800210d   Thumb Code    54  bsp_exv.o(i.BSP_EXV_SetPosition)
    BSP_EXV_Step                             0x08002149   Thumb Code    98  bsp_exv.o(i.BSP_EXV_Step)
    BSP_I2C1_Lock                            0x080021b1   Thumb Code    18  bsp_i2c_mutex.o(i.BSP_I2C1_Lock)
    BSP_I2C1_MutexInit                       0x080021c9   Thumb Code    20  bsp_i2c_mutex.o(i.BSP_I2C1_MutexInit)
    BSP_I2C1_Unlock                          0x080021e1   Thumb Code    20  bsp_i2c_mutex.o(i.BSP_I2C1_Unlock)
    BSP_LED0_Toggle                          0x080021f9   Thumb Code     8  bsp_led.o(i.BSP_LED0_Toggle)
    BSP_LED1_Toggle                          0x08002205   Thumb Code    10  bsp_led.o(i.BSP_LED1_Toggle)
    BSP_Log_Add                              0x08002215   Thumb Code    54  bsp_eeprom.o(i.BSP_Log_Add)
    BSP_Log_Get_Current_Index                0x08002251   Thumb Code     6  bsp_eeprom.o(i.BSP_Log_Get_Current_Index)
    BSP_Log_Init                             0x0800225d   Thumb Code    40  bsp_eeprom.o(i.BSP_Log_Init)
    BSP_Log_Read_By_Index                    0x08002289   Thumb Code    22  bsp_eeprom.o(i.BSP_Log_Read_By_Index)
    BSP_RS485_Init                           0x080022a1   Thumb Code    12  bsp_rs485.o(i.BSP_RS485_Init)
    BSP_RS485_SendString                     0x080022b1   Thumb Code    52  bsp_rs485.o(i.BSP_RS485_SendString)
    BSP_SHT30_CRC                            0x080022ed   Thumb Code    50  bsp_sht30.o(i.BSP_SHT30_CRC)
    BSP_SHT30_Init                           0x0800231f   Thumb Code    24  bsp_sht30.o(i.BSP_SHT30_Init)
    BSP_SHT30_Read                           0x08002339   Thumb Code   214  bsp_sht30.o(i.BSP_SHT30_Read)
    BSP_SHT30_SoftReset                      0x08002431   Thumb Code    50  bsp_sht30.o(i.BSP_SHT30_SoftReset)
    BusFault_Handler                         0x0800246d   Thumb Code     2  stm32f4xx_it.o(i.BusFault_Handler)
    DMA1_Stream2_IRQHandler                  0x08002471   Thumb Code     6  stm32f4xx_it.o(i.DMA1_Stream2_IRQHandler)
    DMA1_Stream4_IRQHandler                  0x0800247d   Thumb Code     6  stm32f4xx_it.o(i.DMA1_Stream4_IRQHandler)
    DMA2_Stream0_IRQHandler                  0x08002489   Thumb Code     6  stm32f4xx_it.o(i.DMA2_Stream0_IRQHandler)
    DebugMon_Handler                         0x08002539   Thumb Code     2  stm32f4xx_it.o(i.DebugMon_Handler)
    Error_Handler                            0x0800253d   Thumb Code    28  main.o(i.Error_Handler)
    HAL_ADC_ConfigChannel                    0x08002561   Thumb Code   316  stm32f4xx_hal_adc.o(i.HAL_ADC_ConfigChannel)
    HAL_ADC_ConvCpltCallback                 0x080026ad   Thumb Code     2  stm32f4xx_hal_adc.o(i.HAL_ADC_ConvCpltCallback)
    HAL_ADC_ConvHalfCpltCallback             0x080026af   Thumb Code     2  stm32f4xx_hal_adc.o(i.HAL_ADC_ConvHalfCpltCallback)
    HAL_ADC_ErrorCallback                    0x080026b1   Thumb Code     2  stm32f4xx_hal_adc.o(i.HAL_ADC_ErrorCallback)
    HAL_ADC_Init                             0x080026b3   Thumb Code    84  stm32f4xx_hal_adc.o(i.HAL_ADC_Init)
    HAL_ADC_MspInit                          0x08002709   Thumb Code   132  adc.o(i.HAL_ADC_MspInit)
    HAL_ADC_Start_DMA                        0x080027a1   Thumb Code   302  stm32f4xx_hal_adc.o(i.HAL_ADC_Start_DMA)
    HAL_DMA_Abort                            0x080028f5   Thumb Code   146  stm32f4xx_hal_dma.o(i.HAL_DMA_Abort)
    HAL_DMA_Abort_IT                         0x08002987   Thumb Code    36  stm32f4xx_hal_dma.o(i.HAL_DMA_Abort_IT)
    HAL_DMA_IRQHandler                       0x080029ad   Thumb Code   412  stm32f4xx_hal_dma.o(i.HAL_DMA_IRQHandler)
    HAL_DMA_Init                             0x08002b4d   Thumb Code   206  stm32f4xx_hal_dma.o(i.HAL_DMA_Init)
    HAL_DMA_Start_IT                         0x08002c21   Thumb Code   110  stm32f4xx_hal_dma.o(i.HAL_DMA_Start_IT)
    HAL_GPIO_Init                            0x08002c91   Thumb Code   450  stm32f4xx_hal_gpio.o(i.HAL_GPIO_Init)
    HAL_GPIO_ReadPin                         0x08002e81   Thumb Code    10  stm32f4xx_hal_gpio.o(i.HAL_GPIO_ReadPin)
    HAL_GPIO_TogglePin                       0x08002e8b   Thumb Code    16  stm32f4xx_hal_gpio.o(i.HAL_GPIO_TogglePin)
    HAL_GPIO_WritePin                        0x08002e9b   Thumb Code    10  stm32f4xx_hal_gpio.o(i.HAL_GPIO_WritePin)
    HAL_GetTick                              0x08002ea5   Thumb Code     6  stm32f4xx_hal.o(i.HAL_GetTick)
    HAL_I2C_Init                             0x08002eb1   Thumb Code   376  stm32f4xx_hal_i2c.o(i.HAL_I2C_Init)
    HAL_I2C_Master_Receive                   0x08003039   Thumb Code   468  stm32f4xx_hal_i2c.o(i.HAL_I2C_Master_Receive)
    HAL_I2C_Master_Transmit                  0x08003219   Thumb Code   290  stm32f4xx_hal_i2c.o(i.HAL_I2C_Master_Transmit)
    HAL_I2C_Mem_Read                         0x08003345   Thumb Code   490  stm32f4xx_hal_i2c.o(i.HAL_I2C_Mem_Read)
    HAL_I2C_Mem_Write                        0x0800353d   Thumb Code   294  stm32f4xx_hal_i2c.o(i.HAL_I2C_Mem_Write)
    HAL_I2C_MspInit                          0x0800366d   Thumb Code    94  i2c.o(i.HAL_I2C_MspInit)
    HAL_IncTick                              0x080036d9   Thumb Code    12  stm32f4xx_hal.o(i.HAL_IncTick)
    HAL_Init                                 0x080036e9   Thumb Code    48  stm32f4xx_hal.o(i.HAL_Init)
    HAL_InitTick                             0x0800371d   Thumb Code   100  stm32f4xx_hal_timebase_tim.o(i.HAL_InitTick)
    HAL_MspInit                              0x08003791   Thumb Code    52  stm32f4xx_hal_msp.o(i.HAL_MspInit)
    HAL_NVIC_EnableIRQ                       0x080037c9   Thumb Code    26  stm32f4xx_hal_cortex.o(i.HAL_NVIC_EnableIRQ)
    HAL_NVIC_SetPriority                     0x080037e5   Thumb Code    60  stm32f4xx_hal_cortex.o(i.HAL_NVIC_SetPriority)
    HAL_NVIC_SetPriorityGrouping             0x08003825   Thumb Code    26  stm32f4xx_hal_cortex.o(i.HAL_NVIC_SetPriorityGrouping)
    HAL_RCCEx_PeriphCLKConfig                0x08003849   Thumb Code   296  stm32f4xx_hal_rcc_ex.o(i.HAL_RCCEx_PeriphCLKConfig)
    HAL_RCC_ClockConfig                      0x08003985   Thumb Code   288  stm32f4xx_hal_rcc.o(i.HAL_RCC_ClockConfig)
    HAL_RCC_GetClockConfig                   0x08003ab9   Thumb Code    54  stm32f4xx_hal_rcc.o(i.HAL_RCC_GetClockConfig)
    HAL_RCC_GetPCLK1Freq                     0x08003af9   Thumb Code    20  stm32f4xx_hal_rcc.o(i.HAL_RCC_GetPCLK1Freq)
    HAL_RCC_GetPCLK2Freq                     0x08003b19   Thumb Code    20  stm32f4xx_hal_rcc.o(i.HAL_RCC_GetPCLK2Freq)
    HAL_RCC_GetSysClockFreq                  0x08003b39   Thumb Code    88  stm32f4xx_hal_rcc.o(i.HAL_RCC_GetSysClockFreq)
    HAL_RCC_OscConfig                        0x08003b99   Thumb Code   856  stm32f4xx_hal_rcc.o(i.HAL_RCC_OscConfig)
    HAL_RTCEx_BKUPRead                       0x08003f05   Thumb Code    10  stm32f4xx_hal_rtc_ex.o(i.HAL_RTCEx_BKUPRead)
    HAL_RTCEx_BKUPWrite                      0x08003f0f   Thumb Code    10  stm32f4xx_hal_rtc_ex.o(i.HAL_RTCEx_BKUPWrite)
    HAL_RTC_GetDate                          0x08003f19   Thumb Code    62  stm32f4xx_hal_rtc.o(i.HAL_RTC_GetDate)
    HAL_RTC_GetTime                          0x08003f5d   Thumb Code    82  stm32f4xx_hal_rtc.o(i.HAL_RTC_GetTime)
    HAL_RTC_Init                             0x08003fb5   Thumb Code   166  stm32f4xx_hal_rtc.o(i.HAL_RTC_Init)
    HAL_RTC_MspInit                          0x08004061   Thumb Code    48  rtc.o(i.HAL_RTC_MspInit)
    HAL_RTC_SetDate                          0x08004099   Thumb Code   194  stm32f4xx_hal_rtc.o(i.HAL_RTC_SetDate)
    HAL_RTC_SetTime                          0x08004161   Thumb Code   230  stm32f4xx_hal_rtc.o(i.HAL_RTC_SetTime)
    HAL_RTC_WaitForSynchro                   0x0800424d   Thumb Code    54  stm32f4xx_hal_rtc.o(i.HAL_RTC_WaitForSynchro)
    HAL_TIMEx_BreakCallback                  0x08004283   Thumb Code     2  stm32f4xx_hal_tim_ex.o(i.HAL_TIMEx_BreakCallback)
    HAL_TIMEx_CommutCallback                 0x08004285   Thumb Code     2  stm32f4xx_hal_tim_ex.o(i.HAL_TIMEx_CommutCallback)
    HAL_TIM_Base_Init                        0x08004287   Thumb Code    90  stm32f4xx_hal_tim.o(i.HAL_TIM_Base_Init)
    HAL_TIM_Base_MspInit                     0x080042e1   Thumb Code     2  stm32f4xx_hal_tim.o(i.HAL_TIM_Base_MspInit)
    HAL_TIM_Base_Start_IT                    0x080042e5   Thumb Code   100  stm32f4xx_hal_tim.o(i.HAL_TIM_Base_Start_IT)
    HAL_TIM_IC_CaptureCallback               0x08004365   Thumb Code     2  stm32f4xx_hal_tim.o(i.HAL_TIM_IC_CaptureCallback)
    HAL_TIM_IRQHandler                       0x08004367   Thumb Code   358  stm32f4xx_hal_tim.o(i.HAL_TIM_IRQHandler)
    HAL_TIM_OC_DelayElapsedCallback          0x080044cd   Thumb Code     2  stm32f4xx_hal_tim.o(i.HAL_TIM_OC_DelayElapsedCallback)
    HAL_TIM_PWM_PulseFinishedCallback        0x080044cf   Thumb Code     2  stm32f4xx_hal_tim.o(i.HAL_TIM_PWM_PulseFinishedCallback)
    HAL_TIM_PeriodElapsedCallback            0x080044d1   Thumb Code    14  main.o(i.HAL_TIM_PeriodElapsedCallback)
    HAL_TIM_TriggerCallback                  0x080044e5   Thumb Code     2  stm32f4xx_hal_tim.o(i.HAL_TIM_TriggerCallback)
    HAL_UARTEx_RxEventCallback               0x080044e7   Thumb Code     2  stm32f4xx_hal_uart.o(i.HAL_UARTEx_RxEventCallback)
    HAL_UART_ErrorCallback                   0x080044e9   Thumb Code     2  stm32f4xx_hal_uart.o(i.HAL_UART_ErrorCallback)
    HAL_UART_IRQHandler                      0x080044ed   Thumb Code   610  stm32f4xx_hal_uart.o(i.HAL_UART_IRQHandler)
    HAL_UART_Init                            0x08004755   Thumb Code    98  stm32f4xx_hal_uart.o(i.HAL_UART_Init)
    HAL_UART_MspInit                         0x080047b9   Thumb Code   208  usart.o(i.HAL_UART_MspInit)
    HAL_UART_Receive_IT                      0x0800489d   Thumb Code    42  stm32f4xx_hal_uart.o(i.HAL_UART_Receive_IT)
    HAL_UART_RxCpltCallback                  0x080048c9   Thumb Code    58  task_rs485_log.o(i.HAL_UART_RxCpltCallback)
    HAL_UART_Transmit                        0x08004915   Thumb Code   178  stm32f4xx_hal_uart.o(i.HAL_UART_Transmit)
    HAL_UART_TxCpltCallback                  0x080049c7   Thumb Code     2  stm32f4xx_hal_uart.o(i.HAL_UART_TxCpltCallback)
    HTC2K_Init                               0x080049c9   Thumb Code    80  bsp_htc_2k.o(i.HTC2K_Init)
    HTC2K_ReadKeys                           0x08004a21   Thumb Code   100  bsp_htc_2k.o(i.HTC2K_ReadKeys)
    HTC2K_ShowTemp                           0x08004a89   Thumb Code   228  bsp_htc_2k.o(i.HTC2K_ShowTemp)
    HardFault_Handler                        0x08004b85   Thumb Code     2  stm32f4xx_it.o(i.HardFault_Handler)
    MX_ADC1_Init                             0x080050dd   Thumb Code   112  adc.o(i.MX_ADC1_Init)
    MX_DMA_Init                              0x08005159   Thumb Code    88  dma.o(i.MX_DMA_Init)
    MX_FREERTOS_Init                         0x080051b5   Thumb Code   162  freertos.o(i.MX_FREERTOS_Init)
    MX_GPIO_Init                             0x08005261   Thumb Code   186  gpio.o(i.MX_GPIO_Init)
    MX_I2C1_Init                             0x08005329   Thumb Code    50  i2c.o(i.MX_I2C1_Init)
    MX_RTC_Init                              0x08005369   Thumb Code   154  rtc.o(i.MX_RTC_Init)
    MX_UART4_Init                            0x0800540d   Thumb Code    48  usart.o(i.MX_UART4_Init)
    MemManage_Handler                        0x08005445   Thumb Code     2  stm32f4xx_it.o(i.MemManage_Handler)
    NMI_Handler                              0x08005447   Thumb Code     2  stm32f4xx_it.o(i.NMI_Handler)
    RTC_Bcd2ToByte                           0x08005449   Thumb Code    18  stm32f4xx_hal_rtc.o(i.RTC_Bcd2ToByte)
    RTC_ByteToBcd2                           0x0800545b   Thumb Code    22  stm32f4xx_hal_rtc.o(i.RTC_ByteToBcd2)
    RTC_EnterInitMode                        0x08005471   Thumb Code    58  stm32f4xx_hal_rtc.o(i.RTC_EnterInitMode)
    StartTask03                              0x080054ab   Thumb Code    12  freertos.o(i.StartTask03)
    StartTask_ADC                            0x080054b7   Thumb Code    12  freertos.o(i.StartTask_ADC)
    StartTask_EXV                            0x080054c3   Thumb Code    12  freertos.o(i.StartTask_EXV)
    StartTask_LED                            0x080054cf   Thumb Code    12  freertos.o(i.StartTask_LED)
    StartTask_RS485                          0x080054db   Thumb Code    12  freertos.o(i.StartTask_RS485)
    StartTask_SHT30                          0x080054e7   Thumb Code    12  freertos.o(i.StartTask_SHT30)
    SysState_GetRawPtr                       0x080054f5   Thumb Code     4  sys_state.o(i.SysState_GetRawPtr)
    SysState_GetSensor                       0x080054fd   Thumb Code    56  sys_state.o(i.SysState_GetSensor)
    SysState_Init                            0x0800553d   Thumb Code    52  sys_state.o(i.SysState_Init)
    SysState_Lock                            0x08005579   Thumb Code    18  sys_state.o(i.SysState_Lock)
    SysState_Unlock                          0x08005591   Thumb Code    20  sys_state.o(i.SysState_Unlock)
    SysTick_Handler                          0x080055a9   Thumb Code    38  port.o(i.SysTick_Handler)
    SystemClock_Config                       0x080055d5   Thumb Code   138  main.o(i.SystemClock_Config)
    SystemInit                               0x08005669   Thumb Code    12  system_stm32f4xx.o(i.SystemInit)
    System_Record_Fault                      0x08005679   Thumb Code   140  task_rs485_log.o(i.System_Record_Fault)
    TIM6_DAC_IRQHandler                      0x0800570d   Thumb Code     6  stm32f4xx_it.o(i.TIM6_DAC_IRQHandler)
    TIM_Base_SetConfig                       0x08005719   Thumb Code   156  stm32f4xx_hal_tim.o(i.TIM_Base_SetConfig)
    Task_ADC_Process                         0x08005919   Thumb Code   104  task_adc.o(i.Task_ADC_Process)
    Task_EXV_Process                         0x08005989   Thumb Code    94  task_exv.o(i.Task_EXV_Process)
    Task_LED_Process                         0x080059e7   Thumb Code    44  task_led.o(i.Task_LED_Process)
    Task_Panel_Process                       0x08005a15   Thumb Code   266  task_panel.o(i.Task_Panel_Process)
    Task_RS485Log_Process                    0x08005b31   Thumb Code   526  task_rs485_log.o(i.Task_RS485Log_Process)
    Task_SHT30_Process                       0x08005eb5   Thumb Code    82  task_sht30.o(i.Task_SHT30_Process)
    UART4_IRQHandler                         0x08005f09   Thumb Code     6  stm32f4xx_it.o(i.UART4_IRQHandler)
    UART_Start_Receive_IT                    0x08006141   Thumb Code    54  stm32f4xx_hal_uart.o(i.UART_Start_Receive_IT)
    UsageFault_Handler                       0x080061ef   Thumb Code     2  stm32f4xx_it.o(i.UsageFault_Handler)
    __ARM_fpclassify                         0x080061f1   Thumb Code    48  fpclassify.o(i.__ARM_fpclassify)
    __hardfp_log                             0x08006241   Thumb Code   872  log.o(i.__hardfp_log)
    __kernel_poly                            0x08006605   Thumb Code   248  poly.o(i.__kernel_poly)
    __mathlib_dbl_divzero                    0x08006701   Thumb Code    28  dunder.o(i.__mathlib_dbl_divzero)
    __mathlib_dbl_infnan                     0x08006731   Thumb Code    20  dunder.o(i.__mathlib_dbl_infnan)
    __mathlib_dbl_invalid                    0x08006749   Thumb Code    24  dunder.o(i.__mathlib_dbl_invalid)
    _is_digit                                0x08006769   Thumb Code    14  __printf_wp.o(i._is_digit)
    adc_to_temperature_10k                   0x08006779   Thumb Code   180  task_adc.o(i.adc_to_temperature_10k)
    adc_to_temperature_50k                   0x08006855   Thumb Code   180  task_adc.o(i.adc_to_temperature_50k)
    main                                     0x080069a9   Thumb Code    42  main.o(i.main)
    osDelay                                  0x080069df   Thumb Code    14  cmsis_os.o(i.osDelay)
    osKernelStart                            0x080069ed   Thumb Code    10  cmsis_os.o(i.osKernelStart)
    osMutexCreate                            0x080069f7   Thumb Code    16  cmsis_os.o(i.osMutexCreate)
    osMutexRelease                           0x08006a09   Thumb Code    74  cmsis_os.o(i.osMutexRelease)
    osMutexWait                              0x08006a59   Thumb Code    96  cmsis_os.o(i.osMutexWait)
    osThreadCreate                           0x08006abd   Thumb Code    84  cmsis_os.o(i.osThreadCreate)
    pvPortMalloc                             0x08006fa5   Thumb Code   216  heap_4.o(i.pvPortMalloc)
    pvTaskIncrementMutexHeldCount            0x08007081   Thumb Code    18  tasks.o(i.pvTaskIncrementMutexHeldCount)
    pxPortInitialiseStack                    0x08007099   Thumb Code    40  port.o(i.pxPortInitialiseStack)
    uxListRemove                             0x080070c5   Thumb Code    38  list.o(i.uxListRemove)
    vApplicationGetIdleTaskMemory            0x080070ed   Thumb Code    16  freertos.o(i.vApplicationGetIdleTaskMemory)
    vListInitialise                          0x08007101   Thumb Code    22  list.o(i.vListInitialise)
    vListInitialiseItem                      0x08007117   Thumb Code     6  list.o(i.vListInitialiseItem)
    vListInsert                              0x0800711d   Thumb Code    48  list.o(i.vListInsert)
    vListInsertEnd                           0x0800714d   Thumb Code    24  list.o(i.vListInsertEnd)
    vPortEnterCritical                       0x08007165   Thumb Code    54  port.o(i.vPortEnterCritical)
    vPortExitCritical                        0x080071a5   Thumb Code    34  port.o(i.vPortExitCritical)
    vPortFree                                0x080071cd   Thumb Code    94  heap_4.o(i.vPortFree)
    vPortSetupTimerInterrupt                 0x08007231   Thumb Code    32  port.o(i.vPortSetupTimerInterrupt)
    vPortValidateInterruptPriority           0x08007255   Thumb Code    74  port.o(i.vPortValidateInterruptPriority)
    vTaskDelay                               0x080072a9   Thumb Code    66  tasks.o(i.vTaskDelay)
    vTaskInternalSetTimeOutState             0x080072f5   Thumb Code    12  tasks.o(i.vTaskInternalSetTimeOutState)
    vTaskMissedYield                         0x08007305   Thumb Code     8  tasks.o(i.vTaskMissedYield)
    vTaskPlaceOnEventList                    0x08007311   Thumb Code    44  tasks.o(i.vTaskPlaceOnEventList)
    vTaskPriorityDisinheritAfterTimeout      0x08007341   Thumb Code   152  tasks.o(i.vTaskPriorityDisinheritAfterTimeout)
    vTaskStartScheduler                      0x080073e1   Thumb Code    90  tasks.o(i.vTaskStartScheduler)
    vTaskSuspendAll                          0x0800744d   Thumb Code    10  tasks.o(i.vTaskSuspendAll)
    vTaskSwitchContext                       0x0800745d   Thumb Code    82  tasks.o(i.vTaskSwitchContext)
    xEventGroupCreate                        0x080074b9   Thumb Code    28  event_groups.o(i.xEventGroupCreate)
    xPortStartScheduler                      0x080074d5   Thumb Code   222  port.o(i.xPortStartScheduler)
    xQueueCreateMutex                        0x080075c9   Thumb Code    22  queue.o(i.xQueueCreateMutex)
    xQueueCreateMutexStatic                  0x080075df   Thumb Code    26  queue.o(i.xQueueCreateMutexStatic)
    xQueueGenericCreate                      0x080075f9   Thumb Code    66  queue.o(i.xQueueGenericCreate)
    xQueueGenericCreateStatic                0x0800763b   Thumb Code   102  queue.o(i.xQueueGenericCreateStatic)
    xQueueGenericReset                       0x080076a1   Thumb Code   132  queue.o(i.xQueueGenericReset)
    xQueueGenericSend                        0x08007729   Thumb Code   346  queue.o(i.xQueueGenericSend)
    xQueueGiveFromISR                        0x08007889   Thumb Code   156  queue.o(i.xQueueGiveFromISR)
    xQueueReceiveFromISR                     0x08007925   Thumb Code   154  queue.o(i.xQueueReceiveFromISR)
    xQueueSemaphoreTake                      0x080079c1   Thumb Code   372  queue.o(i.xQueueSemaphoreTake)
    xTaskCheckForTimeOut                     0x08007b39   Thumb Code   112  tasks.o(i.xTaskCheckForTimeOut)
    xTaskCreate                              0x08007bad   Thumb Code    90  tasks.o(i.xTaskCreate)
    xTaskCreateStatic                        0x08007c07   Thumb Code    86  tasks.o(i.xTaskCreateStatic)
    xTaskGetSchedulerState                   0x08007c5d   Thumb Code    22  tasks.o(i.xTaskGetSchedulerState)
    xTaskIncrementTick                       0x08007c79   Thumb Code   194  tasks.o(i.xTaskIncrementTick)
    xTaskPriorityDisinherit                  0x08007d45   Thumb Code   144  tasks.o(i.xTaskPriorityDisinherit)
    xTaskPriorityInherit                     0x08007ddd   Thumb Code   130  tasks.o(i.xTaskPriorityInherit)
    xTaskRemoveFromEventList                 0x08007e69   Thumb Code   108  tasks.o(i.xTaskRemoveFromEventList)
    xTaskResumeAll                           0x08007edd   Thumb Code   182  tasks.o(i.xTaskResumeAll)
    _get_lc_numeric                          0x08007fa1   Thumb Code    44  lc_numeric_c.o(locale$$code)
    _get_lc_ctype                            0x08007fcd   Thumb Code    44  lc_ctype_c.o(locale$$code)
    __aeabi_dneg                             0x08007ff9   Thumb Code     0  basic.o(x$fpl$basic)
    _dneg                                    0x08007ff9   Thumb Code     6  basic.o(x$fpl$basic)
    __aeabi_fneg                             0x08007fff   Thumb Code     0  basic.o(x$fpl$basic)
    _fneg                                    0x08007fff   Thumb Code     6  basic.o(x$fpl$basic)
    _dabs                                    0x08008005   Thumb Code     6  basic.o(x$fpl$basic)
    _fabs                                    0x0800800b   Thumb Code     6  basic.o(x$fpl$basic)
    __aeabi_d2f                              0x08008011   Thumb Code     0  d2f.o(x$fpl$d2f)
    _d2f                                     0x08008011   Thumb Code    98  d2f.o(x$fpl$d2f)
    __aeabi_dadd                             0x08008075   Thumb Code     0  daddsub_clz.o(x$fpl$dadd)
    _dadd                                    0x08008075   Thumb Code   332  daddsub_clz.o(x$fpl$dadd)
    __fpl_dcmp_Inf                           0x080081c5   Thumb Code    24  dcmpi.o(x$fpl$dcmpinf)
    __aeabi_ddiv                             0x080081dd   Thumb Code     0  ddiv.o(x$fpl$ddiv)
    _ddiv                                    0x080081dd   Thumb Code   552  ddiv.o(x$fpl$ddiv)
    __aeabi_cdcmpeq                          0x0800848d   Thumb Code     0  deqf.o(x$fpl$deqf)
    _dcmpeq                                  0x0800848d   Thumb Code   120  deqf.o(x$fpl$deqf)
    __aeabi_i2d                              0x08008505   Thumb Code     0  dflt_clz.o(x$fpl$dflt)
    _dflt                                    0x08008505   Thumb Code    46  dflt_clz.o(x$fpl$dflt)
    __aeabi_dmul                             0x08008535   Thumb Code     0  dmul.o(x$fpl$dmul)
    _dmul                                    0x08008535   Thumb Code   332  dmul.o(x$fpl$dmul)
    __fpl_dnaninf                            0x08008689   Thumb Code   156  dnaninf.o(x$fpl$dnaninf)
    __fpl_dretinf                            0x08008725   Thumb Code    12  dretinf.o(x$fpl$dretinf)
    __aeabi_drsub                            0x08008731   Thumb Code     0  daddsub_clz.o(x$fpl$drsb)
    _drsb                                    0x08008731   Thumb Code    22  daddsub_clz.o(x$fpl$drsb)
    __aeabi_dsub                             0x08008749   Thumb Code     0  daddsub_clz.o(x$fpl$dsub)
    _dsub                                    0x08008749   Thumb Code   464  daddsub_clz.o(x$fpl$dsub)
    __aeabi_f2d                              0x0800891d   Thumb Code     0  f2d.o(x$fpl$f2d)
    _f2d                                     0x0800891d   Thumb Code    86  f2d.o(x$fpl$f2d)
    __fpl_fnaninf                            0x08008973   Thumb Code   140  fnaninf.o(x$fpl$fnaninf)
    _fp_init                                 0x080089ff   Thumb Code    10  fpinit.o(x$fpl$fpinit)
    __fplib_config_fpu_vfp                   0x08008a07   Thumb Code     0  fpinit.o(x$fpl$fpinit)
    __fplib_config_pureend_doubles           0x08008a07   Thumb Code     0  fpinit.o(x$fpl$fpinit)
    __fpl_fretinf                            0x08008a09   Thumb Code    10  fretinf.o(x$fpl$fretinf)
    _printf_fp_dec                           0x08008a13   Thumb Code     4  printf1.o(x$fpl$printf1)
    __I$use$fp                               0x08008a16   Number         0  usenofp.o(x$fpl$usenofp)
    AHBPrescTable                            0x08008ac8   Data          16  system_stm32f4xx.o(.constdata)
    APBPrescTable                            0x08008ad8   Data           8  system_stm32f4xx.o(.constdata)
    SmgTab                                   0x08008ae0   Data          25  bsp_htc_2k.o(.constdata)
    __mathlib_zero                           0x08008b80   Data           8  qnan.o(.constdata)
    Region$$Table$$Base                      0x08008cb4   Number         0  anon$$obj.o(Region$$Table)
    Region$$Table$$Limit                     0x08008cd4   Number         0  anon$$obj.o(Region$$Table)
    __ctype                                  0x08008cfd   Data           0  lc_ctype_c.o(locale$$data)
    Task_LEDHandle                           0x20000000   Data           4  freertos.o(.data)
    Task_RS485Handle                         0x20000004   Data           4  freertos.o(.data)
    TaskPanelHandle                          0x20000008   Data           4  freertos.o(.data)
    Task_ADCHandle                           0x2000000c   Data           4  freertos.o(.data)
    Task_SHT30Handle                         0x20000010   Data           4  freertos.o(.data)
    Task_EXVHandle                           0x20000014   Data           4  freertos.o(.data)
    EEPROM_MutexHandle                       0x20000018   Data           4  freertos.o(.data)
    uwTickFreq                               0x2000001c   Data           1  stm32f4xx_hal.o(.data)
    uwTickPrio                               0x20000020   Data           4  stm32f4xx_hal.o(.data)
    uwTick                                   0x20000024   Data           4  stm32f4xx_hal.o(.data)
    SystemCoreClock                          0x20000028   Data           4  system_stm32f4xx.o(.data)
    pxCurrentTCB                             0x2000002c   Data           4  tasks.o(.data)
    g_mode                                   0x20000094   Data           1  task_panel.o(.data)
    g_env_temp                               0x20000098   Data           4  task_panel.o(.data)
    g_set_limit                              0x2000009c   Data           4  task_panel.o(.data)
    rx_complete                              0x200000a0   Data           1  task_rs485_log.o(.data)
    rx_byte                                  0x200000a1   Data           1  task_rs485_log.o(.data)
    rx_index                                 0x200000a2   Data           2  task_rs485_log.o(.data)
    adc_buffer                               0x200000a4   Data           4  task_adc.o(.data)
    g_IconSet                                0x200000a8   Data           1  bsp_htc_2k.o(.data)
    SysEventGroup                            0x200000b4   Data           4  sys_state.o(.data)
    SysTimerEventGroup                       0x200000b8   Data           4  sys_state.o(.data)
    SensorDataMutex                          0x200000bc   Data           4  sys_state.o(.data)
    g_AlarmFlags                             0x200000c0   Data           4  sys_state.o(.data)
    hadc1                                    0x20000318   Data          72  adc.o(.bss)
    hdma_adc1                                0x20000360   Data          96  adc.o(.bss)
    hi2c1                                    0x200003c0   Data          84  i2c.o(.bss)
    hrtc                                     0x20000414   Data          32  rtc.o(.bss)
    huart4                                   0x20000434   Data          68  usart.o(.bss)
    hdma_uart4_rx                            0x20000478   Data          96  usart.o(.bss)
    hdma_uart4_tx                            0x200004d8   Data          96  usart.o(.bss)
    htim6                                    0x20000538   Data          72  stm32f4xx_hal_timebase_tim.o(.bss)
    rx_buffer                                0x20004270   Data         128  task_rs485_log.o(.bss)
    g_TimerData                              0x20004334   Data          56  sys_state.o(.bss)
    __libspace_start                         0x2000436c   Data          96  libspace.o(.bss)
    __temporary_stack_top$libspace           0x200043cc   Data           0  libspace.o(.bss)



==============================================================================

Memory Map of the image

  Image Entry point : 0x08000189

  Load Region LR_IROM1 (Base: 0x08000000, Size: 0x00008ec4, Max: 0x00080000, ABSOLUTE)

    Execution Region ER_IROM1 (Exec base: 0x08000000, Load base: 0x08000000, Size: 0x00008e00, Max: 0x00080000, ABSOLUTE)

    Exec Addr    Load Addr    Size         Type   Attr      Idx    E Section Name        Object

    0x08000000   0x08000000   0x00000188   Data   RO            3    RESET               startup_stm32f407xx.o
    0x08000188   0x08000188   0x00000008   Code   RO         6304  * !!!main             c_w.l(__main.o)
    0x08000190   0x08000190   0x00000034   Code   RO         6619    !!!scatter          c_w.l(__scatter.o)
    0x080001c4   0x080001c4   0x0000001a   Code   RO         6621    !!handler_copy      c_w.l(__scatter_copy.o)
    0x080001de   0x080001de   0x00000002   PAD
    0x080001e0   0x080001e0   0x0000001c   Code   RO         6623    !!handler_zi        c_w.l(__scatter_zi.o)
    0x080001fc   0x080001fc   0x00000000   Code   RO         6283    .ARM.Collect$$_printf_percent$$00000000  c_w.l(_printf_percent.o)
    0x080001fc   0x080001fc   0x00000006   Code   RO         6282    .ARM.Collect$$_printf_percent$$00000003  c_w.l(_printf_f.o)
    0x08000202   0x08000202   0x00000006   Code   RO         6281    .ARM.Collect$$_printf_percent$$00000009  c_w.l(_printf_d.o)
    0x08000208   0x08000208   0x00000006   Code   RO         6280    .ARM.Collect$$_printf_percent$$0000000C  c_w.l(_printf_x.o)
    0x0800020e   0x0800020e   0x00000004   Code   RO         6351    .ARM.Collect$$_printf_percent$$00000017  c_w.l(_printf_percent_end.o)
    0x08000212   0x08000212   0x00000002   Code   RO         6487    .ARM.Collect$$libinit$$00000000  c_w.l(libinit.o)
    0x08000214   0x08000214   0x00000004   Code   RO         6488    .ARM.Collect$$libinit$$00000001  c_w.l(libinit2.o)
    0x08000218   0x08000218   0x00000000   Code   RO         6491    .ARM.Collect$$libinit$$00000004  c_w.l(libinit2.o)
    0x08000218   0x08000218   0x00000000   Code   RO         6494    .ARM.Collect$$libinit$$0000000A  c_w.l(libinit2.o)
    0x08000218   0x08000218   0x00000000   Code   RO         6496    .ARM.Collect$$libinit$$0000000C  c_w.l(libinit2.o)
    0x08000218   0x08000218   0x00000000   Code   RO         6498    .ARM.Collect$$libinit$$0000000E  c_w.l(libinit2.o)
    0x08000218   0x08000218   0x00000006   Code   RO         6499    .ARM.Collect$$libinit$$0000000F  c_w.l(libinit2.o)
    0x0800021e   0x0800021e   0x00000000   Code   RO         6501    .ARM.Collect$$libinit$$00000011  c_w.l(libinit2.o)
    0x0800021e   0x0800021e   0x0000000c   Code   RO         6502    .ARM.Collect$$libinit$$00000012  c_w.l(libinit2.o)
    0x0800022a   0x0800022a   0x00000000   Code   RO         6503    .ARM.Collect$$libinit$$00000013  c_w.l(libinit2.o)
    0x0800022a   0x0800022a   0x00000000   Code   RO         6505    .ARM.Collect$$libinit$$00000015  c_w.l(libinit2.o)
    0x0800022a   0x0800022a   0x0000000a   Code   RO         6506    .ARM.Collect$$libinit$$00000016  c_w.l(libinit2.o)
    0x08000234   0x08000234   0x00000000   Code   RO         6507    .ARM.Collect$$libinit$$00000017  c_w.l(libinit2.o)
    0x08000234   0x08000234   0x00000000   Code   RO         6509    .ARM.Collect$$libinit$$00000019  c_w.l(libinit2.o)
    0x08000234   0x08000234   0x00000000   Code   RO         6511    .ARM.Collect$$libinit$$0000001B  c_w.l(libinit2.o)
    0x08000234   0x08000234   0x00000000   Code   RO         6513    .ARM.Collect$$libinit$$0000001D  c_w.l(libinit2.o)
    0x08000234   0x08000234   0x00000000   Code   RO         6515    .ARM.Collect$$libinit$$0000001F  c_w.l(libinit2.o)
    0x08000234   0x08000234   0x00000000   Code   RO         6517    .ARM.Collect$$libinit$$00000021  c_w.l(libinit2.o)
    0x08000234   0x08000234   0x00000000   Code   RO         6519    .ARM.Collect$$libinit$$00000023  c_w.l(libinit2.o)
    0x08000234   0x08000234   0x00000000   Code   RO         6521    .ARM.Collect$$libinit$$00000025  c_w.l(libinit2.o)
    0x08000234   0x08000234   0x00000000   Code   RO         6525    .ARM.Collect$$libinit$$0000002C  c_w.l(libinit2.o)
    0x08000234   0x08000234   0x00000000   Code   RO         6527    .ARM.Collect$$libinit$$0000002E  c_w.l(libinit2.o)
    0x08000234   0x08000234   0x00000000   Code   RO         6529    .ARM.Collect$$libinit$$00000030  c_w.l(libinit2.o)
    0x08000234   0x08000234   0x00000000   Code   RO         6531    .ARM.Collect$$libinit$$00000032  c_w.l(libinit2.o)
    0x08000234   0x08000234   0x00000002   Code   RO         6532    .ARM.Collect$$libinit$$00000033  c_w.l(libinit2.o)
    0x08000236   0x08000236   0x00000002   Code   RO         6582    .ARM.Collect$$libshutdown$$00000000  c_w.l(libshutdown.o)
    0x08000238   0x08000238   0x00000000   Code   RO         6600    .ARM.Collect$$libshutdown$$00000002  c_w.l(libshutdown2.o)
    0x08000238   0x08000238   0x00000000   Code   RO         6602    .ARM.Collect$$libshutdown$$00000004  c_w.l(libshutdown2.o)
    0x08000238   0x08000238   0x00000000   Code   RO         6604    .ARM.Collect$$libshutdown$$00000006  c_w.l(libshutdown2.o)
    0x08000238   0x08000238   0x00000000   Code   RO         6607    .ARM.Collect$$libshutdown$$00000009  c_w.l(libshutdown2.o)
    0x08000238   0x08000238   0x00000000   Code   RO         6610    .ARM.Collect$$libshutdown$$0000000C  c_w.l(libshutdown2.o)
    0x08000238   0x08000238   0x00000000   Code   RO         6612    .ARM.Collect$$libshutdown$$0000000E  c_w.l(libshutdown2.o)
    0x08000238   0x08000238   0x00000000   Code   RO         6615    .ARM.Collect$$libshutdown$$00000011  c_w.l(libshutdown2.o)
    0x08000238   0x08000238   0x00000002   Code   RO         6616    .ARM.Collect$$libshutdown$$00000012  c_w.l(libshutdown2.o)
    0x0800023a   0x0800023a   0x00000000   Code   RO         6336    .ARM.Collect$$rtentry$$00000000  c_w.l(__rtentry.o)
    0x0800023a   0x0800023a   0x00000000   Code   RO         6397    .ARM.Collect$$rtentry$$00000002  c_w.l(__rtentry2.o)
    0x0800023a   0x0800023a   0x00000006   Code   RO         6409    .ARM.Collect$$rtentry$$00000004  c_w.l(__rtentry4.o)
    0x08000240   0x08000240   0x00000000   Code   RO         6399    .ARM.Collect$$rtentry$$00000009  c_w.l(__rtentry2.o)
    0x08000240   0x08000240   0x00000004   Code   RO         6400    .ARM.Collect$$rtentry$$0000000A  c_w.l(__rtentry2.o)
    0x08000244   0x08000244   0x00000000   Code   RO         6402    .ARM.Collect$$rtentry$$0000000C  c_w.l(__rtentry2.o)
    0x08000244   0x08000244   0x00000008   Code   RO         6403    .ARM.Collect$$rtentry$$0000000D  c_w.l(__rtentry2.o)
    0x0800024c   0x0800024c   0x00000002   Code   RO         6533    .ARM.Collect$$rtexit$$00000000  c_w.l(rtexit.o)
    0x0800024e   0x0800024e   0x00000000   Code   RO         6551    .ARM.Collect$$rtexit$$00000002  c_w.l(rtexit2.o)
    0x0800024e   0x0800024e   0x00000004   Code   RO         6552    .ARM.Collect$$rtexit$$00000003  c_w.l(rtexit2.o)
    0x08000252   0x08000252   0x00000006   Code   RO         6553    .ARM.Collect$$rtexit$$00000004  c_w.l(rtexit2.o)
    0x08000258   0x08000258   0x000000be   Code   RO         5560    .emb_text           port.o
    0x08000316   0x08000316   0x00000002   PAD
    0x08000318   0x08000318   0x00000040   Code   RO            4    .text               startup_stm32f407xx.o
    0x08000358   0x08000358   0x000000ee   Code   RO         6227    .text               c_w.l(lludivv7m.o)
    0x08000446   0x08000446   0x00000002   PAD
    0x08000448   0x08000448   0x00000028   Code   RO         6231    .text               c_w.l(noretval__2sprintf.o)
    0x08000470   0x08000470   0x0000004e   Code   RO         6235    .text               c_w.l(_printf_pad.o)
    0x080004be   0x080004be   0x00000002   PAD
    0x080004c0   0x080004c0   0x00000078   Code   RO         6237    .text               c_w.l(_printf_dec.o)
    0x08000538   0x08000538   0x00000058   Code   RO         6242    .text               c_w.l(_printf_hex_int.o)
    0x08000590   0x08000590   0x00000138   Code   RO         6272    .text               c_w.l(__printf_flags_wp.o)
    0x080006c8   0x080006c8   0x0000003c   Code   RO         6284    .text               c_w.l(__0sscanf.o)
    0x08000704   0x08000704   0x0000014c   Code   RO         6286    .text               c_w.l(_scanf_int.o)
    0x08000850   0x08000850   0x00000024   Code   RO         6288    .text               c_w.l(strstr.o)
    0x08000874   0x08000874   0x0000003e   Code   RO         6290    .text               c_w.l(strlen.o)
    0x080008b2   0x080008b2   0x0000008a   Code   RO         6292    .text               c_w.l(rt_memcpy_v6.o)
    0x0800093c   0x0800093c   0x00000064   Code   RO         6294    .text               c_w.l(rt_memcpy_w.o)
    0x080009a0   0x080009a0   0x00000044   Code   RO         6298    .text               c_w.l(rt_memclr.o)
    0x080009e4   0x080009e4   0x0000004e   Code   RO         6300    .text               c_w.l(rt_memclr_w.o)
    0x08000a32   0x08000a32   0x00000006   Code   RO         6302    .text               c_w.l(heapauxi.o)
    0x08000a38   0x08000a38   0x00000016   Code   RO         6341    .text               c_w.l(_rserrno.o)
    0x08000a4e   0x08000a4e   0x000000b2   Code   RO         6343    .text               c_w.l(_printf_intcommon.o)
    0x08000b00   0x08000b00   0x0000041e   Code   RO         6345    .text               c_w.l(_printf_fp_dec.o)
    0x08000f1e   0x08000f1e   0x00000002   PAD
    0x08000f20   0x08000f20   0x00000030   Code   RO         6347    .text               c_w.l(_printf_char_common.o)
    0x08000f50   0x08000f50   0x0000000a   Code   RO         6349    .text               c_w.l(_sputc.o)
    0x08000f5a   0x08000f5a   0x0000001c   Code   RO         6352    .text               c_w.l(_chval.o)
    0x08000f76   0x08000f76   0x00000002   PAD
    0x08000f78   0x08000f78   0x0000002c   Code   RO         6354    .text               c_w.l(scanf_char.o)
    0x08000fa4   0x08000fa4   0x00000040   Code   RO         6356    .text               c_w.l(_sgetc.o)
    0x08000fe4   0x08000fe4   0x00000008   Code   RO         6416    .text               c_w.l(rt_locale_intlibspace.o)
    0x08000fec   0x08000fec   0x00000008   Code   RO         6421    .text               c_w.l(rt_errno_addr_intlibspace.o)
    0x08000ff4   0x08000ff4   0x0000008a   Code   RO         6423    .text               c_w.l(lludiv10.o)
    0x0800107e   0x0800107e   0x00000012   Code   RO         6425    .text               c_w.l(isspace.o)
    0x08001090   0x08001090   0x00000080   Code   RO         6427    .text               c_w.l(_printf_fp_infnan.o)
    0x08001110   0x08001110   0x00000374   Code   RO         6431    .text               c_w.l(_scanf.o)
    0x08001484   0x08001484   0x000000e4   Code   RO         6433    .text               c_w.l(bigflt0.o)
    0x08001568   0x08001568   0x00000008   Code   RO         6467    .text               c_w.l(libspace.o)
    0x08001570   0x08001570   0x0000004a   Code   RO         6470    .text               c_w.l(sys_stackheap_outer.o)
    0x080015ba   0x080015ba   0x00000002   PAD
    0x080015bc   0x080015bc   0x00000010   Code   RO         6472    .text               c_w.l(rt_ctype_table.o)
    0x080015cc   0x080015cc   0x00000012   Code   RO         6474    .text               c_w.l(exit.o)
    0x080015de   0x080015de   0x00000002   PAD
    0x080015e0   0x080015e0   0x00000080   Code   RO         6480    .text               c_w.l(strcmpv7m.o)
    0x08001660   0x08001660   0x0000000c   Code   RO         6548    .text               c_w.l(sys_exit.o)
    0x0800166c   0x0800166c   0x00000002   Code   RO         6569    .text               c_w.l(use_no_semi.o)
    0x0800166e   0x0800166e   0x00000000   Code   RO         6571    .text               c_w.l(indicate_semi.o)
    0x0800166e   0x0800166e   0x0000003e   Code   RO         6436    CL$$btod_d2e        c_w.l(btod.o)
    0x080016ac   0x080016ac   0x00000046   Code   RO         6438    CL$$btod_d2e_denorm_low  c_w.l(btod.o)
    0x080016f2   0x080016f2   0x00000060   Code   RO         6437    CL$$btod_d2e_norm_op1  c_w.l(btod.o)
    0x08001752   0x08001752   0x00000338   Code   RO         6446    CL$$btod_div_common  c_w.l(btod.o)
    0x08001a8a   0x08001a8a   0x000000dc   Code   RO         6443    CL$$btod_e2e        c_w.l(btod.o)
    0x08001b66   0x08001b66   0x0000002a   Code   RO         6440    CL$$btod_ediv       c_w.l(btod.o)
    0x08001b90   0x08001b90   0x0000002a   Code   RO         6439    CL$$btod_emul       c_w.l(btod.o)
    0x08001bba   0x08001bba   0x00000244   Code   RO         6445    CL$$btod_mult_common  c_w.l(btod.o)
    0x08001dfe   0x08001dfe   0x0000006e   Code   RO          720    i.ADC_DMAConvCplt   stm32f4xx_hal_adc.o
    0x08001e6c   0x08001e6c   0x00000016   Code   RO          721    i.ADC_DMAError      stm32f4xx_hal_adc.o
    0x08001e82   0x08001e82   0x0000000a   Code   RO          722    i.ADC_DMAHalfConvCplt  stm32f4xx_hal_adc.o
    0x08001e8c   0x08001e8c   0x00000128   Code   RO          723    i.ADC_Init          stm32f4xx_hal_adc.o
    0x08001fb4   0x08001fb4   0x00000058   Code   RO         5960    i.BSP_EEPROM_Read   bsp_eeprom.o
    0x0800200c   0x0800200c   0x00000060   Code   RO         5961    i.BSP_EEPROM_Write  bsp_eeprom.o
    0x0800206c   0x0800206c   0x00000010   Code   RO         6117    i.BSP_EXV_DeEnergize  bsp_exv.o
    0x0800207c   0x0800207c   0x00000058   Code   RO         6119    i.BSP_EXV_Init      bsp_exv.o
    0x080020d4   0x080020d4   0x00000038   Code   RO         6120    i.BSP_EXV_ResetToZero  bsp_exv.o
    0x0800210c   0x0800210c   0x0000003c   Code   RO         6121    i.BSP_EXV_SetPosition  bsp_exv.o
    0x08002148   0x08002148   0x00000068   Code   RO         6122    i.BSP_EXV_Step      bsp_exv.o
    0x080021b0   0x080021b0   0x00000018   Code   RO         6088    i.BSP_I2C1_Lock     bsp_i2c_mutex.o
    0x080021c8   0x080021c8   0x00000018   Code   RO         6089    i.BSP_I2C1_MutexInit  bsp_i2c_mutex.o
    0x080021e0   0x080021e0   0x00000018   Code   RO         6090    i.BSP_I2C1_Unlock   bsp_i2c_mutex.o
    0x080021f8   0x080021f8   0x0000000c   Code   RO         5856    i.BSP_LED0_Toggle   bsp_led.o
    0x08002204   0x08002204   0x00000010   Code   RO         5857    i.BSP_LED1_Toggle   bsp_led.o
    0x08002214   0x08002214   0x0000003c   Code   RO         5962    i.BSP_Log_Add       bsp_eeprom.o
    0x08002250   0x08002250   0x0000000c   Code   RO         5963    i.BSP_Log_Get_Current_Index  bsp_eeprom.o
    0x0800225c   0x0800225c   0x0000002c   Code   RO         5964    i.BSP_Log_Init      bsp_eeprom.o
    0x08002288   0x08002288   0x00000016   Code   RO         5965    i.BSP_Log_Read_By_Index  bsp_eeprom.o
    0x0800229e   0x0800229e   0x00000002   PAD
    0x080022a0   0x080022a0   0x00000010   Code   RO         6017    i.BSP_RS485_Init    bsp_rs485.o
    0x080022b0   0x080022b0   0x0000003c   Code   RO         6018    i.BSP_RS485_SendString  bsp_rs485.o
    0x080022ec   0x080022ec   0x00000032   Code   RO         6048    i.BSP_SHT30_CRC     bsp_sht30.o
    0x0800231e   0x0800231e   0x00000018   Code   RO         6049    i.BSP_SHT30_Init    bsp_sht30.o
    0x08002336   0x08002336   0x00000002   PAD
    0x08002338   0x08002338   0x000000f8   Code   RO         6050    i.BSP_SHT30_Read    bsp_sht30.o
    0x08002430   0x08002430   0x0000003c   Code   RO         6051    i.BSP_SHT30_SoftReset  bsp_sht30.o
    0x0800246c   0x0800246c   0x00000002   Code   RO          569    i.BusFault_Handler  stm32f4xx_it.o
    0x0800246e   0x0800246e   0x00000002   PAD
    0x08002470   0x08002470   0x0000000c   Code   RO          570    i.DMA1_Stream2_IRQHandler  stm32f4xx_it.o
    0x0800247c   0x0800247c   0x0000000c   Code   RO          571    i.DMA1_Stream4_IRQHandler  stm32f4xx_it.o
    0x08002488   0x08002488   0x0000000c   Code   RO          572    i.DMA2_Stream0_IRQHandler  stm32f4xx_it.o
    0x08002494   0x08002494   0x00000028   Code   RO         1457    i.DMA_CalcBaseAndBitshift  stm32f4xx_hal_dma.o
    0x080024bc   0x080024bc   0x00000054   Code   RO         1458    i.DMA_CheckFifoParam  stm32f4xx_hal_dma.o
    0x08002510   0x08002510   0x00000028   Code   RO         1459    i.DMA_SetConfig     stm32f4xx_hal_dma.o
    0x08002538   0x08002538   0x00000002   Code   RO          573    i.DebugMon_Handler  stm32f4xx_it.o
    0x0800253a   0x0800253a   0x00000002   PAD
    0x0800253c   0x0800253c   0x00000024   Code   RO           13    i.Error_Handler     main.o
    0x08002560   0x08002560   0x0000014c   Code   RO          725    i.HAL_ADC_ConfigChannel  stm32f4xx_hal_adc.o
    0x080026ac   0x080026ac   0x00000002   Code   RO          726    i.HAL_ADC_ConvCpltCallback  stm32f4xx_hal_adc.o
    0x080026ae   0x080026ae   0x00000002   Code   RO          727    i.HAL_ADC_ConvHalfCpltCallback  stm32f4xx_hal_adc.o
    0x080026b0   0x080026b0   0x00000002   Code   RO          729    i.HAL_ADC_ErrorCallback  stm32f4xx_hal_adc.o
    0x080026b2   0x080026b2   0x00000054   Code   RO          734    i.HAL_ADC_Init      stm32f4xx_hal_adc.o
    0x08002706   0x08002706   0x00000002   PAD
    0x08002708   0x08002708   0x00000098   Code   RO          378    i.HAL_ADC_MspInit   adc.o
    0x080027a0   0x080027a0   0x00000154   Code   RO          741    i.HAL_ADC_Start_DMA  stm32f4xx_hal_adc.o
    0x080028f4   0x080028f4   0x00000092   Code   RO         1460    i.HAL_DMA_Abort     stm32f4xx_hal_dma.o
    0x08002986   0x08002986   0x00000024   Code   RO         1461    i.HAL_DMA_Abort_IT  stm32f4xx_hal_dma.o
    0x080029aa   0x080029aa   0x00000002   PAD
    0x080029ac   0x080029ac   0x000001a0   Code   RO         1465    i.HAL_DMA_IRQHandler  stm32f4xx_hal_dma.o
    0x08002b4c   0x08002b4c   0x000000d4   Code   RO         1466    i.HAL_DMA_Init      stm32f4xx_hal_dma.o
    0x08002c20   0x08002c20   0x0000006e   Code   RO         1470    i.HAL_DMA_Start_IT  stm32f4xx_hal_dma.o
    0x08002c8e   0x08002c8e   0x00000002   PAD
    0x08002c90   0x08002c90   0x000001f0   Code   RO         1353    i.HAL_GPIO_Init     stm32f4xx_hal_gpio.o
    0x08002e80   0x08002e80   0x0000000a   Code   RO         1355    i.HAL_GPIO_ReadPin  stm32f4xx_hal_gpio.o
    0x08002e8a   0x08002e8a   0x00000010   Code   RO         1356    i.HAL_GPIO_TogglePin  stm32f4xx_hal_gpio.o
    0x08002e9a   0x08002e9a   0x0000000a   Code   RO         1357    i.HAL_GPIO_WritePin  stm32f4xx_hal_gpio.o
    0x08002ea4   0x08002ea4   0x0000000c   Code   RO         1885    i.HAL_GetTick       stm32f4xx_hal.o
    0x08002eb0   0x08002eb0   0x00000188   Code   RO         2141    i.HAL_I2C_Init      stm32f4xx_hal_i2c.o
    0x08003038   0x08003038   0x000001e0   Code   RO         2147    i.HAL_I2C_Master_Receive  stm32f4xx_hal_i2c.o
    0x08003218   0x08003218   0x0000012c   Code   RO         2154    i.HAL_I2C_Master_Transmit  stm32f4xx_hal_i2c.o
    0x08003344   0x08003344   0x000001f8   Code   RO         2159    i.HAL_I2C_Mem_Read  stm32f4xx_hal_i2c.o
    0x0800353c   0x0800353c   0x00000130   Code   RO         2162    i.HAL_I2C_Mem_Write  stm32f4xx_hal_i2c.o
    0x0800366c   0x0800366c   0x0000006c   Code   RO          444    i.HAL_I2C_MspInit   i2c.o
    0x080036d8   0x080036d8   0x00000010   Code   RO         1891    i.HAL_IncTick       stm32f4xx_hal.o
    0x080036e8   0x080036e8   0x00000034   Code   RO         1892    i.HAL_Init          stm32f4xx_hal.o
    0x0800371c   0x0800371c   0x00000074   Code   RO          681    i.HAL_InitTick      stm32f4xx_hal_timebase_tim.o
    0x08003790   0x08003790   0x00000038   Code   RO          657    i.HAL_MspInit       stm32f4xx_hal_msp.o
    0x080037c8   0x080037c8   0x0000001a   Code   RO         1742    i.HAL_NVIC_EnableIRQ  stm32f4xx_hal_cortex.o
    0x080037e2   0x080037e2   0x00000002   PAD
    0x080037e4   0x080037e4   0x00000040   Code   RO         1748    i.HAL_NVIC_SetPriority  stm32f4xx_hal_cortex.o
    0x08003824   0x08003824   0x00000024   Code   RO         1749    i.HAL_NVIC_SetPriorityGrouping  stm32f4xx_hal_cortex.o
    0x08003848   0x08003848   0x0000013c   Code   RO         1104    i.HAL_RCCEx_PeriphCLKConfig  stm32f4xx_hal_rcc_ex.o
    0x08003984   0x08003984   0x00000134   Code   RO          999    i.HAL_RCC_ClockConfig  stm32f4xx_hal_rcc.o
    0x08003ab8   0x08003ab8   0x00000040   Code   RO         1003    i.HAL_RCC_GetClockConfig  stm32f4xx_hal_rcc.o
    0x08003af8   0x08003af8   0x00000020   Code   RO         1006    i.HAL_RCC_GetPCLK1Freq  stm32f4xx_hal_rcc.o
    0x08003b18   0x08003b18   0x00000020   Code   RO         1007    i.HAL_RCC_GetPCLK2Freq  stm32f4xx_hal_rcc.o
    0x08003b38   0x08003b38   0x00000060   Code   RO         1008    i.HAL_RCC_GetSysClockFreq  stm32f4xx_hal_rcc.o
    0x08003b98   0x08003b98   0x0000036c   Code   RO         1011    i.HAL_RCC_OscConfig  stm32f4xx_hal_rcc.o
    0x08003f04   0x08003f04   0x0000000a   Code   RO         2748    i.HAL_RTCEx_BKUPRead  stm32f4xx_hal_rtc_ex.o
    0x08003f0e   0x08003f0e   0x0000000a   Code   RO         2749    i.HAL_RTCEx_BKUPWrite  stm32f4xx_hal_rtc_ex.o
    0x08003f18   0x08003f18   0x00000044   Code   RO         2590    i.HAL_RTC_GetDate   stm32f4xx_hal_rtc.o
    0x08003f5c   0x08003f5c   0x00000058   Code   RO         2592    i.HAL_RTC_GetTime   stm32f4xx_hal_rtc.o
    0x08003fb4   0x08003fb4   0x000000ac   Code   RO         2593    i.HAL_RTC_Init      stm32f4xx_hal_rtc.o
    0x08004060   0x08004060   0x00000038   Code   RO          486    i.HAL_RTC_MspInit   rtc.o
    0x08004098   0x08004098   0x000000c8   Code   RO         2599    i.HAL_RTC_SetDate   stm32f4xx_hal_rtc.o
    0x08004160   0x08004160   0x000000ec   Code   RO         2600    i.HAL_RTC_SetTime   stm32f4xx_hal_rtc.o
    0x0800424c   0x0800424c   0x00000036   Code   RO         2601    i.HAL_RTC_WaitForSynchro  stm32f4xx_hal_rtc.o
    0x08004282   0x08004282   0x00000002   Code   RO         3681    i.HAL_TIMEx_BreakCallback  stm32f4xx_hal_tim_ex.o
    0x08004284   0x08004284   0x00000002   Code   RO         3682    i.HAL_TIMEx_CommutCallback  stm32f4xx_hal_tim_ex.o
    0x08004286   0x08004286   0x0000005a   Code   RO         2977    i.HAL_TIM_Base_Init  stm32f4xx_hal_tim.o
    0x080042e0   0x080042e0   0x00000002   Code   RO         2979    i.HAL_TIM_Base_MspInit  stm32f4xx_hal_tim.o
    0x080042e2   0x080042e2   0x00000002   PAD
    0x080042e4   0x080042e4   0x00000080   Code   RO         2982    i.HAL_TIM_Base_Start_IT  stm32f4xx_hal_tim.o
    0x08004364   0x08004364   0x00000002   Code   RO         3011    i.HAL_TIM_IC_CaptureCallback  stm32f4xx_hal_tim.o
    0x08004366   0x08004366   0x00000166   Code   RO         3025    i.HAL_TIM_IRQHandler  stm32f4xx_hal_tim.o
    0x080044cc   0x080044cc   0x00000002   Code   RO         3028    i.HAL_TIM_OC_DelayElapsedCallback  stm32f4xx_hal_tim.o
    0x080044ce   0x080044ce   0x00000002   Code   RO         3055    i.HAL_TIM_PWM_PulseFinishedCallback  stm32f4xx_hal_tim.o
    0x080044d0   0x080044d0   0x00000014   Code   RO           14    i.HAL_TIM_PeriodElapsedCallback  main.o
    0x080044e4   0x080044e4   0x00000002   Code   RO         3068    i.HAL_TIM_TriggerCallback  stm32f4xx_hal_tim.o
    0x080044e6   0x080044e6   0x00000002   Code   RO         3959    i.HAL_UARTEx_RxEventCallback  stm32f4xx_hal_uart.o
    0x080044e8   0x080044e8   0x00000002   Code   RO         3973    i.HAL_UART_ErrorCallback  stm32f4xx_hal_uart.o
    0x080044ea   0x080044ea   0x00000002   PAD
    0x080044ec   0x080044ec   0x00000268   Code   RO         3976    i.HAL_UART_IRQHandler  stm32f4xx_hal_uart.o
    0x08004754   0x08004754   0x00000062   Code   RO         3977    i.HAL_UART_Init     stm32f4xx_hal_uart.o
    0x080047b6   0x080047b6   0x00000002   PAD
    0x080047b8   0x080047b8   0x000000e4   Code   RO          528    i.HAL_UART_MspInit  usart.o
    0x0800489c   0x0800489c   0x0000002a   Code   RO         3982    i.HAL_UART_Receive_IT  stm32f4xx_hal_uart.o
    0x080048c6   0x080048c6   0x00000002   PAD
    0x080048c8   0x080048c8   0x0000004c   Code   RO         5701    i.HAL_UART_RxCpltCallback  task_rs485_log.o
    0x08004914   0x08004914   0x000000b2   Code   RO         3985    i.HAL_UART_Transmit  stm32f4xx_hal_uart.o
    0x080049c6   0x080049c6   0x00000002   Code   RO         3988    i.HAL_UART_TxCpltCallback  stm32f4xx_hal_uart.o
    0x080049c8   0x080049c8   0x00000058   Code   RO         5892    i.HTC2K_Init        bsp_htc_2k.o
    0x08004a20   0x08004a20   0x00000068   Code   RO         5893    i.HTC2K_ReadKeys    bsp_htc_2k.o
    0x08004a88   0x08004a88   0x000000fc   Code   RO         5894    i.HTC2K_ShowTemp    bsp_htc_2k.o
    0x08004b84   0x08004b84   0x00000002   Code   RO          574    i.HardFault_Handler  stm32f4xx_it.o
    0x08004b86   0x08004b86   0x0000002e   Code   RO         2183    i.I2C_IsAcknowledgeFailed  stm32f4xx_hal_i2c.o
    0x08004bb4   0x08004bb4   0x000000ec   Code   RO         2186    i.I2C_MasterRequestRead  stm32f4xx_hal_i2c.o
    0x08004ca0   0x08004ca0   0x0000009c   Code   RO         2187    i.I2C_MasterRequestWrite  stm32f4xx_hal_i2c.o
    0x08004d3c   0x08004d3c   0x000000fc   Code   RO         2193    i.I2C_RequestMemoryRead  stm32f4xx_hal_i2c.o
    0x08004e38   0x08004e38   0x000000a8   Code   RO         2194    i.I2C_RequestMemoryWrite  stm32f4xx_hal_i2c.o
    0x08004ee0   0x08004ee0   0x0000004c   Code   RO         2198    i.I2C_WaitOnBTFFlagUntilTimeout  stm32f4xx_hal_i2c.o
    0x08004f2c   0x08004f2c   0x00000068   Code   RO         2199    i.I2C_WaitOnFlagUntilTimeout  stm32f4xx_hal_i2c.o
    0x08004f94   0x08004f94   0x00000096   Code   RO         2200    i.I2C_WaitOnMasterAddressFlagUntilTimeout  stm32f4xx_hal_i2c.o
    0x0800502a   0x0800502a   0x00000066   Code   RO         2201    i.I2C_WaitOnRXNEFlagUntilTimeout  stm32f4xx_hal_i2c.o
    0x08005090   0x08005090   0x0000004c   Code   RO         2202    i.I2C_WaitOnTXEFlagUntilTimeout  stm32f4xx_hal_i2c.o
    0x080050dc   0x080050dc   0x0000007c   Code   RO          379    i.MX_ADC1_Init      adc.o
    0x08005158   0x08005158   0x0000005c   Code   RO          419    i.MX_DMA_Init       dma.o
    0x080051b4   0x080051b4   0x000000ac   Code   RO          265    i.MX_FREERTOS_Init  freertos.o
    0x08005260   0x08005260   0x000000c8   Code   RO          237    i.MX_GPIO_Init      gpio.o
    0x08005328   0x08005328   0x00000040   Code   RO          445    i.MX_I2C1_Init      i2c.o
    0x08005368   0x08005368   0x000000a4   Code   RO          487    i.MX_RTC_Init       rtc.o
    0x0800540c   0x0800540c   0x00000038   Code   RO          529    i.MX_UART4_Init     usart.o
    0x08005444   0x08005444   0x00000002   Code   RO          575    i.MemManage_Handler  stm32f4xx_it.o
    0x08005446   0x08005446   0x00000002   Code   RO          576    i.NMI_Handler       stm32f4xx_it.o
    0x08005448   0x08005448   0x00000012   Code   RO         2602    i.RTC_Bcd2ToByte    stm32f4xx_hal_rtc.o
    0x0800545a   0x0800545a   0x00000016   Code   RO         2603    i.RTC_ByteToBcd2    stm32f4xx_hal_rtc.o
    0x08005470   0x08005470   0x0000003a   Code   RO         2604    i.RTC_EnterInitMode  stm32f4xx_hal_rtc.o
    0x080054aa   0x080054aa   0x0000000c   Code   RO          266    i.StartTask03       freertos.o
    0x080054b6   0x080054b6   0x0000000c   Code   RO          267    i.StartTask_ADC     freertos.o
    0x080054c2   0x080054c2   0x0000000c   Code   RO          268    i.StartTask_EXV     freertos.o
    0x080054ce   0x080054ce   0x0000000c   Code   RO          269    i.StartTask_LED     freertos.o
    0x080054da   0x080054da   0x0000000c   Code   RO          270    i.StartTask_RS485   freertos.o
    0x080054e6   0x080054e6   0x0000000c   Code   RO          271    i.StartTask_SHT30   freertos.o
    0x080054f2   0x080054f2   0x00000002   PAD
    0x080054f4   0x080054f4   0x00000008   Code   RO         6176    i.SysState_GetRawPtr  sys_state.o
    0x080054fc   0x080054fc   0x00000040   Code   RO         6177    i.SysState_GetSensor  sys_state.o
    0x0800553c   0x0800553c   0x0000003c   Code   RO         6178    i.SysState_Init     sys_state.o
    0x08005578   0x08005578   0x00000018   Code   RO         6179    i.SysState_Lock     sys_state.o
    0x08005590   0x08005590   0x00000018   Code   RO         6180    i.SysState_Unlock   sys_state.o
    0x080055a8   0x080055a8   0x0000002c   Code   RO         5561    i.SysTick_Handler   port.o
    0x080055d4   0x080055d4   0x00000094   Code   RO           15    i.SystemClock_Config  main.o
    0x08005668   0x08005668   0x00000010   Code   RO         4306    i.SystemInit        system_stm32f4xx.o
    0x08005678   0x08005678   0x00000094   Code   RO         5702    i.System_Record_Fault  task_rs485_log.o
    0x0800570c   0x0800570c   0x0000000c   Code   RO          577    i.TIM6_DAC_IRQHandler  stm32f4xx_it.o
    0x08005718   0x08005718   0x000000c8   Code   RO         3070    i.TIM_Base_SetConfig  stm32f4xx_hal_tim.o
    0x080057e0   0x080057e0   0x00000038   Code   RO         5895    i.TM1637_Ask        bsp_htc_2k.o
    0x08005818   0x08005818   0x0000002c   Code   RO         5896    i.TM1637_DelayUs    bsp_htc_2k.o
    0x08005844   0x08005844   0x00000040   Code   RO         5897    i.TM1637_Start      bsp_htc_2k.o
    0x08005884   0x08005884   0x00000048   Code   RO         5898    i.TM1637_Stop       bsp_htc_2k.o
    0x080058cc   0x080058cc   0x0000004c   Code   RO         5899    i.TM1637_Write_Byte  bsp_htc_2k.o
    0x08005918   0x08005918   0x00000070   Code   RO         5756    i.Task_ADC_Process  task_adc.o
    0x08005988   0x08005988   0x0000005e   Code   RO         5829    i.Task_EXV_Process  task_exv.o
    0x080059e6   0x080059e6   0x0000002c   Code   RO         5674    i.Task_LED_Process  task_led.o
    0x08005a12   0x08005a12   0x00000002   PAD
    0x08005a14   0x08005a14   0x0000011c   Code   RO         5640    i.Task_Panel_Process  task_panel.o
    0x08005b30   0x08005b30   0x00000384   Code   RO         5703    i.Task_RS485Log_Process  task_rs485_log.o
    0x08005eb4   0x08005eb4   0x00000052   Code   RO         5805    i.Task_SHT30_Process  task_sht30.o
    0x08005f06   0x08005f06   0x00000002   PAD
    0x08005f08   0x08005f08   0x0000000c   Code   RO          578    i.UART4_IRQHandler  stm32f4xx_it.o
    0x08005f14   0x08005f14   0x00000010   Code   RO         3990    i.UART_DMAAbortOnError  stm32f4xx_hal_uart.o
    0x08005f24   0x08005f24   0x0000004e   Code   RO         4000    i.UART_EndRxTransfer  stm32f4xx_hal_uart.o
    0x08005f72   0x08005f72   0x000000c0   Code   RO         4002    i.UART_Receive_IT   stm32f4xx_hal_uart.o
    0x08006032   0x08006032   0x00000002   PAD
    0x08006034   0x08006034   0x0000010c   Code   RO         4003    i.UART_SetConfig    stm32f4xx_hal_uart.o
    0x08006140   0x08006140   0x00000036   Code   RO         4005    i.UART_Start_Receive_IT  stm32f4xx_hal_uart.o
    0x08006176   0x08006176   0x00000078   Code   RO         4006    i.UART_WaitOnFlagUntilTimeout  stm32f4xx_hal_uart.o
    0x080061ee   0x080061ee   0x00000002   Code   RO          579    i.UsageFault_Handler  stm32f4xx_it.o
    0x080061f0   0x080061f0   0x00000030   Code   RO         6465    i.__ARM_fpclassify  m_wm.l(fpclassify.o)
    0x08006220   0x08006220   0x00000020   Code   RO         1755    i.__NVIC_SetPriority  stm32f4xx_hal_cortex.o
    0x08006240   0x08006240   0x000003c4   Code   RO         6322    i.__hardfp_log      m_wm.l(log.o)
    0x08006604   0x08006604   0x000000f8   Code   RO         6393    i.__kernel_poly     m_wm.l(poly.o)
    0x080066fc   0x080066fc   0x00000004   PAD
    0x08006700   0x08006700   0x00000030   Code   RO         6379    i.__mathlib_dbl_divzero  m_wm.l(dunder.o)
    0x08006730   0x08006730   0x00000014   Code   RO         6380    i.__mathlib_dbl_infnan  m_wm.l(dunder.o)
    0x08006744   0x08006744   0x00000004   PAD
    0x08006748   0x08006748   0x00000020   Code   RO         6382    i.__mathlib_dbl_invalid  m_wm.l(dunder.o)
    0x08006768   0x08006768   0x0000000e   Code   RO         6270    i._is_digit         c_w.l(__printf_wp.o)
    0x08006776   0x08006776   0x00000002   PAD
    0x08006778   0x08006778   0x000000dc   Code   RO         5757    i.adc_to_temperature_10k  task_adc.o
    0x08006854   0x08006854   0x000000dc   Code   RO         5758    i.adc_to_temperature_50k  task_adc.o
    0x08006930   0x08006930   0x0000006c   Code   RO         6123    i.exv_set_phase     bsp_exv.o
    0x0800699c   0x0800699c   0x0000000c   Code   RO         5124    i.inHandlerMode     cmsis_os.o
    0x080069a8   0x080069a8   0x0000002a   Code   RO           16    i.main              main.o
    0x080069d2   0x080069d2   0x0000000c   Code   RO         5126    i.makeFreeRtosPriority  cmsis_os.o
    0x080069de   0x080069de   0x0000000e   Code   RO         5128    i.osDelay           cmsis_os.o
    0x080069ec   0x080069ec   0x0000000a   Code   RO         5131    i.osKernelStart     cmsis_os.o
    0x080069f6   0x080069f6   0x00000010   Code   RO         5146    i.osMutexCreate     cmsis_os.o
    0x08006a06   0x08006a06   0x00000002   PAD
    0x08006a08   0x08006a08   0x00000050   Code   RO         5148    i.osMutexRelease    cmsis_os.o
    0x08006a58   0x08006a58   0x00000064   Code   RO         5149    i.osMutexWait       cmsis_os.o
    0x08006abc   0x08006abc   0x00000054   Code   RO         5165    i.osThreadCreate    cmsis_os.o
    0x08006b10   0x08006b10   0x00000070   Code   RO         4808    i.prvAddCurrentTaskToDelayedList  tasks.o
    0x08006b80   0x08006b80   0x000000d0   Code   RO         4809    i.prvAddNewTaskToReadyList  tasks.o
    0x08006c50   0x08006c50   0x00000026   Code   RO         4484    i.prvCopyDataFromQueue  queue.o
    0x08006c76   0x08006c76   0x0000006c   Code   RO         4485    i.prvCopyDataToQueue  queue.o
    0x08006ce2   0x08006ce2   0x00000034   Code   RO         4810    i.prvDeleteTCB      tasks.o
    0x08006d16   0x08006d16   0x00000002   PAD
    0x08006d18   0x08006d18   0x0000004c   Code   RO         5493    i.prvHeapInit       heap_4.o
    0x08006d64   0x08006d64   0x00000060   Code   RO         4811    i.prvIdleTask       tasks.o
    0x08006dc4   0x08006dc4   0x00000016   Code   RO         4486    i.prvInitialiseMutex  queue.o
    0x08006dda   0x08006dda   0x00000016   Code   RO         4487    i.prvInitialiseNewQueue  queue.o
    0x08006df0   0x08006df0   0x00000098   Code   RO         4812    i.prvInitialiseNewTask  tasks.o
    0x08006e88   0x08006e88   0x0000004c   Code   RO         5494    i.prvInsertBlockIntoFreeList  heap_4.o
    0x08006ed4   0x08006ed4   0x0000001c   Code   RO         4488    i.prvIsQueueEmpty   queue.o
    0x08006ef0   0x08006ef0   0x00000020   Code   RO         4813    i.prvResetNextTaskUnblockTime  tasks.o
    0x08006f10   0x08006f10   0x00000028   Code   RO         5562    i.prvTaskExitError  port.o
    0x08006f38   0x08006f38   0x0000006a   Code   RO         4489    i.prvUnlockQueue    queue.o
    0x08006fa2   0x08006fa2   0x00000002   PAD
    0x08006fa4   0x08006fa4   0x000000dc   Code   RO         5495    i.pvPortMalloc      heap_4.o
    0x08007080   0x08007080   0x00000018   Code   RO         4815    i.pvTaskIncrementMutexHeldCount  tasks.o
    0x08007098   0x08007098   0x0000002c   Code   RO         5563    i.pxPortInitialiseStack  port.o
    0x080070c4   0x080070c4   0x00000026   Code   RO         4444    i.uxListRemove      list.o
    0x080070ea   0x080070ea   0x00000002   PAD
    0x080070ec   0x080070ec   0x00000014   Code   RO          272    i.vApplicationGetIdleTaskMemory  freertos.o
    0x08007100   0x08007100   0x00000016   Code   RO         4445    i.vListInitialise   list.o
    0x08007116   0x08007116   0x00000006   Code   RO         4446    i.vListInitialiseItem  list.o
    0x0800711c   0x0800711c   0x00000030   Code   RO         4447    i.vListInsert       list.o
    0x0800714c   0x0800714c   0x00000018   Code   RO         4448    i.vListInsertEnd    list.o
    0x08007164   0x08007164   0x00000040   Code   RO         5565    i.vPortEnterCritical  port.o
    0x080071a4   0x080071a4   0x00000028   Code   RO         5566    i.vPortExitCritical  port.o
    0x080071cc   0x080071cc   0x00000064   Code   RO         5496    i.vPortFree         heap_4.o
    0x08007230   0x08007230   0x00000024   Code   RO         5567    i.vPortSetupTimerInterrupt  port.o
    0x08007254   0x08007254   0x00000054   Code   RO         5568    i.vPortValidateInterruptPriority  port.o
    0x080072a8   0x080072a8   0x0000004c   Code   RO         4822    i.vTaskDelay        tasks.o
    0x080072f4   0x080072f4   0x00000010   Code   RO         4825    i.vTaskInternalSetTimeOutState  tasks.o
    0x08007304   0x08007304   0x0000000c   Code   RO         4826    i.vTaskMissedYield  tasks.o
    0x08007310   0x08007310   0x00000030   Code   RO         4828    i.vTaskPlaceOnEventList  tasks.o
    0x08007340   0x08007340   0x000000a0   Code   RO         4830    i.vTaskPriorityDisinheritAfterTimeout  tasks.o
    0x080073e0   0x080073e0   0x0000006c   Code   RO         4835    i.vTaskStartScheduler  tasks.o
    0x0800744c   0x0800744c   0x00000010   Code   RO         4837    i.vTaskSuspendAll   tasks.o
    0x0800745c   0x0800745c   0x0000005c   Code   RO         4838    i.vTaskSwitchContext  tasks.o
    0x080074b8   0x080074b8   0x0000001c   Code   RO         4354    i.xEventGroupCreate  event_groups.o
    0x080074d4   0x080074d4   0x000000f4   Code   RO         5569    i.xPortStartScheduler  port.o
    0x080075c8   0x080075c8   0x00000016   Code   RO         4496    i.xQueueCreateMutex  queue.o
    0x080075de   0x080075de   0x0000001a   Code   RO         4497    i.xQueueCreateMutexStatic  queue.o
    0x080075f8   0x080075f8   0x00000042   Code   RO         4498    i.xQueueGenericCreate  queue.o
    0x0800763a   0x0800763a   0x00000066   Code   RO         4499    i.xQueueGenericCreateStatic  queue.o
    0x080076a0   0x080076a0   0x00000088   Code   RO         4500    i.xQueueGenericReset  queue.o
    0x08007728   0x08007728   0x00000160   Code   RO         4501    i.xQueueGenericSend  queue.o
    0x08007888   0x08007888   0x0000009c   Code   RO         4503    i.xQueueGiveFromISR  queue.o
    0x08007924   0x08007924   0x0000009a   Code   RO         4509    i.xQueueReceiveFromISR  queue.o
    0x080079be   0x080079be   0x00000002   PAD
    0x080079c0   0x080079c0   0x00000178   Code   RO         4510    i.xQueueSemaphoreTake  queue.o
    0x08007b38   0x08007b38   0x00000074   Code   RO         4840    i.xTaskCheckForTimeOut  tasks.o
    0x08007bac   0x08007bac   0x0000005a   Code   RO         4841    i.xTaskCreate       tasks.o
    0x08007c06   0x08007c06   0x00000056   Code   RO         4842    i.xTaskCreateStatic  tasks.o
    0x08007c5c   0x08007c5c   0x0000001c   Code   RO         4846    i.xTaskGetSchedulerState  tasks.o
    0x08007c78   0x08007c78   0x000000cc   Code   RO         4849    i.xTaskIncrementTick  tasks.o
    0x08007d44   0x08007d44   0x00000098   Code   RO         4852    i.xTaskPriorityDisinherit  tasks.o
    0x08007ddc   0x08007ddc   0x0000008c   Code   RO         4853    i.xTaskPriorityInherit  tasks.o
    0x08007e68   0x08007e68   0x00000074   Code   RO         4854    i.xTaskRemoveFromEventList  tasks.o
    0x08007edc   0x08007edc   0x000000c4   Code   RO         4855    i.xTaskResumeAll    tasks.o
    0x08007fa0   0x08007fa0   0x0000002c   Code   RO         6459    locale$$code        c_w.l(lc_numeric_c.o)
    0x08007fcc   0x08007fcc   0x0000002c   Code   RO         6538    locale$$code        c_w.l(lc_ctype_c.o)
    0x08007ff8   0x08007ff8   0x00000018   Code   RO         6358    x$fpl$basic         fz_wm.l(basic.o)
    0x08008010   0x08008010   0x00000062   Code   RO         6306    x$fpl$d2f           fz_wm.l(d2f.o)
    0x08008072   0x08008072   0x00000002   PAD
    0x08008074   0x08008074   0x00000150   Code   RO         6308    x$fpl$dadd          fz_wm.l(daddsub_clz.o)
    0x080081c4   0x080081c4   0x00000018   Code   RO         6461    x$fpl$dcmpinf       fz_wm.l(dcmpi.o)
    0x080081dc   0x080081dc   0x000002b0   Code   RO         6315    x$fpl$ddiv          fz_wm.l(ddiv.o)
    0x0800848c   0x0800848c   0x00000078   Code   RO         6360    x$fpl$deqf          fz_wm.l(deqf.o)
    0x08008504   0x08008504   0x0000002e   Code   RO         6363    x$fpl$dflt          fz_wm.l(dflt_clz.o)
    0x08008532   0x08008532   0x00000002   PAD
    0x08008534   0x08008534   0x00000154   Code   RO         6368    x$fpl$dmul          fz_wm.l(dmul.o)
    0x08008688   0x08008688   0x0000009c   Code   RO         6370    x$fpl$dnaninf       fz_wm.l(dnaninf.o)
    0x08008724   0x08008724   0x0000000c   Code   RO         6372    x$fpl$dretinf       fz_wm.l(dretinf.o)
    0x08008730   0x08008730   0x00000016   Code   RO         6309    x$fpl$drsb          fz_wm.l(daddsub_clz.o)
    0x08008746   0x08008746   0x00000002   PAD
    0x08008748   0x08008748   0x000001d4   Code   RO         6310    x$fpl$dsub          fz_wm.l(daddsub_clz.o)
    0x0800891c   0x0800891c   0x00000056   Code   RO         6318    x$fpl$f2d           fz_wm.l(f2d.o)
    0x08008972   0x08008972   0x0000008c   Code   RO         6374    x$fpl$fnaninf       fz_wm.l(fnaninf.o)
    0x080089fe   0x080089fe   0x0000000a   Code   RO         6546    x$fpl$fpinit        fz_wm.l(fpinit.o)
    0x08008a08   0x08008a08   0x0000000a   Code   RO         6376    x$fpl$fretinf       fz_wm.l(fretinf.o)
    0x08008a12   0x08008a12   0x00000004   Code   RO         6320    x$fpl$printf1       fz_wm.l(printf1.o)
    0x08008a16   0x08008a16   0x00000000   Code   RO         6378    x$fpl$usenofp       fz_wm.l(usenofp.o)
    0x08008a16   0x08008a16   0x00000002   PAD
    0x08008a18   0x08008a18   0x000000a8   Data   RO          274    .constdata          freertos.o
    0x08008ac0   0x08008ac0   0x00000008   Data   RO         1472    .constdata          stm32f4xx_hal_dma.o
    0x08008ac8   0x08008ac8   0x00000010   Data   RO         4307    .constdata          system_stm32f4xx.o
    0x08008ad8   0x08008ad8   0x00000008   Data   RO         4308    .constdata          system_stm32f4xx.o
    0x08008ae0   0x08008ae0   0x00000019   Data   RO         5900    .constdata          bsp_htc_2k.o
    0x08008af9   0x08008af9   0x00000010   Data   RO         6124    .constdata          bsp_exv.o
    0x08008b09   0x08008b09   0x00000028   Data   RO         6243    .constdata          c_w.l(_printf_hex_int.o)
    0x08008b31   0x08008b31   0x00000011   Data   RO         6273    .constdata          c_w.l(__printf_flags_wp.o)
    0x08008b42   0x08008b42   0x00000006   PAD
    0x08008b48   0x08008b48   0x00000038   Data   RO         6325    .constdata          m_wm.l(log.o)
    0x08008b80   0x08008b80   0x00000008   Data   RO         6395    .constdata          m_wm.l(qnan.o)
    0x08008b88   0x08008b88   0x00000094   Data   RO         6434    .constdata          c_w.l(bigflt0.o)
    0x08008c1c   0x08008c1c   0x00000046   Data   RO          275    .conststring        freertos.o
    0x08008c62   0x08008c62   0x00000002   PAD
    0x08008c64   0x08008c64   0x00000050   Data   RO         5705    .conststring        task_rs485_log.o
    0x08008cb4   0x08008cb4   0x00000020   Data   RO         6617    Region$$Table       anon$$obj.o
    0x08008cd4   0x08008cd4   0x0000001c   Data   RO         6458    locale$$data        c_w.l(lc_numeric_c.o)
    0x08008cf0   0x08008cf0   0x00000110   Data   RO         6537    locale$$data        c_w.l(lc_ctype_c.o)


    Execution Region RW_IRAM2 (Exec base: 0x10000000, Load base: 0x08008ec4, Size: 0x00000000, Max: 0x00010000, ABSOLUTE)

    **** No section assigned to this execution region ****


    Execution Region RW_IRAM1 (Exec base: 0x20000000, Load base: 0x08008e00, Size: 0x000049d0, Max: 0x00020000, ABSOLUTE)

    Exec Addr    Load Addr    Size         Type   Attr      Idx    E Section Name        Object

    0x20000000   0x08008e00   0x0000001c   Data   RW          276    .data               freertos.o
    0x2000001c   0x08008e1c   0x0000000c   Data   RW         1899    .data               stm32f4xx_hal.o
    0x20000028   0x08008e28   0x00000004   Data   RW         4309    .data               system_stm32f4xx.o
    0x2000002c   0x08008e2c   0x0000003c   Data   RW         4858    .data               tasks.o
    0x20000068   0x08008e68   0x00000020   Data   RW         5502    .data               heap_4.o
    0x20000088   0x08008e88   0x0000000c   Data   RW         5570    .data               port.o
    0x20000094   0x08008e94   0x0000000c   Data   RW         5641    .data               task_panel.o
    0x200000a0   0x08008ea0   0x00000004   Data   RW         5706    .data               task_rs485_log.o
    0x200000a4   0x08008ea4   0x00000004   Data   RW         5759    .data               task_adc.o
    0x200000a8   0x08008ea8   0x00000001   Data   RW         5901    .data               bsp_htc_2k.o
    0x200000a9   0x08008ea9   0x00000001   Data   RW         5966    .data               bsp_eeprom.o
    0x200000aa   0x08008eaa   0x00000002   PAD
    0x200000ac   0x08008eac   0x00000004   Data   RW         6091    .data               bsp_i2c_mutex.o
    0x200000b0   0x08008eb0   0x00000004   Data   RW         6125    .data               bsp_exv.o
    0x200000b4   0x08008eb4   0x00000010   Data   RW         6183    .data               sys_state.o
    0x200000c4        -       0x00000254   Zero   RW          273    .bss                freertos.o
    0x20000318        -       0x000000a8   Zero   RW          380    .bss                adc.o
    0x200003c0        -       0x00000054   Zero   RW          446    .bss                i2c.o
    0x20000414        -       0x00000020   Zero   RW          488    .bss                rtc.o
    0x20000434        -       0x00000104   Zero   RW          530    .bss                usart.o
    0x20000538        -       0x00000048   Zero   RW          684    .bss                stm32f4xx_hal_timebase_tim.o
    0x20000580        -       0x000000f0   Zero   RW         4857    .bss                tasks.o
    0x20000670        -       0x00003c00   Zero   RW         5501    .bss                heap_4.o
    0x20004270        -       0x00000080   Zero   RW         5704    .bss                task_rs485_log.o
    0x200042f0        -       0x0000007c   Zero   RW         6182    .bss                sys_state.o
    0x2000436c        -       0x00000060   Zero   RW         6468    .bss                c_w.l(libspace.o)
    0x200043cc   0x08008ec4   0x00000004   PAD
    0x200043d0        -       0x00000200   Zero   RW            2    HEAP                startup_stm32f407xx.o
    0x200045d0        -       0x00000400   Zero   RW            1    STACK               startup_stm32f407xx.o


==============================================================================

Image component sizes


      Code (inc. data)   RO Data    RW Data    ZI Data      Debug   Object Name

       276         32          0          0        168       1991   adc.o
       322         24          0          1          0       5046   bsp_eeprom.o
       432         42         16          4          0       4579   bsp_exv.o
       756         68         25          1          0       6906   bsp_htc_2k.o
        72         14          0          4          0       1803   bsp_i2c_mutex.o
        28         10          0          0          0        980   bsp_led.o
        76         12          0          0          0       1116   bsp_rs485.o
       382         44          0          0          0       3396   bsp_sht30.o
       328         10          0          0          0      31872   cmsis_os.o
        92          4          0          0          0        922   dma.o
        28          0          0          0          0      22916   event_groups.o
       264         14        238         28        596       9521   freertos.o
       200         14          0          0          0       1139   gpio.o
       472         24          0         32      15360       7739   heap_4.o
       172         28          0          0         84       1865   i2c.o
       138          0          0          0          0       3822   list.o
       246         24          0          0          0     773264   main.o
       786         82          0         12          0      12409   port.o
      1714         14          0          0          0      20798   queue.o
       220         18          0          0         32       1851   rtc.o
        64         26        392          0       1536        892   startup_stm32f407xx.o
        80         14          0         12          0       8362   stm32f4xx_hal.o
      1200         66          0          0          0       7961   stm32f4xx_hal_adc.o
       158         14          0          0          0      33386   stm32f4xx_hal_cortex.o
      1084         16          8          0          0       7770   stm32f4xx_hal_dma.o
       532         46          0          0          0       3736   stm32f4xx_hal_gpio.o
      3346         86          0          0          0      18349   stm32f4xx_hal_i2c.o
        56          4          0          0          0        962   stm32f4xx_hal_msp.o
      1408         82          0          0          0       6225   stm32f4xx_hal_rcc.o
       316         20          0          0          0       1480   stm32f4xx_hal_rcc_ex.o
       916         30          0          0          0       7980   stm32f4xx_hal_rtc.o
        20          0          0          0          0       1855   stm32f4xx_hal_rtc_ex.o
       786         72          0          0          0       7824   stm32f4xx_hal_tim.o
         4          0          0          0          0       1741   stm32f4xx_hal_tim_ex.o
       116         16          0          0         72       1563   stm32f4xx_hal_timebase_tim.o
      1668         16          0          0          0      12016   stm32f4xx_hal_uart.o
        72         30          0          0          0       5672   stm32f4xx_it.o
         0          0          0          0          0        388   stream_buffer.o
       180         30          0         16        124       6096   sys_state.o
        16          4         24          4          0       1271   system_stm32f4xx.o
       552         88          0          4          0       3584   task_adc.o
        94          0          0          0          0       1287   task_exv.o
        44          0          0          0          0        615   task_led.o
       284         18          0         12          0       2885   task_panel.o
      1124        400         80          4        128       4073   task_rs485_log.o
        82          0          0          0          0        637   task_sht30.o
      2332        174          0         60        240      28987   tasks.o
       284         28          0          0        260       2080   usart.o

    ----------------------------------------------------------------------
     23866       1758        817        196      18600    1093612   Object Totals
         0          0         32          0          0          0   (incl. Generated)
        44          0          2          2          0          0   (incl. Padding)

    ----------------------------------------------------------------------

      Code (inc. data)   RO Data    RW Data    ZI Data      Debug   Library Member Name

        60          8          0          0          0         84   __0sscanf.o
         8          0          0          0          0         68   __main.o
       312          4         17          0          0         92   __printf_flags_wp.o
        14          0          0          0          0         68   __printf_wp.o
         0          0          0          0          0          0   __rtentry.o
        12          0          0          0          0          0   __rtentry2.o
         6          0          0          0          0          0   __rtentry4.o
        52          8          0          0          0          0   __scatter.o
        26          0          0          0          0          0   __scatter_copy.o
        28          0          0          0          0          0   __scatter_zi.o
        28          0          0          0          0         68   _chval.o
        48          6          0          0          0         96   _printf_char_common.o
         6          0          0          0          0          0   _printf_d.o
       120         16          0          0          0         92   _printf_dec.o
         6          0          0          0          0          0   _printf_f.o
      1054          0          0          0          0        216   _printf_fp_dec.o
       128         16          0          0          0         84   _printf_fp_infnan.o
        88          4         40          0          0         88   _printf_hex_int.o
       178          0          0          0          0         88   _printf_intcommon.o
        78          0          0          0          0        108   _printf_pad.o
         0          0          0          0          0          0   _printf_percent.o
         4          0          0          0          0          0   _printf_percent_end.o
         6          0          0          0          0          0   _printf_x.o
        22          0          0          0          0        100   _rserrno.o
       884          4          0          0          0        100   _scanf.o
       332          0          0          0          0         96   _scanf_int.o
        64          0          0          0          0         84   _sgetc.o
        10          0          0          0          0         68   _sputc.o
       228          4        148          0          0         96   bigflt0.o
      1936        128          0          0          0        672   btod.o
        18          0          0          0          0         80   exit.o
         6          0          0          0          0        152   heapauxi.o
         0          0          0          0          0          0   indicate_semi.o
        18          0          0          0          0         76   isspace.o
        44         10        272          0          0         76   lc_ctype_c.o
        44         10         28          0          0         76   lc_numeric_c.o
         2          0          0          0          0          0   libinit.o
        34          0          0          0          0          0   libinit2.o
         2          0          0          0          0          0   libshutdown.o
         2          0          0          0          0          0   libshutdown2.o
         8          4          0          0         96         68   libspace.o
       138          0          0          0          0         80   lludiv10.o
       238          0          0          0          0        100   lludivv7m.o
        40          6          0          0          0         84   noretval__2sprintf.o
        16          4          0          0          0         76   rt_ctype_table.o
         8          4          0          0          0         68   rt_errno_addr_intlibspace.o
         8          4          0          0          0         68   rt_locale_intlibspace.o
        68          0          0          0          0         68   rt_memclr.o
        78          0          0          0          0         80   rt_memclr_w.o
       138          0          0          0          0         68   rt_memcpy_v6.o
       100          0          0          0          0         80   rt_memcpy_w.o
         2          0          0          0          0          0   rtexit.o
        10          0          0          0          0          0   rtexit2.o
        44          8          0          0          0         84   scanf_char.o
       128          0          0          0          0         68   strcmpv7m.o
        62          0          0          0          0         76   strlen.o
        36          0          0          0          0         80   strstr.o
        12          4          0          0          0         68   sys_exit.o
        74          0          0          0          0         80   sys_stackheap_outer.o
         2          0          0          0          0         68   use_no_semi.o
        24          0          0          0          0        164   basic.o
        98          4          0          0          0        140   d2f.o
       826         16          0          0          0        492   daddsub_clz.o
        24          0          0          0          0        116   dcmpi.o
       688        140          0          0          0        256   ddiv.o
       120          4          0          0          0        140   deqf.o
        46          0          0          0          0        116   dflt_clz.o
       340         12          0          0          0        152   dmul.o
       156          4          0          0          0        140   dnaninf.o
        12          0          0          0          0        116   dretinf.o
        86          4          0          0          0        132   f2d.o
       140          4          0          0          0        132   fnaninf.o
        10          0          0          0          0        116   fpinit.o
        10          0          0          0          0        116   fretinf.o
         4          0          0          0          0        116   printf1.o
         0          0          0          0          0          0   usenofp.o
       100         28          0          0          0        372   dunder.o
        48          0          0          0          0        124   fpclassify.o
       964         92         56          0          0        316   log.o
       248          0          0          0          0        152   poly.o
         0          0          8          0          0          0   qnan.o

    ----------------------------------------------------------------------
     11094        560        575          0        100       7600   Library Totals
        32          0          6          0          4          0   (incl. Padding)

    ----------------------------------------------------------------------

      Code (inc. data)   RO Data    RW Data    ZI Data      Debug   Library Name

      7118        252        505          0         96       4192   c_w.l
      2584        188          0          0          0       2444   fz_wm.l
      1360        120         64          0          0        964   m_wm.l

    ----------------------------------------------------------------------
     11094        560        575          0        100       7600   Library Totals

    ----------------------------------------------------------------------

==============================================================================


      Code (inc. data)   RO Data    RW Data    ZI Data      Debug   

     34960       2318       1392        196      18700    1073920   Grand Totals
     34960       2318       1392        196      18700    1073920   ELF Image Totals
     34960       2318       1392        196          0          0   ROM Totals

==============================================================================

    Total RO  Size (Code + RO Data)                36352 (  35.50kB)
    Total RW  Size (RW Data + ZI Data)             18896 (  18.45kB)
    Total ROM Size (Code + RO Data + RW Data)      36548 (  35.69kB)

==============================================================================

